Archive member included because of file (symbol)

/home/r0oland/workspace/IVAT/Eclipse_IDE/Arduino_Libs/Debug/libArduino.a(Print.o)
                              ./LiquidCrystal.o (Print::write(char const*))
/home/r0oland/workspace/IVAT/Eclipse_IDE/Arduino_Libs/Debug/libArduino.a(WString.o)
                              /home/r0oland/workspace/IVAT/Eclipse_IDE/Arduino_Libs/Debug/libArduino.a(Print.o) (String::operator[](unsigned int) const)
/home/r0oland/workspace/IVAT/Eclipse_IDE/Arduino_Libs/Debug/libArduino.a(missing.o)
                              /home/r0oland/workspace/IVAT/Eclipse_IDE/Arduino_Libs/Debug/libArduino.a(Print.o) (__cxa_pure_virtual)
/home/r0oland/workspace/IVAT/Eclipse_IDE/Arduino_Libs/Debug/libArduino.a(wiring.o)
                              ./LiquidCrystal.o (delayMicroseconds)
/home/r0oland/workspace/IVAT/Eclipse_IDE/Arduino_Libs/Debug/libArduino.a(wiring_digital.o)
                              ./LiquidCrystal.o (pinMode)
/home/r0oland/workspace/IVAT/Eclipse_IDE/Arduino_Libs/Debug/libArduino.a(pins_arduino.o)
                              /home/r0oland/workspace/IVAT/Eclipse_IDE/Arduino_Libs/Debug/libArduino.a(wiring_digital.o) (port_to_mode_PGM)
/usr/lib/gcc/avr/4.3.5/avr5/libgcc.a(_udivmodsi4.o)
                              /home/r0oland/workspace/IVAT/Eclipse_IDE/Arduino_Libs/Debug/libArduino.a(Print.o) (__udivmodsi4)
/usr/lib/gcc/avr/4.3.5/avr5/libgcc.a(_exit.o)
                              /usr/lib/gcc/avr/4.3.5/../../../avr/lib/avr5/crtm328p.o (exit)
/usr/lib/gcc/avr/4.3.5/avr5/libgcc.a(_copy_data.o)
                              ./LiquidCrystal.o (__do_copy_data)
/usr/lib/gcc/avr/4.3.5/avr5/libgcc.a(_clear_bss.o)
                              ./main.o (__do_clear_bss)
/usr/lib/gcc/avr/4.3.5/avr5/libgcc.a(_ctors.o)
                              ./main.o (__do_global_ctors)
/usr/lib/gcc/avr/4.3.5/avr5/libgcc.a(_fixunssfsi.o)
                              /home/r0oland/workspace/IVAT/Eclipse_IDE/Arduino_Libs/Debug/libArduino.a(Print.o) (__fixunssfsi)
/usr/lib/gcc/avr/4.3.5/avr5/libgcc.a(_addsub_sf.o)
                              /home/r0oland/workspace/IVAT/Eclipse_IDE/Arduino_Libs/Debug/libArduino.a(Print.o) (__subsf3)
/usr/lib/gcc/avr/4.3.5/avr5/libgcc.a(_mul_sf.o)
                              /home/r0oland/workspace/IVAT/Eclipse_IDE/Arduino_Libs/Debug/libArduino.a(Print.o) (__mulsf3)
/usr/lib/gcc/avr/4.3.5/avr5/libgcc.a(_div_sf.o)
                              /home/r0oland/workspace/IVAT/Eclipse_IDE/Arduino_Libs/Debug/libArduino.a(Print.o) (__divsf3)
/usr/lib/gcc/avr/4.3.5/avr5/libgcc.a(_ge_sf.o)
                              /usr/lib/gcc/avr/4.3.5/avr5/libgcc.a(_fixunssfsi.o) (__gesf2)
/usr/lib/gcc/avr/4.3.5/avr5/libgcc.a(_lt_sf.o)
                              /home/r0oland/workspace/IVAT/Eclipse_IDE/Arduino_Libs/Debug/libArduino.a(Print.o) (__ltsf2)
/usr/lib/gcc/avr/4.3.5/avr5/libgcc.a(_si_to_sf.o)
                              /home/r0oland/workspace/IVAT/Eclipse_IDE/Arduino_Libs/Debug/libArduino.a(Print.o) (__floatsisf)
/usr/lib/gcc/avr/4.3.5/avr5/libgcc.a(_sf_to_si.o)
                              /home/r0oland/workspace/IVAT/Eclipse_IDE/Arduino_Libs/Debug/libArduino.a(Print.o) (__fixsfsi)
/usr/lib/gcc/avr/4.3.5/avr5/libgcc.a(_thenan_sf.o)
                              /usr/lib/gcc/avr/4.3.5/avr5/libgcc.a(_addsub_sf.o) (__thenan_sf)
/usr/lib/gcc/avr/4.3.5/avr5/libgcc.a(_usi_to_sf.o)
                              /home/r0oland/workspace/IVAT/Eclipse_IDE/Arduino_Libs/Debug/libArduino.a(Print.o) (__floatunsisf)
/usr/lib/gcc/avr/4.3.5/avr5/libgcc.a(_prologue.o)
                              /usr/lib/gcc/avr/4.3.5/avr5/libgcc.a(_addsub_sf.o) (__prologue_saves__)
/usr/lib/gcc/avr/4.3.5/avr5/libgcc.a(_epilogue.o)
                              /usr/lib/gcc/avr/4.3.5/avr5/libgcc.a(_addsub_sf.o) (__epilogue_restores__)
/usr/lib/gcc/avr/4.3.5/avr5/libgcc.a(_tablejump.o)
                              /usr/lib/gcc/avr/4.3.5/avr5/libgcc.a(_ctors.o) (__tablejump__)
/usr/lib/gcc/avr/4.3.5/avr5/libgcc.a(_clzsi2.o)
                              /usr/lib/gcc/avr/4.3.5/avr5/libgcc.a(_si_to_sf.o) (__clzsi2)
/usr/lib/gcc/avr/4.3.5/avr5/libgcc.a(_pack_sf.o)
                              /usr/lib/gcc/avr/4.3.5/avr5/libgcc.a(_addsub_sf.o) (__pack_f)
/usr/lib/gcc/avr/4.3.5/avr5/libgcc.a(_unpack_sf.o)
                              /usr/lib/gcc/avr/4.3.5/avr5/libgcc.a(_addsub_sf.o) (__unpack_f)
/usr/lib/gcc/avr/4.3.5/avr5/libgcc.a(_fpcmp_parts_sf.o)
                              /usr/lib/gcc/avr/4.3.5/avr5/libgcc.a(_ge_sf.o) (__fpcmp_parts_f)
/usr/lib/gcc/avr/4.3.5/avr5/libgcc.a(_clz.o)
                              /usr/lib/gcc/avr/4.3.5/avr5/libgcc.a(_clzsi2.o) (__clz_tab)
/usr/lib/gcc/avr/4.3.5/../../../avr/lib/avr5/libc.a(malloc.o)
                              /home/r0oland/workspace/IVAT/Eclipse_IDE/Arduino_Libs/Debug/libArduino.a(WString.o) (malloc)
/usr/lib/gcc/avr/4.3.5/../../../avr/lib/avr5/libc.a(isspace.o)
                              /home/r0oland/workspace/IVAT/Eclipse_IDE/Arduino_Libs/Debug/libArduino.a(WString.o) (isspace)
/usr/lib/gcc/avr/4.3.5/../../../avr/lib/avr5/libc.a(tolower.o)
                              /home/r0oland/workspace/IVAT/Eclipse_IDE/Arduino_Libs/Debug/libArduino.a(WString.o) (tolower)
/usr/lib/gcc/avr/4.3.5/../../../avr/lib/avr5/libc.a(toupper.o)
                              /home/r0oland/workspace/IVAT/Eclipse_IDE/Arduino_Libs/Debug/libArduino.a(WString.o) (toupper)
/usr/lib/gcc/avr/4.3.5/../../../avr/lib/avr5/libc.a(strcat.o)
                              /home/r0oland/workspace/IVAT/Eclipse_IDE/Arduino_Libs/Debug/libArduino.a(WString.o) (strcat)
/usr/lib/gcc/avr/4.3.5/../../../avr/lib/avr5/libc.a(strchr.o)
                              /home/r0oland/workspace/IVAT/Eclipse_IDE/Arduino_Libs/Debug/libArduino.a(WString.o) (strchr)
/usr/lib/gcc/avr/4.3.5/../../../avr/lib/avr5/libc.a(strcmp.o)
                              /home/r0oland/workspace/IVAT/Eclipse_IDE/Arduino_Libs/Debug/libArduino.a(WString.o) (strcmp)
/usr/lib/gcc/avr/4.3.5/../../../avr/lib/avr5/libc.a(strcpy.o)
                              /home/r0oland/workspace/IVAT/Eclipse_IDE/Arduino_Libs/Debug/libArduino.a(WString.o) (strcpy)
/usr/lib/gcc/avr/4.3.5/../../../avr/lib/avr5/libc.a(strlen.o)
                              /home/r0oland/workspace/IVAT/Eclipse_IDE/Arduino_Libs/Debug/libArduino.a(WString.o) (strlen)
/usr/lib/gcc/avr/4.3.5/../../../avr/lib/avr5/libc.a(strncmp.o)
                              /home/r0oland/workspace/IVAT/Eclipse_IDE/Arduino_Libs/Debug/libArduino.a(WString.o) (strncmp)
/usr/lib/gcc/avr/4.3.5/../../../avr/lib/avr5/libc.a(strncpy.o)
                              /home/r0oland/workspace/IVAT/Eclipse_IDE/Arduino_Libs/Debug/libArduino.a(WString.o) (strncpy)
/usr/lib/gcc/avr/4.3.5/../../../avr/lib/avr5/libc.a(strrchr.o)
                              /home/r0oland/workspace/IVAT/Eclipse_IDE/Arduino_Libs/Debug/libArduino.a(WString.o) (strrchr)
/usr/lib/gcc/avr/4.3.5/../../../avr/lib/avr5/libc.a(strstr.o)
                              /home/r0oland/workspace/IVAT/Eclipse_IDE/Arduino_Libs/Debug/libArduino.a(WString.o) (strstr)
/usr/lib/gcc/avr/4.3.5/../../../avr/lib/avr5/libc.a(itoa.o)
                              /home/r0oland/workspace/IVAT/Eclipse_IDE/Arduino_Libs/Debug/libArduino.a(WString.o) (itoa)
/usr/lib/gcc/avr/4.3.5/../../../avr/lib/avr5/libc.a(ltoa.o)
                              /home/r0oland/workspace/IVAT/Eclipse_IDE/Arduino_Libs/Debug/libArduino.a(WString.o) (ltoa)
/usr/lib/gcc/avr/4.3.5/../../../avr/lib/avr5/libc.a(ultoa.o)
                              /home/r0oland/workspace/IVAT/Eclipse_IDE/Arduino_Libs/Debug/libArduino.a(WString.o) (ultoa)
/usr/lib/gcc/avr/4.3.5/../../../avr/lib/avr5/libc.a(cty_isfalse.o)
                              /usr/lib/gcc/avr/4.3.5/../../../avr/lib/avr5/libc.a(isspace.o) (__ctype_isfalse)
/usr/lib/gcc/avr/4.3.5/../../../avr/lib/avr5/libc.a(strrev.o)
                              /usr/lib/gcc/avr/4.3.5/../../../avr/lib/avr5/libc.a(itoa.o) (strrev)
/usr/lib/gcc/avr/4.3.5/avr5/libgcc.a(_udivmodhi4.o)
                              /usr/lib/gcc/avr/4.3.5/../../../avr/lib/avr5/libc.a(itoa.o) (__udivmodhi4)

Allocating common symbols
Common symbol       size              file

__brkval            0x2               /usr/lib/gcc/avr/4.3.5/../../../avr/lib/avr5/libc.a(malloc.o)
__flp               0x2               /usr/lib/gcc/avr/4.3.5/../../../avr/lib/avr5/libc.a(malloc.o)

Memory Configuration

Name             Origin             Length             Attributes
text             0x0000000000000000 0x0000000000020000 xr
data             0x0000000000800060 0x000000000000ffa0 rw !x
eeprom           0x0000000000810000 0x0000000000010000 rw !x
fuse             0x0000000000820000 0x0000000000000400 rw !x
lock             0x0000000000830000 0x0000000000000400 rw !x
signature        0x0000000000840000 0x0000000000000400 rw !x
*default*        0x0000000000000000 0xffffffffffffffff

Linker script and memory map

Address of section .data set to 0x800100
LOAD /usr/lib/gcc/avr/4.3.5/../../../avr/lib/avr5/crtm328p.o
LOAD ./LiquidCrystal.o
LOAD ./functions.o
LOAD ./main.o
LOAD /home/r0oland/workspace/IVAT/Eclipse_IDE/Arduino_Libs/Debug/libArduino.a
LOAD /usr/lib/gcc/avr/4.3.5/avr5/libgcc.a
LOAD /usr/lib/gcc/avr/4.3.5/../../../avr/lib/avr5/libm.a
LOAD /usr/lib/gcc/avr/4.3.5/avr5/libgcc.a
LOAD /usr/lib/gcc/avr/4.3.5/../../../avr/lib/avr5/libc.a
LOAD /usr/lib/gcc/avr/4.3.5/avr5/libgcc.a

.hash
 *(.hash)

.dynsym
 *(.dynsym)

.dynstr
 *(.dynstr)

.gnu.version
 *(.gnu.version)

.gnu.version_d
 *(.gnu.version_d)

.gnu.version_r
 *(.gnu.version_r)

.rel.init
 *(.rel.init)

.rela.init
 *(.rela.init)

.rel.text
 *(.rel.text)
 *(.rel.text.*)
 *(.rel.gnu.linkonce.t*)

.rela.text
 *(.rela.text)
 *(.rela.text.*)
 *(.rela.gnu.linkonce.t*)

.rel.fini
 *(.rel.fini)

.rela.fini
 *(.rela.fini)

.rel.rodata
 *(.rel.rodata)
 *(.rel.rodata.*)
 *(.rel.gnu.linkonce.r*)

.rela.rodata
 *(.rela.rodata)
 *(.rela.rodata.*)
 *(.rela.gnu.linkonce.r*)

.rel.data
 *(.rel.data)
 *(.rel.data.*)
 *(.rel.gnu.linkonce.d*)

.rela.data
 *(.rela.data)
 *(.rela.data.*)
 *(.rela.gnu.linkonce.d*)

.rel.ctors
 *(.rel.ctors)

.rela.ctors
 *(.rela.ctors)

.rel.dtors
 *(.rel.dtors)

.rela.dtors
 *(.rela.dtors)

.rel.got
 *(.rel.got)

.rela.got
 *(.rela.got)

.rel.bss
 *(.rel.bss)

.rela.bss
 *(.rela.bss)

.rel.plt
 *(.rel.plt)

.rela.plt
 *(.rela.plt)

.text           0x0000000000000000     0x4fba
 *(.vectors)
 .vectors       0x0000000000000000       0x68 /usr/lib/gcc/avr/4.3.5/../../../avr/lib/avr5/crtm328p.o
                0x0000000000000000                __vectors
                0x0000000000000000                __vector_default
 *(.vectors)
 *(.progmem.gcc*)
 *(.progmem*)
 .progmem.data  0x0000000000000068       0x5a /home/r0oland/workspace/IVAT/Eclipse_IDE/Arduino_Libs/Debug/libArduino.a(pins_arduino.o)
                0x0000000000000068                port_to_mode_PGM
                0x0000000000000072                port_to_output_PGM
                0x000000000000007c                port_to_input_PGM
                0x0000000000000086                digital_pin_to_port_PGM
                0x000000000000009a                digital_pin_to_bit_mask_PGM
                0x00000000000000ae                digital_pin_to_timer_PGM
                0x00000000000000c2                . = ALIGN (0x2)
                0x00000000000000c2                __trampolines_start = .
 *(.trampolines)
 .trampolines   0x00000000000000c2        0x0 linker stubs
 *(.trampolines*)
                0x00000000000000c2                __trampolines_end = .
 *(.jumptables)
 *(.jumptables*)
 *(.lowtext)
 *(.lowtext*)
                0x00000000000000c2                __ctors_start = .
 *(.ctors)
 .ctors         0x00000000000000c2        0x2 ./main.o
                0x00000000000000c4                __ctors_end = .
                0x00000000000000c4                __dtors_start = .
 *(.dtors)
                0x00000000000000c4                __dtors_end = .
 SORT(*)(.ctors)
 SORT(*)(.dtors)
 *(.init0)
 .init0         0x00000000000000c4        0x0 /usr/lib/gcc/avr/4.3.5/../../../avr/lib/avr5/crtm328p.o
                0x00000000000000c4                __init
 *(.init0)
 *(.init1)
 *(.init1)
 *(.init2)
 .init2         0x00000000000000c4        0xc /usr/lib/gcc/avr/4.3.5/../../../avr/lib/avr5/crtm328p.o
 *(.init2)
 *(.init3)
 *(.init3)
 *(.init4)
 .init4         0x00000000000000d0       0x16 /usr/lib/gcc/avr/4.3.5/avr5/libgcc.a(_copy_data.o)
                0x00000000000000d0                __do_copy_data
 .init4         0x00000000000000e6       0x10 /usr/lib/gcc/avr/4.3.5/avr5/libgcc.a(_clear_bss.o)
                0x00000000000000e6                __do_clear_bss
 *(.init4)
 *(.init5)
 *(.init5)
 *(.init6)
 .init6         0x00000000000000f6       0x16 /usr/lib/gcc/avr/4.3.5/avr5/libgcc.a(_ctors.o)
                0x00000000000000f6                __do_global_ctors
 *(.init6)
 *(.init7)
 *(.init7)
 *(.init8)
 *(.init8)
 *(.init9)
 .init9         0x000000000000010c        0x8 /usr/lib/gcc/avr/4.3.5/../../../avr/lib/avr5/crtm328p.o
 *(.init9)
 *(.text)
 .text          0x0000000000000114        0x4 /usr/lib/gcc/avr/4.3.5/../../../avr/lib/avr5/crtm328p.o
                0x0000000000000114                __vector_22
                0x0000000000000114                __vector_1
                0x0000000000000114                __vector_24
                0x0000000000000114                __vector_12
                0x0000000000000114                __bad_interrupt
                0x0000000000000114                __vector_6
                0x0000000000000114                __vector_3
                0x0000000000000114                __vector_23
                0x0000000000000114                __vector_25
                0x0000000000000114                __vector_11
                0x0000000000000114                __vector_13
                0x0000000000000114                __vector_17
                0x0000000000000114                __vector_19
                0x0000000000000114                __vector_7
                0x0000000000000114                __vector_5
                0x0000000000000114                __vector_4
                0x0000000000000114                __vector_9
                0x0000000000000114                __vector_2
                0x0000000000000114                __vector_21
                0x0000000000000114                __vector_15
                0x0000000000000114                __vector_8
                0x0000000000000114                __vector_14
                0x0000000000000114                __vector_10
                0x0000000000000114                __vector_18
                0x0000000000000114                __vector_20
 .text          0x0000000000000118      0xdd2 ./LiquidCrystal.o
                0x0000000000000118                Print::Print()
                0x000000000000013c                LiquidCrystal::pulseEnable()
                0x0000000000000190                LiquidCrystal::write8bits(unsigned char)
                0x000000000000021e                LiquidCrystal::write4bits(unsigned char)
                0x00000000000002ac                LiquidCrystal::send(unsigned char, unsigned char)
                0x000000000000033a                LiquidCrystal::write(unsigned char)
                0x0000000000000364                LiquidCrystal::command(unsigned char)
                0x000000000000038e                LiquidCrystal::createChar(unsigned char, unsigned char*)
                0x0000000000000426                LiquidCrystal::noAutoscroll()
                0x0000000000000460                LiquidCrystal::autoscroll()
                0x000000000000049a                LiquidCrystal::rightToLeft()
                0x00000000000004d4                LiquidCrystal::leftToRight()
                0x000000000000050e                LiquidCrystal::scrollDisplayRight()
                0x0000000000000530                LiquidCrystal::scrollDisplayLeft()
                0x0000000000000552                LiquidCrystal::blink()
                0x000000000000058c                LiquidCrystal::noBlink()
                0x00000000000005c6                LiquidCrystal::cursor()
                0x0000000000000600                LiquidCrystal::noCursor()
                0x000000000000063a                LiquidCrystal::display()
                0x0000000000000674                LiquidCrystal::noDisplay()
                0x00000000000006ae                LiquidCrystal::setCursor(unsigned char, unsigned char)
                0x0000000000000760                LiquidCrystal::home()
                0x000000000000078a                LiquidCrystal::clear()
                0x00000000000007b4                LiquidCrystal::begin(unsigned char, unsigned char, unsigned char)
                0x0000000000000936                LiquidCrystal::init(unsigned char, unsigned char, unsigned char, unsigned char, unsigned char, unsigned char, unsigned char, unsigned char, unsigned char, unsigned char, unsigned char, unsigned char)
                0x0000000000000a2e                LiquidCrystal::LiquidCrystal(unsigned char, unsigned char, unsigned char, unsigned char, unsigned char, unsigned char)
                0x0000000000000abe                LiquidCrystal::LiquidCrystal(unsigned char, unsigned char, unsigned char, unsigned char, unsigned char, unsigned char)
                0x0000000000000b4e                LiquidCrystal::LiquidCrystal(unsigned char, unsigned char, unsigned char, unsigned char, unsigned char, unsigned char, unsigned char)
                0x0000000000000be0                LiquidCrystal::LiquidCrystal(unsigned char, unsigned char, unsigned char, unsigned char, unsigned char, unsigned char, unsigned char)
                0x0000000000000c72                LiquidCrystal::LiquidCrystal(unsigned char, unsigned char, unsigned char, unsigned char, unsigned char, unsigned char, unsigned char, unsigned char, unsigned char, unsigned char)
                0x0000000000000d10                LiquidCrystal::LiquidCrystal(unsigned char, unsigned char, unsigned char, unsigned char, unsigned char, unsigned char, unsigned char, unsigned char, unsigned char, unsigned char)
                0x0000000000000dae                LiquidCrystal::LiquidCrystal(unsigned char, unsigned char, unsigned char, unsigned char, unsigned char, unsigned char, unsigned char, unsigned char, unsigned char, unsigned char, unsigned char)
                0x0000000000000e4c                LiquidCrystal::LiquidCrystal(unsigned char, unsigned char, unsigned char, unsigned char, unsigned char, unsigned char, unsigned char, unsigned char, unsigned char, unsigned char, unsigned char)
 .text          0x0000000000000eea       0x38 ./functions.o
                0x0000000000000eea                control_state(unsigned char*)
                0x0000000000000f02                print_lcd(LiquidCrystal*)
 .text          0x0000000000000f22       0xd4 ./main.o
                0x0000000000000f9a                main
 .text          0x0000000000000ff6      0xa7a /home/r0oland/workspace/IVAT/Eclipse_IDE/Arduino_Libs/Debug/libArduino.a(Print.o)
                0x0000000000000ff6                String::length() const
                0x0000000000001016                Print::write(char const*)
                0x000000000000106c                Print::write(unsigned char const*, unsigned int)
                0x00000000000010e6                Print::print(char const*)
                0x0000000000001126                Print::printNumber(unsigned long, unsigned char)
                0x00000000000012b4                Print::print(unsigned long, int)
                0x0000000000001326                Print::print(unsigned int, int)
                0x000000000000136e                Print::print(unsigned char, int)
                0x00000000000013b2                Print::print(long, int)
                0x000000000000147e                Print::print(int, int)
                0x00000000000014ca                Print::print(char, int)
                0x000000000000150e                Print::println()
                0x0000000000001542                Print::println(unsigned long, int)
                0x000000000000159a                Print::println(unsigned int, int)
                0x00000000000015e0                Print::println(int, int)
                0x0000000000001626                Print::println(unsigned char, int)
                0x0000000000001666                Print::println(char const*)
                0x000000000000169e                Print::println(char, int)
                0x00000000000016de                Print::println(long, int)
                0x0000000000001736                Print::printFloat(double, unsigned char)
                0x0000000000001906                Print::print(double, int)
                0x0000000000001954                Print::println(double, int)
                0x00000000000019ac                Print::print(String const&)
                0x0000000000001a38                Print::println(String const&)
 .text          0x0000000000001a70     0x1ad8 /home/r0oland/workspace/IVAT/Eclipse_IDE/Arduino_Libs/Debug/libArduino.a(WString.o)
                0x0000000000001a90                String::setCharAt(unsigned int, char)
                0x0000000000001aec                String::operator[](unsigned int)
                0x0000000000001b5a                String::operator[](unsigned int) const
                0x0000000000001b90                String::charAt(unsigned int) const
                0x0000000000001bc0                String::toCharArray(char*, unsigned int)
                0x0000000000001c52                String::getBytes(unsigned char*, unsigned int)
                0x0000000000001ce4                String::~String()
                0x0000000000001d20                String::startsWith(String const&, unsigned int) const
                0x0000000000001da8                String::startsWith(String const&) const
                0x0000000000001dfe                String::lastIndexOf(char, unsigned int) const
                0x0000000000001ed6                String::lastIndexOf(char) const
                0x0000000000001f0e                String::indexOf(String const&, unsigned int) const
                0x0000000000001faa                String::indexOf(String const&) const
                0x0000000000001fde                String::indexOf(char, unsigned int) const
                0x000000000000207a                String::indexOf(char) const
                0x00000000000020a6                String::equals(String const&) const
                0x0000000000002106                String::endsWith(String const&) const
                0x0000000000002184                String::operator>=(String const&) const
                0x00000000000021d6                String::operator<=(String const&) const
                0x000000000000222a                String::operator>(String const&) const
                0x000000000000227e                String::operator<(String const&) const
                0x00000000000022d0                String::operator!=(String const&) const
                0x000000000000233c                String::operator==(String const&) const
                0x00000000000023a0                String::compareTo(String const&) const
                0x00000000000023d8                String::getBuffer(unsigned int)
                0x0000000000002440                String::operator+=(String const&)
                0x0000000000002504                String::concat(String const&)
                0x0000000000002534                String::operator=(String const&)
                0x00000000000025e6                String::String(unsigned char)
                0x0000000000002644                String::String(unsigned char)
                0x00000000000026a2                String::String(char)
                0x0000000000002700                String::String(char)
                0x000000000000275e                String::String(String const&)
                0x00000000000027c4                String::String(String const&)
                0x000000000000282a                String::String(unsigned long, int)
                0x00000000000028be                String::String(unsigned long, int)
                0x0000000000002952                String::String(unsigned int, int)
                0x00000000000029e6                String::String(unsigned int, int)
                0x0000000000002a7a                String::String(char const*)
                0x0000000000002aec                String::toUpperCase() const
                0x0000000000002b90                String::toLowerCase() const
                0x0000000000002c34                String::equalsIgnoreCase(String const&) const
                0x0000000000002ce0                String::substring(unsigned int, unsigned int) const
                0x0000000000002dbe                String::substring(unsigned int) const
                0x0000000000002e0a                String::lastIndexOf(String const&, unsigned int) const
                0x0000000000002f36                String::lastIndexOf(String const&) const
                0x0000000000002f7c                String::trim() const
                0x000000000000308e                String::replace(String const&, String const&)
                0x00000000000031e0                String::replace(char, char)
                0x000000000000329a                String::String(char const*)
                0x000000000000330c                String::String(long, int)
                0x00000000000033a2                String::String(long, int)
                0x0000000000003438                String::String(int, int)
                0x00000000000034c0                String::String(int, int)
 .text          0x0000000000003548        0xa /home/r0oland/workspace/IVAT/Eclipse_IDE/Arduino_Libs/Debug/libArduino.a(missing.o)
                0x0000000000003548                __cxa_pure_virtual
 .text          0x0000000000003552      0x3a0 /home/r0oland/workspace/IVAT/Eclipse_IDE/Arduino_Libs/Debug/libArduino.a(wiring.o)
                0x0000000000003552                __vector_16
                0x0000000000003632                millis
                0x0000000000003686                micros
                0x000000000000373c                delay
                0x00000000000037c2                delayMicroseconds
                0x0000000000003812                init
 .text          0x00000000000038f2      0x3ae /home/r0oland/workspace/IVAT/Eclipse_IDE/Arduino_Libs/Debug/libArduino.a(wiring_digital.o)
                0x00000000000038f2                pinMode
                0x00000000000039d4                digitalWrite
                0x0000000000003b54                digitalRead
 .text          0x0000000000003ca0        0x0 /home/r0oland/workspace/IVAT/Eclipse_IDE/Arduino_Libs/Debug/libArduino.a(pins_arduino.o)
 .text          0x0000000000003ca0        0x0 /usr/lib/gcc/avr/4.3.5/avr5/libgcc.a(_udivmodsi4.o)
 .text          0x0000000000003ca0        0x0 /usr/lib/gcc/avr/4.3.5/avr5/libgcc.a(_exit.o)
 .text          0x0000000000003ca0        0x0 /usr/lib/gcc/avr/4.3.5/avr5/libgcc.a(_copy_data.o)
 .text          0x0000000000003ca0        0x0 /usr/lib/gcc/avr/4.3.5/avr5/libgcc.a(_clear_bss.o)
 .text          0x0000000000003ca0        0x0 /usr/lib/gcc/avr/4.3.5/avr5/libgcc.a(_ctors.o)
 .text          0x0000000000003ca0       0x58 /usr/lib/gcc/avr/4.3.5/avr5/libgcc.a(_fixunssfsi.o)
                0x0000000000003ca0                __fixunssfsi
 .text          0x0000000000003cf8      0x354 /usr/lib/gcc/avr/4.3.5/avr5/libgcc.a(_addsub_sf.o)
                0x0000000000003f90                __subsf3
                0x0000000000003ff2                __addsf3
 .text          0x000000000000404c      0x1f4 /usr/lib/gcc/avr/4.3.5/avr5/libgcc.a(_mul_sf.o)
                0x000000000000404c                __mulsf3
 .text          0x0000000000004240      0x158 /usr/lib/gcc/avr/4.3.5/avr5/libgcc.a(_div_sf.o)
                0x0000000000004240                __divsf3
 .text          0x0000000000004398       0x60 /usr/lib/gcc/avr/4.3.5/avr5/libgcc.a(_ge_sf.o)
                0x0000000000004398                __gesf2
 .text          0x00000000000043f8       0x60 /usr/lib/gcc/avr/4.3.5/avr5/libgcc.a(_lt_sf.o)
                0x00000000000043f8                __ltsf2
 .text          0x0000000000004458       0xbc /usr/lib/gcc/avr/4.3.5/avr5/libgcc.a(_si_to_sf.o)
                0x0000000000004458                __floatsisf
 .text          0x0000000000004514       0xa8 /usr/lib/gcc/avr/4.3.5/avr5/libgcc.a(_sf_to_si.o)
                0x0000000000004514                __fixsfsi
 .text          0x00000000000045bc        0x0 /usr/lib/gcc/avr/4.3.5/avr5/libgcc.a(_thenan_sf.o)
 .text          0x00000000000045bc       0xf2 /usr/lib/gcc/avr/4.3.5/avr5/libgcc.a(_usi_to_sf.o)
                0x00000000000045bc                __floatunsisf
 .text          0x00000000000046ae        0x0 /usr/lib/gcc/avr/4.3.5/avr5/libgcc.a(_prologue.o)
 .text          0x00000000000046ae        0x0 /usr/lib/gcc/avr/4.3.5/avr5/libgcc.a(_epilogue.o)
 .text          0x00000000000046ae        0x0 /usr/lib/gcc/avr/4.3.5/avr5/libgcc.a(_tablejump.o)
 .text          0x00000000000046ae       0x9e /usr/lib/gcc/avr/4.3.5/avr5/libgcc.a(_clzsi2.o)
                0x00000000000046ae                __clzsi2
 .text          0x000000000000474c      0x1ac /usr/lib/gcc/avr/4.3.5/avr5/libgcc.a(_pack_sf.o)
                0x000000000000474c                __pack_f
 .text          0x00000000000048f8       0xf0 /usr/lib/gcc/avr/4.3.5/avr5/libgcc.a(_unpack_sf.o)
                0x00000000000048f8                __unpack_f
 .text          0x00000000000049e8       0xb2 /usr/lib/gcc/avr/4.3.5/avr5/libgcc.a(_fpcmp_parts_sf.o)
                0x00000000000049e8                __fpcmp_parts_f
 .text          0x0000000000004a9a        0x0 /usr/lib/gcc/avr/4.3.5/avr5/libgcc.a(_clz.o)
 .text          0x0000000000004a9a        0x0 /usr/lib/gcc/avr/4.3.5/../../../avr/lib/avr5/libc.a(malloc.o)
 .text          0x0000000000004a9a        0x0 /usr/lib/gcc/avr/4.3.5/../../../avr/lib/avr5/libc.a(isspace.o)
 .text          0x0000000000004a9a        0x0 /usr/lib/gcc/avr/4.3.5/../../../avr/lib/avr5/libc.a(tolower.o)
 .text          0x0000000000004a9a        0x0 /usr/lib/gcc/avr/4.3.5/../../../avr/lib/avr5/libc.a(toupper.o)
 .text          0x0000000000004a9a        0x0 /usr/lib/gcc/avr/4.3.5/../../../avr/lib/avr5/libc.a(strcat.o)
 .text          0x0000000000004a9a        0x0 /usr/lib/gcc/avr/4.3.5/../../../avr/lib/avr5/libc.a(strchr.o)
 .text          0x0000000000004a9a        0x0 /usr/lib/gcc/avr/4.3.5/../../../avr/lib/avr5/libc.a(strcmp.o)
 .text          0x0000000000004a9a        0x0 /usr/lib/gcc/avr/4.3.5/../../../avr/lib/avr5/libc.a(strcpy.o)
 .text          0x0000000000004a9a        0x0 /usr/lib/gcc/avr/4.3.5/../../../avr/lib/avr5/libc.a(strlen.o)
 .text          0x0000000000004a9a        0x0 /usr/lib/gcc/avr/4.3.5/../../../avr/lib/avr5/libc.a(strncmp.o)
 .text          0x0000000000004a9a        0x0 /usr/lib/gcc/avr/4.3.5/../../../avr/lib/avr5/libc.a(strncpy.o)
 .text          0x0000000000004a9a        0x0 /usr/lib/gcc/avr/4.3.5/../../../avr/lib/avr5/libc.a(strrchr.o)
 .text          0x0000000000004a9a        0x0 /usr/lib/gcc/avr/4.3.5/../../../avr/lib/avr5/libc.a(strstr.o)
 .text          0x0000000000004a9a        0x0 /usr/lib/gcc/avr/4.3.5/../../../avr/lib/avr5/libc.a(itoa.o)
 .text          0x0000000000004a9a        0x0 /usr/lib/gcc/avr/4.3.5/../../../avr/lib/avr5/libc.a(ltoa.o)
 .text          0x0000000000004a9a        0x0 /usr/lib/gcc/avr/4.3.5/../../../avr/lib/avr5/libc.a(ultoa.o)
 .text          0x0000000000004a9a        0x0 /usr/lib/gcc/avr/4.3.5/../../../avr/lib/avr5/libc.a(cty_isfalse.o)
 .text          0x0000000000004a9a        0x0 /usr/lib/gcc/avr/4.3.5/../../../avr/lib/avr5/libc.a(strrev.o)
 .text          0x0000000000004a9a        0x0 /usr/lib/gcc/avr/4.3.5/avr5/libgcc.a(_udivmodhi4.o)
                0x0000000000004a9a                . = ALIGN (0x2)
 *(.text.*)
 .text.libgcc   0x0000000000004a9a       0x44 /usr/lib/gcc/avr/4.3.5/avr5/libgcc.a(_udivmodsi4.o)
                0x0000000000004a9a                __udivmodsi4
 .text.libgcc   0x0000000000004ade        0x0 /usr/lib/gcc/avr/4.3.5/avr5/libgcc.a(_exit.o)
 .text.libgcc   0x0000000000004ade        0x0 /usr/lib/gcc/avr/4.3.5/avr5/libgcc.a(_copy_data.o)
 .text.libgcc   0x0000000000004ade        0x0 /usr/lib/gcc/avr/4.3.5/avr5/libgcc.a(_clear_bss.o)
 .text.libgcc   0x0000000000004ade        0x0 /usr/lib/gcc/avr/4.3.5/avr5/libgcc.a(_ctors.o)
 .text.libgcc   0x0000000000004ade       0x38 /usr/lib/gcc/avr/4.3.5/avr5/libgcc.a(_prologue.o)
                0x0000000000004ade                __prologue_saves__
 .text.libgcc   0x0000000000004b16       0x36 /usr/lib/gcc/avr/4.3.5/avr5/libgcc.a(_epilogue.o)
                0x0000000000004b16                __epilogue_restores__
 .text.libgcc   0x0000000000004b4c        0xc /usr/lib/gcc/avr/4.3.5/avr5/libgcc.a(_tablejump.o)
                0x0000000000004b4c                __tablejump2__
                0x0000000000004b50                __tablejump__
 .text.avr-libc
                0x0000000000004b58      0x20a /usr/lib/gcc/avr/4.3.5/../../../avr/lib/avr5/libc.a(malloc.o)
                0x0000000000004b58                malloc
                0x0000000000004cb2                free
 .text.avr-libc
                0x0000000000004d62       0x10 /usr/lib/gcc/avr/4.3.5/../../../avr/lib/avr5/libc.a(isspace.o)
                0x0000000000004d62                isspace
 .text.avr-libc
                0x0000000000004d72       0x10 /usr/lib/gcc/avr/4.3.5/../../../avr/lib/avr5/libc.a(tolower.o)
                0x0000000000004d72                tolower
 .text.avr-libc
                0x0000000000004d82       0x10 /usr/lib/gcc/avr/4.3.5/../../../avr/lib/avr5/libc.a(toupper.o)
                0x0000000000004d82                toupper
 .text.avr-libc
                0x0000000000004d92       0x16 /usr/lib/gcc/avr/4.3.5/../../../avr/lib/avr5/libc.a(strcat.o)
                0x0000000000004d92                strcat
 .text.avr-libc
                0x0000000000004da8       0x16 /usr/lib/gcc/avr/4.3.5/../../../avr/lib/avr5/libc.a(strchr.o)
                0x0000000000004da8                strchr
 .text.avr-libc
                0x0000000000004dbe       0x12 /usr/lib/gcc/avr/4.3.5/../../../avr/lib/avr5/libc.a(strcmp.o)
                0x0000000000004dbe                strcmp
 .text.avr-libc
                0x0000000000004dd0        0xe /usr/lib/gcc/avr/4.3.5/../../../avr/lib/avr5/libc.a(strcpy.o)
                0x0000000000004dd0                strcpy
 .text.avr-libc
                0x0000000000004dde       0x12 /usr/lib/gcc/avr/4.3.5/../../../avr/lib/avr5/libc.a(strlen.o)
                0x0000000000004dde                strlen
 .text.avr-libc
                0x0000000000004df0       0x1c /usr/lib/gcc/avr/4.3.5/../../../avr/lib/avr5/libc.a(strncmp.o)
                0x0000000000004df0                strncmp
 .text.avr-libc
                0x0000000000004e0c       0x1e /usr/lib/gcc/avr/4.3.5/../../../avr/lib/avr5/libc.a(strncpy.o)
                0x0000000000004e0c                strncpy
 .text.avr-libc
                0x0000000000004e2a       0x16 /usr/lib/gcc/avr/4.3.5/../../../avr/lib/avr5/libc.a(strrchr.o)
                0x0000000000004e2a                strrchr
 .text.avr-libc
                0x0000000000004e40       0x34 /usr/lib/gcc/avr/4.3.5/../../../avr/lib/avr5/libc.a(strstr.o)
                0x0000000000004e40                strstr
 .text.avr-libc
                0x0000000000004e74       0x42 /usr/lib/gcc/avr/4.3.5/../../../avr/lib/avr5/libc.a(itoa.o)
                0x0000000000004e74                itoa
 .text.avr-libc
                0x0000000000004eb6       0x68 /usr/lib/gcc/avr/4.3.5/../../../avr/lib/avr5/libc.a(ltoa.o)
                0x0000000000004eb6                ltoa
 .text.avr-libc
                0x0000000000004f1e       0x4a /usr/lib/gcc/avr/4.3.5/../../../avr/lib/avr5/libc.a(ultoa.o)
                0x0000000000004f1e                ultoa
 .text.avr-libc
                0x0000000000004f68        0x6 /usr/lib/gcc/avr/4.3.5/../../../avr/lib/avr5/libc.a(cty_isfalse.o)
                0x0000000000004f68                __ctype_isfalse
                0x0000000000004f6c                __ctype_istrue
 .text.avr-libc
                0x0000000000004f6e       0x20 /usr/lib/gcc/avr/4.3.5/../../../avr/lib/avr5/libc.a(strrev.o)
                0x0000000000004f6e                strrev
 .text.libgcc   0x0000000000004f8e       0x28 /usr/lib/gcc/avr/4.3.5/avr5/libgcc.a(_udivmodhi4.o)
                0x0000000000004f8e                __udivmodhi4
                0x0000000000004fb6                . = ALIGN (0x2)
 *(.fini9)
 .fini9         0x0000000000004fb6        0x0 /usr/lib/gcc/avr/4.3.5/avr5/libgcc.a(_exit.o)
                0x0000000000004fb6                exit
                0x0000000000004fb6                _exit
 *(.fini9)
 *(.fini8)
 *(.fini8)
 *(.fini7)
 *(.fini7)
 *(.fini6)
 *(.fini6)
 *(.fini5)
 *(.fini5)
 *(.fini4)
 *(.fini4)
 *(.fini3)
 *(.fini3)
 *(.fini2)
 *(.fini2)
 *(.fini1)
 *(.fini1)
 *(.fini0)
 .fini0         0x0000000000004fb6        0x4 /usr/lib/gcc/avr/4.3.5/avr5/libgcc.a(_exit.o)
 *(.fini0)
                0x0000000000004fba                _etext = .

.data           0x0000000000800100      0x13a load address 0x0000000000004fba
                0x0000000000800100                PROVIDE (__data_start, .)
 *(.data)
 .data          0x0000000000800100        0x0 /usr/lib/gcc/avr/4.3.5/../../../avr/lib/avr5/crtm328p.o
 .data          0x0000000000800100       0x12 ./LiquidCrystal.o
                0x0000000000800100                vtable for LiquidCrystal
 .data          0x0000000000800112        0x0 ./functions.o
 .data          0x0000000000800112        0x4 ./main.o
                0x0000000000800112                amount
 .data          0x0000000000800116        0xc /home/r0oland/workspace/IVAT/Eclipse_IDE/Arduino_Libs/Debug/libArduino.a(Print.o)
                0x0000000000800118                vtable for Print
 .data          0x0000000000800122        0x1 /home/r0oland/workspace/IVAT/Eclipse_IDE/Arduino_Libs/Debug/libArduino.a(WString.o)
 .data          0x0000000000800123        0x0 /home/r0oland/workspace/IVAT/Eclipse_IDE/Arduino_Libs/Debug/libArduino.a(missing.o)
 .data          0x0000000000800123        0x0 /home/r0oland/workspace/IVAT/Eclipse_IDE/Arduino_Libs/Debug/libArduino.a(wiring.o)
 .data          0x0000000000800123        0x4 /home/r0oland/workspace/IVAT/Eclipse_IDE/Arduino_Libs/Debug/libArduino.a(wiring_digital.o)
 .data          0x0000000000800127        0x4 /home/r0oland/workspace/IVAT/Eclipse_IDE/Arduino_Libs/Debug/libArduino.a(pins_arduino.o)
 .data          0x000000000080012b        0x0 /usr/lib/gcc/avr/4.3.5/avr5/libgcc.a(_udivmodsi4.o)
 .data          0x000000000080012b        0x0 /usr/lib/gcc/avr/4.3.5/avr5/libgcc.a(_exit.o)
 .data          0x000000000080012b        0x0 /usr/lib/gcc/avr/4.3.5/avr5/libgcc.a(_copy_data.o)
 .data          0x000000000080012b        0x0 /usr/lib/gcc/avr/4.3.5/avr5/libgcc.a(_clear_bss.o)
 .data          0x000000000080012b        0x0 /usr/lib/gcc/avr/4.3.5/avr5/libgcc.a(_ctors.o)
 .data          0x000000000080012b        0x0 /usr/lib/gcc/avr/4.3.5/avr5/libgcc.a(_fixunssfsi.o)
 .data          0x000000000080012b        0x0 /usr/lib/gcc/avr/4.3.5/avr5/libgcc.a(_addsub_sf.o)
 .data          0x000000000080012b        0x0 /usr/lib/gcc/avr/4.3.5/avr5/libgcc.a(_mul_sf.o)
 .data          0x000000000080012b        0x0 /usr/lib/gcc/avr/4.3.5/avr5/libgcc.a(_div_sf.o)
 .data          0x000000000080012b        0x0 /usr/lib/gcc/avr/4.3.5/avr5/libgcc.a(_ge_sf.o)
 .data          0x000000000080012b        0x0 /usr/lib/gcc/avr/4.3.5/avr5/libgcc.a(_lt_sf.o)
 .data          0x000000000080012b        0x0 /usr/lib/gcc/avr/4.3.5/avr5/libgcc.a(_si_to_sf.o)
 .data          0x000000000080012b        0x0 /usr/lib/gcc/avr/4.3.5/avr5/libgcc.a(_sf_to_si.o)
 .data          0x000000000080012b        0x8 /usr/lib/gcc/avr/4.3.5/avr5/libgcc.a(_thenan_sf.o)
                0x000000000080012b                __thenan_sf
 .data          0x0000000000800133        0x0 /usr/lib/gcc/avr/4.3.5/avr5/libgcc.a(_usi_to_sf.o)
 .data          0x0000000000800133        0x0 /usr/lib/gcc/avr/4.3.5/avr5/libgcc.a(_prologue.o)
 .data          0x0000000000800133        0x0 /usr/lib/gcc/avr/4.3.5/avr5/libgcc.a(_epilogue.o)
 .data          0x0000000000800133        0x0 /usr/lib/gcc/avr/4.3.5/avr5/libgcc.a(_tablejump.o)
 .data          0x0000000000800133        0x0 /usr/lib/gcc/avr/4.3.5/avr5/libgcc.a(_clzsi2.o)
 .data          0x0000000000800133        0x0 /usr/lib/gcc/avr/4.3.5/avr5/libgcc.a(_pack_sf.o)
 .data          0x0000000000800133        0x0 /usr/lib/gcc/avr/4.3.5/avr5/libgcc.a(_unpack_sf.o)
 .data          0x0000000000800133        0x0 /usr/lib/gcc/avr/4.3.5/avr5/libgcc.a(_fpcmp_parts_sf.o)
 .data          0x0000000000800133      0x100 /usr/lib/gcc/avr/4.3.5/avr5/libgcc.a(_clz.o)
                0x0000000000800133                __clz_tab
 .data          0x0000000000800233        0x6 /usr/lib/gcc/avr/4.3.5/../../../avr/lib/avr5/libc.a(malloc.o)
                0x0000000000800233                __malloc_margin
                0x0000000000800235                __malloc_heap_start
                0x0000000000800237                __malloc_heap_end
 .data          0x0000000000800239        0x0 /usr/lib/gcc/avr/4.3.5/../../../avr/lib/avr5/libc.a(isspace.o)
 .data          0x0000000000800239        0x0 /usr/lib/gcc/avr/4.3.5/../../../avr/lib/avr5/libc.a(tolower.o)
 .data          0x0000000000800239        0x0 /usr/lib/gcc/avr/4.3.5/../../../avr/lib/avr5/libc.a(toupper.o)
 .data          0x0000000000800239        0x0 /usr/lib/gcc/avr/4.3.5/../../../avr/lib/avr5/libc.a(strcat.o)
 .data          0x0000000000800239        0x0 /usr/lib/gcc/avr/4.3.5/../../../avr/lib/avr5/libc.a(strchr.o)
 .data          0x0000000000800239        0x0 /usr/lib/gcc/avr/4.3.5/../../../avr/lib/avr5/libc.a(strcmp.o)
 .data          0x0000000000800239        0x0 /usr/lib/gcc/avr/4.3.5/../../../avr/lib/avr5/libc.a(strcpy.o)
 .data          0x0000000000800239        0x0 /usr/lib/gcc/avr/4.3.5/../../../avr/lib/avr5/libc.a(strlen.o)
 .data          0x0000000000800239        0x0 /usr/lib/gcc/avr/4.3.5/../../../avr/lib/avr5/libc.a(strncmp.o)
 .data          0x0000000000800239        0x0 /usr/lib/gcc/avr/4.3.5/../../../avr/lib/avr5/libc.a(strncpy.o)
 .data          0x0000000000800239        0x0 /usr/lib/gcc/avr/4.3.5/../../../avr/lib/avr5/libc.a(strrchr.o)
 .data          0x0000000000800239        0x0 /usr/lib/gcc/avr/4.3.5/../../../avr/lib/avr5/libc.a(strstr.o)
 .data          0x0000000000800239        0x0 /usr/lib/gcc/avr/4.3.5/../../../avr/lib/avr5/libc.a(itoa.o)
 .data          0x0000000000800239        0x0 /usr/lib/gcc/avr/4.3.5/../../../avr/lib/avr5/libc.a(ltoa.o)
 .data          0x0000000000800239        0x0 /usr/lib/gcc/avr/4.3.5/../../../avr/lib/avr5/libc.a(ultoa.o)
 .data          0x0000000000800239        0x0 /usr/lib/gcc/avr/4.3.5/../../../avr/lib/avr5/libc.a(cty_isfalse.o)
 .data          0x0000000000800239        0x0 /usr/lib/gcc/avr/4.3.5/../../../avr/lib/avr5/libc.a(strrev.o)
 .data          0x0000000000800239        0x0 /usr/lib/gcc/avr/4.3.5/avr5/libgcc.a(_udivmodhi4.o)
 *(.data*)
 *(.rodata)
 *(.rodata*)
 *(.gnu.linkonce.d*)
                0x000000000080023a                . = ALIGN (0x2)
 *fill*         0x0000000000800239        0x1 00
                0x000000000080023a                _edata = .
                0x000000000080023a                PROVIDE (__data_end, .)

.bss            0x000000000080023a       0x28
                0x000000000080023a                PROVIDE (__bss_start, .)
 *(.bss)
 .bss           0x000000000080023a        0x0 /usr/lib/gcc/avr/4.3.5/../../../avr/lib/avr5/crtm328p.o
 .bss           0x000000000080023a        0x0 ./LiquidCrystal.o
 .bss           0x000000000080023a        0x0 ./functions.o
 .bss           0x000000000080023a       0x1a ./main.o
                0x000000000080023a                lcd
                0x000000000080024d                currentAmount
                0x0000000000800251                global_state_
                0x0000000000800252                print_lcd_
 .bss           0x0000000000800254        0x0 /home/r0oland/workspace/IVAT/Eclipse_IDE/Arduino_Libs/Debug/libArduino.a(Print.o)
 .bss           0x0000000000800254        0x1 /home/r0oland/workspace/IVAT/Eclipse_IDE/Arduino_Libs/Debug/libArduino.a(WString.o)
 .bss           0x0000000000800255        0x0 /home/r0oland/workspace/IVAT/Eclipse_IDE/Arduino_Libs/Debug/libArduino.a(missing.o)
 .bss           0x0000000000800255        0x9 /home/r0oland/workspace/IVAT/Eclipse_IDE/Arduino_Libs/Debug/libArduino.a(wiring.o)
                0x0000000000800255                timer0_overflow_count
                0x0000000000800259                timer0_millis
 .bss           0x000000000080025e        0x0 /home/r0oland/workspace/IVAT/Eclipse_IDE/Arduino_Libs/Debug/libArduino.a(wiring_digital.o)
 .bss           0x000000000080025e        0x0 /home/r0oland/workspace/IVAT/Eclipse_IDE/Arduino_Libs/Debug/libArduino.a(pins_arduino.o)
 .bss           0x000000000080025e        0x0 /usr/lib/gcc/avr/4.3.5/avr5/libgcc.a(_udivmodsi4.o)
 .bss           0x000000000080025e        0x0 /usr/lib/gcc/avr/4.3.5/avr5/libgcc.a(_exit.o)
 .bss           0x000000000080025e        0x0 /usr/lib/gcc/avr/4.3.5/avr5/libgcc.a(_copy_data.o)
 .bss           0x000000000080025e        0x0 /usr/lib/gcc/avr/4.3.5/avr5/libgcc.a(_clear_bss.o)
 .bss           0x000000000080025e        0x0 /usr/lib/gcc/avr/4.3.5/avr5/libgcc.a(_ctors.o)
 .bss           0x000000000080025e        0x0 /usr/lib/gcc/avr/4.3.5/avr5/libgcc.a(_fixunssfsi.o)
 .bss           0x000000000080025e        0x0 /usr/lib/gcc/avr/4.3.5/avr5/libgcc.a(_addsub_sf.o)
 .bss           0x000000000080025e        0x0 /usr/lib/gcc/avr/4.3.5/avr5/libgcc.a(_mul_sf.o)
 .bss           0x000000000080025e        0x0 /usr/lib/gcc/avr/4.3.5/avr5/libgcc.a(_div_sf.o)
 .bss           0x000000000080025e        0x0 /usr/lib/gcc/avr/4.3.5/avr5/libgcc.a(_ge_sf.o)
 .bss           0x000000000080025e        0x0 /usr/lib/gcc/avr/4.3.5/avr5/libgcc.a(_lt_sf.o)
 .bss           0x000000000080025e        0x0 /usr/lib/gcc/avr/4.3.5/avr5/libgcc.a(_si_to_sf.o)
 .bss           0x000000000080025e        0x0 /usr/lib/gcc/avr/4.3.5/avr5/libgcc.a(_sf_to_si.o)
 .bss           0x000000000080025e        0x0 /usr/lib/gcc/avr/4.3.5/avr5/libgcc.a(_thenan_sf.o)
 .bss           0x000000000080025e        0x0 /usr/lib/gcc/avr/4.3.5/avr5/libgcc.a(_usi_to_sf.o)
 .bss           0x000000000080025e        0x0 /usr/lib/gcc/avr/4.3.5/avr5/libgcc.a(_prologue.o)
 .bss           0x000000000080025e        0x0 /usr/lib/gcc/avr/4.3.5/avr5/libgcc.a(_epilogue.o)
 .bss           0x000000000080025e        0x0 /usr/lib/gcc/avr/4.3.5/avr5/libgcc.a(_tablejump.o)
 .bss           0x000000000080025e        0x0 /usr/lib/gcc/avr/4.3.5/avr5/libgcc.a(_clzsi2.o)
 .bss           0x000000000080025e        0x0 /usr/lib/gcc/avr/4.3.5/avr5/libgcc.a(_pack_sf.o)
 .bss           0x000000000080025e        0x0 /usr/lib/gcc/avr/4.3.5/avr5/libgcc.a(_unpack_sf.o)
 .bss           0x000000000080025e        0x0 /usr/lib/gcc/avr/4.3.5/avr5/libgcc.a(_fpcmp_parts_sf.o)
 .bss           0x000000000080025e        0x0 /usr/lib/gcc/avr/4.3.5/avr5/libgcc.a(_clz.o)
 .bss           0x000000000080025e        0x0 /usr/lib/gcc/avr/4.3.5/../../../avr/lib/avr5/libc.a(malloc.o)
 .bss           0x000000000080025e        0x0 /usr/lib/gcc/avr/4.3.5/../../../avr/lib/avr5/libc.a(isspace.o)
 .bss           0x000000000080025e        0x0 /usr/lib/gcc/avr/4.3.5/../../../avr/lib/avr5/libc.a(tolower.o)
 .bss           0x000000000080025e        0x0 /usr/lib/gcc/avr/4.3.5/../../../avr/lib/avr5/libc.a(toupper.o)
 .bss           0x000000000080025e        0x0 /usr/lib/gcc/avr/4.3.5/../../../avr/lib/avr5/libc.a(strcat.o)
 .bss           0x000000000080025e        0x0 /usr/lib/gcc/avr/4.3.5/../../../avr/lib/avr5/libc.a(strchr.o)
 .bss           0x000000000080025e        0x0 /usr/lib/gcc/avr/4.3.5/../../../avr/lib/avr5/libc.a(strcmp.o)
 .bss           0x000000000080025e        0x0 /usr/lib/gcc/avr/4.3.5/../../../avr/lib/avr5/libc.a(strcpy.o)
 .bss           0x000000000080025e        0x0 /usr/lib/gcc/avr/4.3.5/../../../avr/lib/avr5/libc.a(strlen.o)
 .bss           0x000000000080025e        0x0 /usr/lib/gcc/avr/4.3.5/../../../avr/lib/avr5/libc.a(strncmp.o)
 .bss           0x000000000080025e        0x0 /usr/lib/gcc/avr/4.3.5/../../../avr/lib/avr5/libc.a(strncpy.o)
 .bss           0x000000000080025e        0x0 /usr/lib/gcc/avr/4.3.5/../../../avr/lib/avr5/libc.a(strrchr.o)
 .bss           0x000000000080025e        0x0 /usr/lib/gcc/avr/4.3.5/../../../avr/lib/avr5/libc.a(strstr.o)
 .bss           0x000000000080025e        0x0 /usr/lib/gcc/avr/4.3.5/../../../avr/lib/avr5/libc.a(itoa.o)
 .bss           0x000000000080025e        0x0 /usr/lib/gcc/avr/4.3.5/../../../avr/lib/avr5/libc.a(ltoa.o)
 .bss           0x000000000080025e        0x0 /usr/lib/gcc/avr/4.3.5/../../../avr/lib/avr5/libc.a(ultoa.o)
 .bss           0x000000000080025e        0x0 /usr/lib/gcc/avr/4.3.5/../../../avr/lib/avr5/libc.a(cty_isfalse.o)
 .bss           0x000000000080025e        0x0 /usr/lib/gcc/avr/4.3.5/../../../avr/lib/avr5/libc.a(strrev.o)
 .bss           0x000000000080025e        0x0 /usr/lib/gcc/avr/4.3.5/avr5/libgcc.a(_udivmodhi4.o)
 *(.bss*)
 *(COMMON)
 COMMON         0x000000000080025e        0x4 /usr/lib/gcc/avr/4.3.5/../../../avr/lib/avr5/libc.a(malloc.o)
                0x000000000080025e                __brkval
                0x0000000000800260                __flp
                0x0000000000800262                PROVIDE (__bss_end, .)
                0x0000000000004fba                __data_load_start = LOADADDR (.data)
                0x00000000000050f4                __data_load_end = (__data_load_start + SIZEOF (.data))

.noinit         0x0000000000800262        0x0
                0x0000000000800262                PROVIDE (__noinit_start, .)
 *(.noinit*)
                0x0000000000800262                PROVIDE (__noinit_end, .)
                0x0000000000800262                _end = .
                0x0000000000800262                PROVIDE (__heap_start, .)

.eeprom         0x0000000000810000        0x0
 *(.eeprom*)
                0x0000000000810000                __eeprom_end = .

.fuse
 *(.fuse)
 *(.lfuse)
 *(.hfuse)
 *(.efuse)

.lock
 *(.lock*)

.signature
 *(.signature*)

.stab           0x0000000000000000     0x7e48
 *(.stab)
 .stab          0x0000000000000000      0x6b4 /usr/lib/gcc/avr/4.3.5/../../../avr/lib/avr5/crtm328p.o
 .stab          0x00000000000006b4     0x1548 ./LiquidCrystal.o
                                       0x1554 (size before relaxing)
 .stab          0x0000000000001bfc      0x4b0 ./functions.o
                                        0x4bc (size before relaxing)
 .stab          0x00000000000020ac      0x5a0 ./main.o
                                        0x5ac (size before relaxing)
 .stab          0x000000000000264c      0xe58 /home/r0oland/workspace/IVAT/Eclipse_IDE/Arduino_Libs/Debug/libArduino.a(Print.o)
                                        0xe64 (size before relaxing)
 .stab          0x00000000000034a4     0x1fd4 /home/r0oland/workspace/IVAT/Eclipse_IDE/Arduino_Libs/Debug/libArduino.a(WString.o)
                                       0x1fe0 (size before relaxing)
 .stab          0x0000000000005478       0xf0 /home/r0oland/workspace/IVAT/Eclipse_IDE/Arduino_Libs/Debug/libArduino.a(missing.o)
                                         0xfc (size before relaxing)
 .stab          0x0000000000005568      0x81c /home/r0oland/workspace/IVAT/Eclipse_IDE/Arduino_Libs/Debug/libArduino.a(wiring.o)
                                        0x828 (size before relaxing)
 .stab          0x0000000000005d84      0x888 /home/r0oland/workspace/IVAT/Eclipse_IDE/Arduino_Libs/Debug/libArduino.a(wiring_digital.o)
                                        0xb28 (size before relaxing)
 .stab          0x000000000000660c      0x1f8 /home/r0oland/workspace/IVAT/Eclipse_IDE/Arduino_Libs/Debug/libArduino.a(pins_arduino.o)
                                        0x534 (size before relaxing)
 .stab          0x0000000000006804      0x6f0 /usr/lib/gcc/avr/4.3.5/../../../avr/lib/avr5/libc.a(malloc.o)
                                        0x6fc (size before relaxing)
 .stab          0x0000000000006ef4       0x9c /usr/lib/gcc/avr/4.3.5/../../../avr/lib/avr5/libc.a(isspace.o)
                                         0xa8 (size before relaxing)
 .stab          0x0000000000006f90       0x9c /usr/lib/gcc/avr/4.3.5/../../../avr/lib/avr5/libc.a(tolower.o)
                                         0xa8 (size before relaxing)
 .stab          0x000000000000702c       0x9c /usr/lib/gcc/avr/4.3.5/../../../avr/lib/avr5/libc.a(toupper.o)
                                         0xa8 (size before relaxing)
 .stab          0x00000000000070c8       0x9c /usr/lib/gcc/avr/4.3.5/../../../avr/lib/avr5/libc.a(strcat.o)
                                         0xa8 (size before relaxing)
 .stab          0x0000000000007164       0x9c /usr/lib/gcc/avr/4.3.5/../../../avr/lib/avr5/libc.a(strchr.o)
                                         0xa8 (size before relaxing)
 .stab          0x0000000000007200       0x84 /usr/lib/gcc/avr/4.3.5/../../../avr/lib/avr5/libc.a(strcmp.o)
                                         0x90 (size before relaxing)
 .stab          0x0000000000007284       0x6c /usr/lib/gcc/avr/4.3.5/../../../avr/lib/avr5/libc.a(strcpy.o)
                                         0x78 (size before relaxing)
 .stab          0x00000000000072f0       0x84 /usr/lib/gcc/avr/4.3.5/../../../avr/lib/avr5/libc.a(strlen.o)
                                         0x90 (size before relaxing)
 .stab          0x0000000000007374       0xc0 /usr/lib/gcc/avr/4.3.5/../../../avr/lib/avr5/libc.a(strncmp.o)
                                         0xcc (size before relaxing)
 .stab          0x0000000000007434       0xcc /usr/lib/gcc/avr/4.3.5/../../../avr/lib/avr5/libc.a(strncpy.o)
                                         0xd8 (size before relaxing)
 .stab          0x0000000000007500       0x9c /usr/lib/gcc/avr/4.3.5/../../../avr/lib/avr5/libc.a(strrchr.o)
                                         0xa8 (size before relaxing)
 .stab          0x000000000000759c      0x150 /usr/lib/gcc/avr/4.3.5/../../../avr/lib/avr5/libc.a(strstr.o)
                                        0x15c (size before relaxing)
 .stab          0x00000000000076ec      0x1b0 /usr/lib/gcc/avr/4.3.5/../../../avr/lib/avr5/libc.a(itoa.o)
                                        0x1bc (size before relaxing)
 .stab          0x000000000000789c      0x294 /usr/lib/gcc/avr/4.3.5/../../../avr/lib/avr5/libc.a(ltoa.o)
                                        0x2a0 (size before relaxing)
 .stab          0x0000000000007b30      0x1e0 /usr/lib/gcc/avr/4.3.5/../../../avr/lib/avr5/libc.a(ultoa.o)
                                        0x1ec (size before relaxing)
 .stab          0x0000000000007d10       0x60 /usr/lib/gcc/avr/4.3.5/../../../avr/lib/avr5/libc.a(cty_isfalse.o)
                                         0x6c (size before relaxing)
 .stab          0x0000000000007d70       0xd8 /usr/lib/gcc/avr/4.3.5/../../../avr/lib/avr5/libc.a(strrev.o)
                                         0xe4 (size before relaxing)

.stabstr        0x0000000000000000     0x40bb
 *(.stabstr)
 .stabstr       0x0000000000000000     0x40bb /usr/lib/gcc/avr/4.3.5/../../../avr/lib/avr5/crtm328p.o

.stab.excl
 *(.stab.excl)

.stab.exclstr
 *(.stab.exclstr)

.stab.index
 *(.stab.index)

.stab.indexstr
 *(.stab.indexstr)

.comment
 *(.comment)

.debug
 *(.debug)

.line
 *(.line)

.debug_srcinfo
 *(.debug_srcinfo)

.debug_sfnames
 *(.debug_sfnames)

.debug_aranges
 *(.debug_aranges)

.debug_pubnames
 *(.debug_pubnames)

.debug_info
 *(.debug_info)
 *(.gnu.linkonce.wi.*)

.debug_abbrev
 *(.debug_abbrev)

.debug_line
 *(.debug_line)

.debug_frame
 *(.debug_frame)

.debug_str
 *(.debug_str)

.debug_loc
 *(.debug_loc)

.debug_macinfo
 *(.debug_macinfo)
OUTPUT(Blink.elf elf32-avr)
LOAD linker stubs

Cross Reference Table

Symbol                                            File
LiquidCrystal::LiquidCrystal(unsigned char, unsigned char, unsigned char, unsigned char, unsigned char, unsigned char) ./LiquidCrystal.o
LiquidCrystal::LiquidCrystal(unsigned char, unsigned char, unsigned char, unsigned char, unsigned char, unsigned char) ./LiquidCrystal.o
                                                  ./main.o
LiquidCrystal::LiquidCrystal(unsigned char, unsigned char, unsigned char, unsigned char, unsigned char, unsigned char, unsigned char) ./LiquidCrystal.o
LiquidCrystal::LiquidCrystal(unsigned char, unsigned char, unsigned char, unsigned char, unsigned char, unsigned char, unsigned char) ./LiquidCrystal.o
LiquidCrystal::LiquidCrystal(unsigned char, unsigned char, unsigned char, unsigned char, unsigned char, unsigned char, unsigned char, unsigned char, unsigned char, unsigned char) ./LiquidCrystal.o
LiquidCrystal::LiquidCrystal(unsigned char, unsigned char, unsigned char, unsigned char, unsigned char, unsigned char, unsigned char, unsigned char, unsigned char, unsigned char) ./LiquidCrystal.o
LiquidCrystal::LiquidCrystal(unsigned char, unsigned char, unsigned char, unsigned char, unsigned char, unsigned char, unsigned char, unsigned char, unsigned char, unsigned char, unsigned char) ./LiquidCrystal.o
LiquidCrystal::LiquidCrystal(unsigned char, unsigned char, unsigned char, unsigned char, unsigned char, unsigned char, unsigned char, unsigned char, unsigned char, unsigned char, unsigned char) ./LiquidCrystal.o
LiquidCrystal::autoscroll()                       ./LiquidCrystal.o
LiquidCrystal::begin(unsigned char, unsigned char, unsigned char) ./LiquidCrystal.o
                                                  ./main.o
LiquidCrystal::blink()                            ./LiquidCrystal.o
LiquidCrystal::clear()                            ./LiquidCrystal.o
                                                  ./functions.o
LiquidCrystal::command(unsigned char)             ./LiquidCrystal.o
LiquidCrystal::createChar(unsigned char, unsigned char*) ./LiquidCrystal.o
LiquidCrystal::cursor()                           ./LiquidCrystal.o
LiquidCrystal::display()                          ./LiquidCrystal.o
LiquidCrystal::home()                             ./LiquidCrystal.o
LiquidCrystal::init(unsigned char, unsigned char, unsigned char, unsigned char, unsigned char, unsigned char, unsigned char, unsigned char, unsigned char, unsigned char, unsigned char, unsigned char) ./LiquidCrystal.o
LiquidCrystal::leftToRight()                      ./LiquidCrystal.o
LiquidCrystal::noAutoscroll()                     ./LiquidCrystal.o
LiquidCrystal::noBlink()                          ./LiquidCrystal.o
LiquidCrystal::noCursor()                         ./LiquidCrystal.o
LiquidCrystal::noDisplay()                        ./LiquidCrystal.o
LiquidCrystal::pulseEnable()                      ./LiquidCrystal.o
LiquidCrystal::rightToLeft()                      ./LiquidCrystal.o
LiquidCrystal::scrollDisplayLeft()                ./LiquidCrystal.o
LiquidCrystal::scrollDisplayRight()               ./LiquidCrystal.o
LiquidCrystal::send(unsigned char, unsigned char) ./LiquidCrystal.o
LiquidCrystal::setCursor(unsigned char, unsigned char) ./LiquidCrystal.o
LiquidCrystal::write(unsigned char)               ./LiquidCrystal.o
LiquidCrystal::write4bits(unsigned char)          ./LiquidCrystal.o
LiquidCrystal::write8bits(unsigned char)          ./LiquidCrystal.o
Print::Print()                                    ./LiquidCrystal.o
Print::print(String const&)                       /home/r0oland/workspace/IVAT/Eclipse_IDE/Arduino_Libs/Debug/libArduino.a(Print.o)
Print::print(char const*)                         /home/r0oland/workspace/IVAT/Eclipse_IDE/Arduino_Libs/Debug/libArduino.a(Print.o)
Print::print(char, int)                           /home/r0oland/workspace/IVAT/Eclipse_IDE/Arduino_Libs/Debug/libArduino.a(Print.o)
Print::print(double, int)                         /home/r0oland/workspace/IVAT/Eclipse_IDE/Arduino_Libs/Debug/libArduino.a(Print.o)
Print::print(int, int)                            /home/r0oland/workspace/IVAT/Eclipse_IDE/Arduino_Libs/Debug/libArduino.a(Print.o)
Print::print(long, int)                           /home/r0oland/workspace/IVAT/Eclipse_IDE/Arduino_Libs/Debug/libArduino.a(Print.o)
Print::print(unsigned char, int)                  /home/r0oland/workspace/IVAT/Eclipse_IDE/Arduino_Libs/Debug/libArduino.a(Print.o)
Print::print(unsigned int, int)                   /home/r0oland/workspace/IVAT/Eclipse_IDE/Arduino_Libs/Debug/libArduino.a(Print.o)
Print::print(unsigned long, int)                  /home/r0oland/workspace/IVAT/Eclipse_IDE/Arduino_Libs/Debug/libArduino.a(Print.o)
Print::printFloat(double, unsigned char)          /home/r0oland/workspace/IVAT/Eclipse_IDE/Arduino_Libs/Debug/libArduino.a(Print.o)
Print::printNumber(unsigned long, unsigned char)  /home/r0oland/workspace/IVAT/Eclipse_IDE/Arduino_Libs/Debug/libArduino.a(Print.o)
Print::println()                                  /home/r0oland/workspace/IVAT/Eclipse_IDE/Arduino_Libs/Debug/libArduino.a(Print.o)
Print::println(String const&)                     /home/r0oland/workspace/IVAT/Eclipse_IDE/Arduino_Libs/Debug/libArduino.a(Print.o)
Print::println(char const*)                       /home/r0oland/workspace/IVAT/Eclipse_IDE/Arduino_Libs/Debug/libArduino.a(Print.o)
Print::println(char, int)                         /home/r0oland/workspace/IVAT/Eclipse_IDE/Arduino_Libs/Debug/libArduino.a(Print.o)
Print::println(double, int)                       /home/r0oland/workspace/IVAT/Eclipse_IDE/Arduino_Libs/Debug/libArduino.a(Print.o)
Print::println(int, int)                          /home/r0oland/workspace/IVAT/Eclipse_IDE/Arduino_Libs/Debug/libArduino.a(Print.o)
Print::println(long, int)                         /home/r0oland/workspace/IVAT/Eclipse_IDE/Arduino_Libs/Debug/libArduino.a(Print.o)
Print::println(unsigned char, int)                /home/r0oland/workspace/IVAT/Eclipse_IDE/Arduino_Libs/Debug/libArduino.a(Print.o)
Print::println(unsigned int, int)                 /home/r0oland/workspace/IVAT/Eclipse_IDE/Arduino_Libs/Debug/libArduino.a(Print.o)
Print::println(unsigned long, int)                /home/r0oland/workspace/IVAT/Eclipse_IDE/Arduino_Libs/Debug/libArduino.a(Print.o)
Print::write(char const*)                         /home/r0oland/workspace/IVAT/Eclipse_IDE/Arduino_Libs/Debug/libArduino.a(Print.o)
                                                  ./LiquidCrystal.o
Print::write(unsigned char const*, unsigned int)  /home/r0oland/workspace/IVAT/Eclipse_IDE/Arduino_Libs/Debug/libArduino.a(Print.o)
                                                  ./LiquidCrystal.o
String::String(String const&)                     /home/r0oland/workspace/IVAT/Eclipse_IDE/Arduino_Libs/Debug/libArduino.a(WString.o)
String::String(String const&)                     /home/r0oland/workspace/IVAT/Eclipse_IDE/Arduino_Libs/Debug/libArduino.a(WString.o)
String::String(char const*)                       /home/r0oland/workspace/IVAT/Eclipse_IDE/Arduino_Libs/Debug/libArduino.a(WString.o)
String::String(char const*)                       /home/r0oland/workspace/IVAT/Eclipse_IDE/Arduino_Libs/Debug/libArduino.a(WString.o)
String::String(char)                              /home/r0oland/workspace/IVAT/Eclipse_IDE/Arduino_Libs/Debug/libArduino.a(WString.o)
String::String(char)                              /home/r0oland/workspace/IVAT/Eclipse_IDE/Arduino_Libs/Debug/libArduino.a(WString.o)
String::String(int, int)                          /home/r0oland/workspace/IVAT/Eclipse_IDE/Arduino_Libs/Debug/libArduino.a(WString.o)
String::String(int, int)                          /home/r0oland/workspace/IVAT/Eclipse_IDE/Arduino_Libs/Debug/libArduino.a(WString.o)
String::String(long, int)                         /home/r0oland/workspace/IVAT/Eclipse_IDE/Arduino_Libs/Debug/libArduino.a(WString.o)
String::String(long, int)                         /home/r0oland/workspace/IVAT/Eclipse_IDE/Arduino_Libs/Debug/libArduino.a(WString.o)
String::String(unsigned char)                     /home/r0oland/workspace/IVAT/Eclipse_IDE/Arduino_Libs/Debug/libArduino.a(WString.o)
String::String(unsigned char)                     /home/r0oland/workspace/IVAT/Eclipse_IDE/Arduino_Libs/Debug/libArduino.a(WString.o)
String::String(unsigned int, int)                 /home/r0oland/workspace/IVAT/Eclipse_IDE/Arduino_Libs/Debug/libArduino.a(WString.o)
String::String(unsigned int, int)                 /home/r0oland/workspace/IVAT/Eclipse_IDE/Arduino_Libs/Debug/libArduino.a(WString.o)
String::String(unsigned long, int)                /home/r0oland/workspace/IVAT/Eclipse_IDE/Arduino_Libs/Debug/libArduino.a(WString.o)
String::String(unsigned long, int)                /home/r0oland/workspace/IVAT/Eclipse_IDE/Arduino_Libs/Debug/libArduino.a(WString.o)
String::charAt(unsigned int) const                /home/r0oland/workspace/IVAT/Eclipse_IDE/Arduino_Libs/Debug/libArduino.a(WString.o)
String::compareTo(String const&) const            /home/r0oland/workspace/IVAT/Eclipse_IDE/Arduino_Libs/Debug/libArduino.a(WString.o)
String::concat(String const&)                     /home/r0oland/workspace/IVAT/Eclipse_IDE/Arduino_Libs/Debug/libArduino.a(WString.o)
String::endsWith(String const&) const             /home/r0oland/workspace/IVAT/Eclipse_IDE/Arduino_Libs/Debug/libArduino.a(WString.o)
String::equals(String const&) const               /home/r0oland/workspace/IVAT/Eclipse_IDE/Arduino_Libs/Debug/libArduino.a(WString.o)
String::equalsIgnoreCase(String const&) const     /home/r0oland/workspace/IVAT/Eclipse_IDE/Arduino_Libs/Debug/libArduino.a(WString.o)
String::getBuffer(unsigned int)                   /home/r0oland/workspace/IVAT/Eclipse_IDE/Arduino_Libs/Debug/libArduino.a(WString.o)
String::getBytes(unsigned char*, unsigned int)    /home/r0oland/workspace/IVAT/Eclipse_IDE/Arduino_Libs/Debug/libArduino.a(WString.o)
String::indexOf(String const&) const              /home/r0oland/workspace/IVAT/Eclipse_IDE/Arduino_Libs/Debug/libArduino.a(WString.o)
String::indexOf(String const&, unsigned int) const /home/r0oland/workspace/IVAT/Eclipse_IDE/Arduino_Libs/Debug/libArduino.a(WString.o)
String::indexOf(char) const                       /home/r0oland/workspace/IVAT/Eclipse_IDE/Arduino_Libs/Debug/libArduino.a(WString.o)
String::indexOf(char, unsigned int) const         /home/r0oland/workspace/IVAT/Eclipse_IDE/Arduino_Libs/Debug/libArduino.a(WString.o)
String::lastIndexOf(String const&) const          /home/r0oland/workspace/IVAT/Eclipse_IDE/Arduino_Libs/Debug/libArduino.a(WString.o)
String::lastIndexOf(String const&, unsigned int) const /home/r0oland/workspace/IVAT/Eclipse_IDE/Arduino_Libs/Debug/libArduino.a(WString.o)
String::lastIndexOf(char) const                   /home/r0oland/workspace/IVAT/Eclipse_IDE/Arduino_Libs/Debug/libArduino.a(WString.o)
String::lastIndexOf(char, unsigned int) const     /home/r0oland/workspace/IVAT/Eclipse_IDE/Arduino_Libs/Debug/libArduino.a(WString.o)
String::length() const                            /home/r0oland/workspace/IVAT/Eclipse_IDE/Arduino_Libs/Debug/libArduino.a(Print.o)
String::operator!=(String const&) const           /home/r0oland/workspace/IVAT/Eclipse_IDE/Arduino_Libs/Debug/libArduino.a(WString.o)
String::operator+=(String const&)                 /home/r0oland/workspace/IVAT/Eclipse_IDE/Arduino_Libs/Debug/libArduino.a(WString.o)
String::operator<(String const&) const            /home/r0oland/workspace/IVAT/Eclipse_IDE/Arduino_Libs/Debug/libArduino.a(WString.o)
String::operator<=(String const&) const           /home/r0oland/workspace/IVAT/Eclipse_IDE/Arduino_Libs/Debug/libArduino.a(WString.o)
String::operator=(String const&)                  /home/r0oland/workspace/IVAT/Eclipse_IDE/Arduino_Libs/Debug/libArduino.a(WString.o)
String::operator==(String const&) const           /home/r0oland/workspace/IVAT/Eclipse_IDE/Arduino_Libs/Debug/libArduino.a(WString.o)
String::operator>(String const&) const            /home/r0oland/workspace/IVAT/Eclipse_IDE/Arduino_Libs/Debug/libArduino.a(WString.o)
String::operator>=(String const&) const           /home/r0oland/workspace/IVAT/Eclipse_IDE/Arduino_Libs/Debug/libArduino.a(WString.o)
String::operator[](unsigned int)                  /home/r0oland/workspace/IVAT/Eclipse_IDE/Arduino_Libs/Debug/libArduino.a(WString.o)
String::operator[](unsigned int) const            /home/r0oland/workspace/IVAT/Eclipse_IDE/Arduino_Libs/Debug/libArduino.a(WString.o)
                                                  /home/r0oland/workspace/IVAT/Eclipse_IDE/Arduino_Libs/Debug/libArduino.a(Print.o)
String::replace(String const&, String const&)     /home/r0oland/workspace/IVAT/Eclipse_IDE/Arduino_Libs/Debug/libArduino.a(WString.o)
String::replace(char, char)                       /home/r0oland/workspace/IVAT/Eclipse_IDE/Arduino_Libs/Debug/libArduino.a(WString.o)
String::setCharAt(unsigned int, char)             /home/r0oland/workspace/IVAT/Eclipse_IDE/Arduino_Libs/Debug/libArduino.a(WString.o)
String::startsWith(String const&) const           /home/r0oland/workspace/IVAT/Eclipse_IDE/Arduino_Libs/Debug/libArduino.a(WString.o)
String::startsWith(String const&, unsigned int) const /home/r0oland/workspace/IVAT/Eclipse_IDE/Arduino_Libs/Debug/libArduino.a(WString.o)
String::substring(unsigned int) const             /home/r0oland/workspace/IVAT/Eclipse_IDE/Arduino_Libs/Debug/libArduino.a(WString.o)
String::substring(unsigned int, unsigned int) const /home/r0oland/workspace/IVAT/Eclipse_IDE/Arduino_Libs/Debug/libArduino.a(WString.o)
String::toCharArray(char*, unsigned int)          /home/r0oland/workspace/IVAT/Eclipse_IDE/Arduino_Libs/Debug/libArduino.a(WString.o)
String::toLowerCase() const                       /home/r0oland/workspace/IVAT/Eclipse_IDE/Arduino_Libs/Debug/libArduino.a(WString.o)
String::toUpperCase() const                       /home/r0oland/workspace/IVAT/Eclipse_IDE/Arduino_Libs/Debug/libArduino.a(WString.o)
String::trim() const                              /home/r0oland/workspace/IVAT/Eclipse_IDE/Arduino_Libs/Debug/libArduino.a(WString.o)
String::~String()                                 /home/r0oland/workspace/IVAT/Eclipse_IDE/Arduino_Libs/Debug/libArduino.a(WString.o)
__addsf3                                          /usr/lib/gcc/avr/4.3.5/avr5/libgcc.a(_addsub_sf.o)
                                                  /home/r0oland/workspace/IVAT/Eclipse_IDE/Arduino_Libs/Debug/libArduino.a(Print.o)
__bad_interrupt                                   /usr/lib/gcc/avr/4.3.5/../../../avr/lib/avr5/crtm328p.o
__brkval                                          /usr/lib/gcc/avr/4.3.5/../../../avr/lib/avr5/libc.a(malloc.o)
__bss_end                                         /usr/lib/gcc/avr/4.3.5/avr5/libgcc.a(_clear_bss.o)
__bss_start                                       /usr/lib/gcc/avr/4.3.5/avr5/libgcc.a(_clear_bss.o)
__clz_tab                                         /usr/lib/gcc/avr/4.3.5/avr5/libgcc.a(_clz.o)
                                                  /usr/lib/gcc/avr/4.3.5/avr5/libgcc.a(_clzsi2.o)
__clzsi2                                          /usr/lib/gcc/avr/4.3.5/avr5/libgcc.a(_clzsi2.o)
                                                  /usr/lib/gcc/avr/4.3.5/avr5/libgcc.a(_usi_to_sf.o)
                                                  /usr/lib/gcc/avr/4.3.5/avr5/libgcc.a(_si_to_sf.o)
__ctors_end                                       /usr/lib/gcc/avr/4.3.5/avr5/libgcc.a(_ctors.o)
__ctors_start                                     /usr/lib/gcc/avr/4.3.5/avr5/libgcc.a(_ctors.o)
__ctype_isfalse                                   /usr/lib/gcc/avr/4.3.5/../../../avr/lib/avr5/libc.a(cty_isfalse.o)
                                                  /usr/lib/gcc/avr/4.3.5/../../../avr/lib/avr5/libc.a(isspace.o)
__ctype_istrue                                    /usr/lib/gcc/avr/4.3.5/../../../avr/lib/avr5/libc.a(cty_isfalse.o)
__cxa_pure_virtual                                /home/r0oland/workspace/IVAT/Eclipse_IDE/Arduino_Libs/Debug/libArduino.a(missing.o)
                                                  /home/r0oland/workspace/IVAT/Eclipse_IDE/Arduino_Libs/Debug/libArduino.a(Print.o)
__data_end                                        /usr/lib/gcc/avr/4.3.5/avr5/libgcc.a(_copy_data.o)
__data_load_start                                 /usr/lib/gcc/avr/4.3.5/avr5/libgcc.a(_copy_data.o)
__data_start                                      /usr/lib/gcc/avr/4.3.5/avr5/libgcc.a(_copy_data.o)
__divsf3                                          /usr/lib/gcc/avr/4.3.5/avr5/libgcc.a(_div_sf.o)
                                                  /home/r0oland/workspace/IVAT/Eclipse_IDE/Arduino_Libs/Debug/libArduino.a(Print.o)
__do_clear_bss                                    /usr/lib/gcc/avr/4.3.5/avr5/libgcc.a(_clear_bss.o)
                                                  /usr/lib/gcc/avr/4.3.5/../../../avr/lib/avr5/libc.a(malloc.o)
                                                  /home/r0oland/workspace/IVAT/Eclipse_IDE/Arduino_Libs/Debug/libArduino.a(wiring.o)
                                                  /home/r0oland/workspace/IVAT/Eclipse_IDE/Arduino_Libs/Debug/libArduino.a(WString.o)
                                                  ./main.o
__do_copy_data                                    /usr/lib/gcc/avr/4.3.5/avr5/libgcc.a(_copy_data.o)
                                                  /usr/lib/gcc/avr/4.3.5/../../../avr/lib/avr5/libc.a(malloc.o)
                                                  /usr/lib/gcc/avr/4.3.5/avr5/libgcc.a(_clz.o)
                                                  /usr/lib/gcc/avr/4.3.5/avr5/libgcc.a(_thenan_sf.o)
                                                  /home/r0oland/workspace/IVAT/Eclipse_IDE/Arduino_Libs/Debug/libArduino.a(pins_arduino.o)
                                                  /home/r0oland/workspace/IVAT/Eclipse_IDE/Arduino_Libs/Debug/libArduino.a(wiring_digital.o)
                                                  /home/r0oland/workspace/IVAT/Eclipse_IDE/Arduino_Libs/Debug/libArduino.a(WString.o)
                                                  /home/r0oland/workspace/IVAT/Eclipse_IDE/Arduino_Libs/Debug/libArduino.a(Print.o)
                                                  ./main.o
                                                  ./LiquidCrystal.o
__do_global_ctors                                 /usr/lib/gcc/avr/4.3.5/avr5/libgcc.a(_ctors.o)
                                                  ./main.o
__epilogue_restores__                             /usr/lib/gcc/avr/4.3.5/avr5/libgcc.a(_epilogue.o)
                                                  /usr/lib/gcc/avr/4.3.5/avr5/libgcc.a(_usi_to_sf.o)
                                                  /usr/lib/gcc/avr/4.3.5/avr5/libgcc.a(_sf_to_si.o)
                                                  /usr/lib/gcc/avr/4.3.5/avr5/libgcc.a(_si_to_sf.o)
                                                  /usr/lib/gcc/avr/4.3.5/avr5/libgcc.a(_lt_sf.o)
                                                  /usr/lib/gcc/avr/4.3.5/avr5/libgcc.a(_ge_sf.o)
                                                  /usr/lib/gcc/avr/4.3.5/avr5/libgcc.a(_div_sf.o)
                                                  /usr/lib/gcc/avr/4.3.5/avr5/libgcc.a(_mul_sf.o)
                                                  /usr/lib/gcc/avr/4.3.5/avr5/libgcc.a(_addsub_sf.o)
__fixsfsi                                         /usr/lib/gcc/avr/4.3.5/avr5/libgcc.a(_sf_to_si.o)
                                                  /usr/lib/gcc/avr/4.3.5/avr5/libgcc.a(_fixunssfsi.o)
                                                  /home/r0oland/workspace/IVAT/Eclipse_IDE/Arduino_Libs/Debug/libArduino.a(Print.o)
__fixunssfsi                                      /usr/lib/gcc/avr/4.3.5/avr5/libgcc.a(_fixunssfsi.o)
                                                  /home/r0oland/workspace/IVAT/Eclipse_IDE/Arduino_Libs/Debug/libArduino.a(Print.o)
__floatsisf                                       /usr/lib/gcc/avr/4.3.5/avr5/libgcc.a(_si_to_sf.o)
                                                  /home/r0oland/workspace/IVAT/Eclipse_IDE/Arduino_Libs/Debug/libArduino.a(Print.o)
__floatunsisf                                     /usr/lib/gcc/avr/4.3.5/avr5/libgcc.a(_usi_to_sf.o)
                                                  /home/r0oland/workspace/IVAT/Eclipse_IDE/Arduino_Libs/Debug/libArduino.a(Print.o)
__flp                                             /usr/lib/gcc/avr/4.3.5/../../../avr/lib/avr5/libc.a(malloc.o)
__fpcmp_parts_f                                   /usr/lib/gcc/avr/4.3.5/avr5/libgcc.a(_fpcmp_parts_sf.o)
                                                  /usr/lib/gcc/avr/4.3.5/avr5/libgcc.a(_lt_sf.o)
                                                  /usr/lib/gcc/avr/4.3.5/avr5/libgcc.a(_ge_sf.o)
__gesf2                                           /usr/lib/gcc/avr/4.3.5/avr5/libgcc.a(_ge_sf.o)
                                                  /usr/lib/gcc/avr/4.3.5/avr5/libgcc.a(_fixunssfsi.o)
__heap_end                                        /usr/lib/gcc/avr/4.3.5/../../../avr/lib/avr5/crtm328p.o
                                                  /usr/lib/gcc/avr/4.3.5/../../../avr/lib/avr5/libc.a(malloc.o)
__heap_start                                      /usr/lib/gcc/avr/4.3.5/../../../avr/lib/avr5/libc.a(malloc.o)
__init                                            /usr/lib/gcc/avr/4.3.5/../../../avr/lib/avr5/crtm328p.o
__ltsf2                                           /usr/lib/gcc/avr/4.3.5/avr5/libgcc.a(_lt_sf.o)
                                                  /home/r0oland/workspace/IVAT/Eclipse_IDE/Arduino_Libs/Debug/libArduino.a(Print.o)
__malloc_heap_end                                 /usr/lib/gcc/avr/4.3.5/../../../avr/lib/avr5/libc.a(malloc.o)
__malloc_heap_start                               /usr/lib/gcc/avr/4.3.5/../../../avr/lib/avr5/libc.a(malloc.o)
__malloc_margin                                   /usr/lib/gcc/avr/4.3.5/../../../avr/lib/avr5/libc.a(malloc.o)
__mulsf3                                          /usr/lib/gcc/avr/4.3.5/avr5/libgcc.a(_mul_sf.o)
                                                  /home/r0oland/workspace/IVAT/Eclipse_IDE/Arduino_Libs/Debug/libArduino.a(Print.o)
__pack_f                                          /usr/lib/gcc/avr/4.3.5/avr5/libgcc.a(_pack_sf.o)
                                                  /usr/lib/gcc/avr/4.3.5/avr5/libgcc.a(_usi_to_sf.o)
                                                  /usr/lib/gcc/avr/4.3.5/avr5/libgcc.a(_si_to_sf.o)
                                                  /usr/lib/gcc/avr/4.3.5/avr5/libgcc.a(_div_sf.o)
                                                  /usr/lib/gcc/avr/4.3.5/avr5/libgcc.a(_mul_sf.o)
                                                  /usr/lib/gcc/avr/4.3.5/avr5/libgcc.a(_addsub_sf.o)
__prologue_saves__                                /usr/lib/gcc/avr/4.3.5/avr5/libgcc.a(_prologue.o)
                                                  /usr/lib/gcc/avr/4.3.5/avr5/libgcc.a(_usi_to_sf.o)
                                                  /usr/lib/gcc/avr/4.3.5/avr5/libgcc.a(_sf_to_si.o)
                                                  /usr/lib/gcc/avr/4.3.5/avr5/libgcc.a(_si_to_sf.o)
                                                  /usr/lib/gcc/avr/4.3.5/avr5/libgcc.a(_lt_sf.o)
                                                  /usr/lib/gcc/avr/4.3.5/avr5/libgcc.a(_ge_sf.o)
                                                  /usr/lib/gcc/avr/4.3.5/avr5/libgcc.a(_div_sf.o)
                                                  /usr/lib/gcc/avr/4.3.5/avr5/libgcc.a(_mul_sf.o)
                                                  /usr/lib/gcc/avr/4.3.5/avr5/libgcc.a(_addsub_sf.o)
__stack                                           /usr/lib/gcc/avr/4.3.5/../../../avr/lib/avr5/crtm328p.o
__subsf3                                          /usr/lib/gcc/avr/4.3.5/avr5/libgcc.a(_addsub_sf.o)
                                                  /usr/lib/gcc/avr/4.3.5/avr5/libgcc.a(_fixunssfsi.o)
                                                  /home/r0oland/workspace/IVAT/Eclipse_IDE/Arduino_Libs/Debug/libArduino.a(Print.o)
__tablejump2__                                    /usr/lib/gcc/avr/4.3.5/avr5/libgcc.a(_tablejump.o)
__tablejump__                                     /usr/lib/gcc/avr/4.3.5/avr5/libgcc.a(_tablejump.o)
                                                  /usr/lib/gcc/avr/4.3.5/avr5/libgcc.a(_ctors.o)
__thenan_sf                                       /usr/lib/gcc/avr/4.3.5/avr5/libgcc.a(_thenan_sf.o)
                                                  /usr/lib/gcc/avr/4.3.5/avr5/libgcc.a(_div_sf.o)
                                                  /usr/lib/gcc/avr/4.3.5/avr5/libgcc.a(_mul_sf.o)
                                                  /usr/lib/gcc/avr/4.3.5/avr5/libgcc.a(_addsub_sf.o)
__udivmodhi4                                      /usr/lib/gcc/avr/4.3.5/avr5/libgcc.a(_udivmodhi4.o)
                                                  /usr/lib/gcc/avr/4.3.5/../../../avr/lib/avr5/libc.a(itoa.o)
__udivmodsi4                                      /usr/lib/gcc/avr/4.3.5/avr5/libgcc.a(_udivmodsi4.o)
                                                  /usr/lib/gcc/avr/4.3.5/../../../avr/lib/avr5/libc.a(ultoa.o)
                                                  /usr/lib/gcc/avr/4.3.5/../../../avr/lib/avr5/libc.a(ltoa.o)
                                                  /home/r0oland/workspace/IVAT/Eclipse_IDE/Arduino_Libs/Debug/libArduino.a(Print.o)
__unpack_f                                        /usr/lib/gcc/avr/4.3.5/avr5/libgcc.a(_unpack_sf.o)
                                                  /usr/lib/gcc/avr/4.3.5/avr5/libgcc.a(_sf_to_si.o)
                                                  /usr/lib/gcc/avr/4.3.5/avr5/libgcc.a(_lt_sf.o)
                                                  /usr/lib/gcc/avr/4.3.5/avr5/libgcc.a(_ge_sf.o)
                                                  /usr/lib/gcc/avr/4.3.5/avr5/libgcc.a(_div_sf.o)
                                                  /usr/lib/gcc/avr/4.3.5/avr5/libgcc.a(_mul_sf.o)
                                                  /usr/lib/gcc/avr/4.3.5/avr5/libgcc.a(_addsub_sf.o)
__vector_1                                        /usr/lib/gcc/avr/4.3.5/../../../avr/lib/avr5/crtm328p.o
__vector_10                                       /usr/lib/gcc/avr/4.3.5/../../../avr/lib/avr5/crtm328p.o
__vector_11                                       /usr/lib/gcc/avr/4.3.5/../../../avr/lib/avr5/crtm328p.o
__vector_12                                       /usr/lib/gcc/avr/4.3.5/../../../avr/lib/avr5/crtm328p.o
__vector_13                                       /usr/lib/gcc/avr/4.3.5/../../../avr/lib/avr5/crtm328p.o
__vector_14                                       /usr/lib/gcc/avr/4.3.5/../../../avr/lib/avr5/crtm328p.o
__vector_15                                       /usr/lib/gcc/avr/4.3.5/../../../avr/lib/avr5/crtm328p.o
__vector_16                                       /home/r0oland/workspace/IVAT/Eclipse_IDE/Arduino_Libs/Debug/libArduino.a(wiring.o)
                                                  /usr/lib/gcc/avr/4.3.5/../../../avr/lib/avr5/crtm328p.o
__vector_17                                       /usr/lib/gcc/avr/4.3.5/../../../avr/lib/avr5/crtm328p.o
__vector_18                                       /usr/lib/gcc/avr/4.3.5/../../../avr/lib/avr5/crtm328p.o
__vector_19                                       /usr/lib/gcc/avr/4.3.5/../../../avr/lib/avr5/crtm328p.o
__vector_2                                        /usr/lib/gcc/avr/4.3.5/../../../avr/lib/avr5/crtm328p.o
__vector_20                                       /usr/lib/gcc/avr/4.3.5/../../../avr/lib/avr5/crtm328p.o
__vector_21                                       /usr/lib/gcc/avr/4.3.5/../../../avr/lib/avr5/crtm328p.o
__vector_22                                       /usr/lib/gcc/avr/4.3.5/../../../avr/lib/avr5/crtm328p.o
__vector_23                                       /usr/lib/gcc/avr/4.3.5/../../../avr/lib/avr5/crtm328p.o
__vector_24                                       /usr/lib/gcc/avr/4.3.5/../../../avr/lib/avr5/crtm328p.o
__vector_25                                       /usr/lib/gcc/avr/4.3.5/../../../avr/lib/avr5/crtm328p.o
__vector_3                                        /usr/lib/gcc/avr/4.3.5/../../../avr/lib/avr5/crtm328p.o
__vector_4                                        /usr/lib/gcc/avr/4.3.5/../../../avr/lib/avr5/crtm328p.o
__vector_5                                        /usr/lib/gcc/avr/4.3.5/../../../avr/lib/avr5/crtm328p.o
__vector_6                                        /usr/lib/gcc/avr/4.3.5/../../../avr/lib/avr5/crtm328p.o
__vector_7                                        /usr/lib/gcc/avr/4.3.5/../../../avr/lib/avr5/crtm328p.o
__vector_8                                        /usr/lib/gcc/avr/4.3.5/../../../avr/lib/avr5/crtm328p.o
__vector_9                                        /usr/lib/gcc/avr/4.3.5/../../../avr/lib/avr5/crtm328p.o
__vector_default                                  /usr/lib/gcc/avr/4.3.5/../../../avr/lib/avr5/crtm328p.o
__vectors                                         /usr/lib/gcc/avr/4.3.5/../../../avr/lib/avr5/crtm328p.o
_exit                                             /usr/lib/gcc/avr/4.3.5/avr5/libgcc.a(_exit.o)
amount                                            ./main.o
control_state(unsigned char*)                     ./functions.o
                                                  ./main.o
currentAmount                                     ./main.o
delay                                             /home/r0oland/workspace/IVAT/Eclipse_IDE/Arduino_Libs/Debug/libArduino.a(wiring.o)
delayMicroseconds                                 /home/r0oland/workspace/IVAT/Eclipse_IDE/Arduino_Libs/Debug/libArduino.a(wiring.o)
                                                  ./LiquidCrystal.o
digitalRead                                       /home/r0oland/workspace/IVAT/Eclipse_IDE/Arduino_Libs/Debug/libArduino.a(wiring_digital.o)
digitalWrite                                      /home/r0oland/workspace/IVAT/Eclipse_IDE/Arduino_Libs/Debug/libArduino.a(wiring_digital.o)
                                                  ./LiquidCrystal.o
digital_pin_to_bit_mask_PGM                       /home/r0oland/workspace/IVAT/Eclipse_IDE/Arduino_Libs/Debug/libArduino.a(pins_arduino.o)
                                                  /home/r0oland/workspace/IVAT/Eclipse_IDE/Arduino_Libs/Debug/libArduino.a(wiring_digital.o)
digital_pin_to_port_PGM                           /home/r0oland/workspace/IVAT/Eclipse_IDE/Arduino_Libs/Debug/libArduino.a(pins_arduino.o)
                                                  /home/r0oland/workspace/IVAT/Eclipse_IDE/Arduino_Libs/Debug/libArduino.a(wiring_digital.o)
digital_pin_to_timer_PGM                          /home/r0oland/workspace/IVAT/Eclipse_IDE/Arduino_Libs/Debug/libArduino.a(pins_arduino.o)
                                                  /home/r0oland/workspace/IVAT/Eclipse_IDE/Arduino_Libs/Debug/libArduino.a(wiring_digital.o)
exit                                              /usr/lib/gcc/avr/4.3.5/avr5/libgcc.a(_exit.o)
                                                  /usr/lib/gcc/avr/4.3.5/../../../avr/lib/avr5/crtm328p.o
free                                              /usr/lib/gcc/avr/4.3.5/../../../avr/lib/avr5/libc.a(malloc.o)
                                                  /home/r0oland/workspace/IVAT/Eclipse_IDE/Arduino_Libs/Debug/libArduino.a(WString.o)
global_state_                                     ./main.o
init                                              /home/r0oland/workspace/IVAT/Eclipse_IDE/Arduino_Libs/Debug/libArduino.a(wiring.o)
                                                  ./main.o
isspace                                           /usr/lib/gcc/avr/4.3.5/../../../avr/lib/avr5/libc.a(isspace.o)
                                                  /home/r0oland/workspace/IVAT/Eclipse_IDE/Arduino_Libs/Debug/libArduino.a(WString.o)
itoa                                              /usr/lib/gcc/avr/4.3.5/../../../avr/lib/avr5/libc.a(itoa.o)
                                                  /home/r0oland/workspace/IVAT/Eclipse_IDE/Arduino_Libs/Debug/libArduino.a(WString.o)
lcd                                               ./main.o
ltoa                                              /usr/lib/gcc/avr/4.3.5/../../../avr/lib/avr5/libc.a(ltoa.o)
                                                  /home/r0oland/workspace/IVAT/Eclipse_IDE/Arduino_Libs/Debug/libArduino.a(WString.o)
main                                              ./main.o
                                                  /usr/lib/gcc/avr/4.3.5/../../../avr/lib/avr5/crtm328p.o
malloc                                            /usr/lib/gcc/avr/4.3.5/../../../avr/lib/avr5/libc.a(malloc.o)
                                                  /home/r0oland/workspace/IVAT/Eclipse_IDE/Arduino_Libs/Debug/libArduino.a(WString.o)
micros                                            /home/r0oland/workspace/IVAT/Eclipse_IDE/Arduino_Libs/Debug/libArduino.a(wiring.o)
millis                                            /home/r0oland/workspace/IVAT/Eclipse_IDE/Arduino_Libs/Debug/libArduino.a(wiring.o)
pinMode                                           /home/r0oland/workspace/IVAT/Eclipse_IDE/Arduino_Libs/Debug/libArduino.a(wiring_digital.o)
                                                  ./main.o
                                                  ./LiquidCrystal.o
port_to_input_PGM                                 /home/r0oland/workspace/IVAT/Eclipse_IDE/Arduino_Libs/Debug/libArduino.a(pins_arduino.o)
                                                  /home/r0oland/workspace/IVAT/Eclipse_IDE/Arduino_Libs/Debug/libArduino.a(wiring_digital.o)
port_to_mode_PGM                                  /home/r0oland/workspace/IVAT/Eclipse_IDE/Arduino_Libs/Debug/libArduino.a(pins_arduino.o)
                                                  /home/r0oland/workspace/IVAT/Eclipse_IDE/Arduino_Libs/Debug/libArduino.a(wiring_digital.o)
port_to_output_PGM                                /home/r0oland/workspace/IVAT/Eclipse_IDE/Arduino_Libs/Debug/libArduino.a(pins_arduino.o)
                                                  /home/r0oland/workspace/IVAT/Eclipse_IDE/Arduino_Libs/Debug/libArduino.a(wiring_digital.o)
print_lcd(LiquidCrystal*)                         ./functions.o
                                                  ./main.o
print_lcd_                                        ./main.o
strcat                                            /usr/lib/gcc/avr/4.3.5/../../../avr/lib/avr5/libc.a(strcat.o)
                                                  /home/r0oland/workspace/IVAT/Eclipse_IDE/Arduino_Libs/Debug/libArduino.a(WString.o)
strchr                                            /usr/lib/gcc/avr/4.3.5/../../../avr/lib/avr5/libc.a(strchr.o)
                                                  /home/r0oland/workspace/IVAT/Eclipse_IDE/Arduino_Libs/Debug/libArduino.a(WString.o)
strcmp                                            /usr/lib/gcc/avr/4.3.5/../../../avr/lib/avr5/libc.a(strcmp.o)
                                                  /home/r0oland/workspace/IVAT/Eclipse_IDE/Arduino_Libs/Debug/libArduino.a(WString.o)
strcpy                                            /usr/lib/gcc/avr/4.3.5/../../../avr/lib/avr5/libc.a(strcpy.o)
                                                  /home/r0oland/workspace/IVAT/Eclipse_IDE/Arduino_Libs/Debug/libArduino.a(WString.o)
strlen                                            /usr/lib/gcc/avr/4.3.5/../../../avr/lib/avr5/libc.a(strlen.o)
                                                  /home/r0oland/workspace/IVAT/Eclipse_IDE/Arduino_Libs/Debug/libArduino.a(WString.o)
strncmp                                           /usr/lib/gcc/avr/4.3.5/../../../avr/lib/avr5/libc.a(strncmp.o)
                                                  /home/r0oland/workspace/IVAT/Eclipse_IDE/Arduino_Libs/Debug/libArduino.a(WString.o)
strncpy                                           /usr/lib/gcc/avr/4.3.5/../../../avr/lib/avr5/libc.a(strncpy.o)
                                                  /home/r0oland/workspace/IVAT/Eclipse_IDE/Arduino_Libs/Debug/libArduino.a(WString.o)
strrchr                                           /usr/lib/gcc/avr/4.3.5/../../../avr/lib/avr5/libc.a(strrchr.o)
                                                  /home/r0oland/workspace/IVAT/Eclipse_IDE/Arduino_Libs/Debug/libArduino.a(WString.o)
strrev                                            /usr/lib/gcc/avr/4.3.5/../../../avr/lib/avr5/libc.a(strrev.o)
                                                  /usr/lib/gcc/avr/4.3.5/../../../avr/lib/avr5/libc.a(ultoa.o)
                                                  /usr/lib/gcc/avr/4.3.5/../../../avr/lib/avr5/libc.a(ltoa.o)
                                                  /usr/lib/gcc/avr/4.3.5/../../../avr/lib/avr5/libc.a(itoa.o)
strstr                                            /usr/lib/gcc/avr/4.3.5/../../../avr/lib/avr5/libc.a(strstr.o)
                                                  /home/r0oland/workspace/IVAT/Eclipse_IDE/Arduino_Libs/Debug/libArduino.a(WString.o)
timer0_millis                                     /home/r0oland/workspace/IVAT/Eclipse_IDE/Arduino_Libs/Debug/libArduino.a(wiring.o)
timer0_overflow_count                             /home/r0oland/workspace/IVAT/Eclipse_IDE/Arduino_Libs/Debug/libArduino.a(wiring.o)
tolower                                           /usr/lib/gcc/avr/4.3.5/../../../avr/lib/avr5/libc.a(tolower.o)
                                                  /home/r0oland/workspace/IVAT/Eclipse_IDE/Arduino_Libs/Debug/libArduino.a(WString.o)
toupper                                           /usr/lib/gcc/avr/4.3.5/../../../avr/lib/avr5/libc.a(toupper.o)
                                                  /home/r0oland/workspace/IVAT/Eclipse_IDE/Arduino_Libs/Debug/libArduino.a(WString.o)
ultoa                                             /usr/lib/gcc/avr/4.3.5/../../../avr/lib/avr5/libc.a(ultoa.o)
                                                  /home/r0oland/workspace/IVAT/Eclipse_IDE/Arduino_Libs/Debug/libArduino.a(WString.o)
vtable for LiquidCrystal                          ./LiquidCrystal.o
vtable for Print                                  /home/r0oland/workspace/IVAT/Eclipse_IDE/Arduino_Libs/Debug/libArduino.a(Print.o)
                                                  ./LiquidCrystal.o
