Archive member included because of file (symbol)

/home/r0oland/workspace/IVAT/Eclipse_IDE/Arduino_Libs/Release/libArduino.a(Print.o)
                              ./LiquidCrystal.o (Print::write(char const*))
/home/r0oland/workspace/IVAT/Eclipse_IDE/Arduino_Libs/Release/libArduino.a(WString.o)
                              /home/r0oland/workspace/IVAT/Eclipse_IDE/Arduino_Libs/Release/libArduino.a(Print.o) (String::operator[](unsigned int) const)
/home/r0oland/workspace/IVAT/Eclipse_IDE/Arduino_Libs/Release/libArduino.a(missing.o)
                              /home/r0oland/workspace/IVAT/Eclipse_IDE/Arduino_Libs/Release/libArduino.a(Print.o) (__cxa_pure_virtual)
/home/r0oland/workspace/IVAT/Eclipse_IDE/Arduino_Libs/Release/libArduino.a(wiring.o)
                              ./functions.o (millis)
/home/r0oland/workspace/IVAT/Eclipse_IDE/Arduino_Libs/Release/libArduino.a(wiring_digital.o)
                              ./LiquidCrystal.o (pinMode)
/home/r0oland/workspace/IVAT/Eclipse_IDE/Arduino_Libs/Release/libArduino.a(pins_arduino.o)
                              /home/r0oland/workspace/IVAT/Eclipse_IDE/Arduino_Libs/Release/libArduino.a(wiring_digital.o) (port_to_mode_PGM)
/usr/lib/gcc/avr/4.3.5/avr5/libgcc.a(_udivmodsi4.o)
                              /home/r0oland/workspace/IVAT/Eclipse_IDE/Arduino_Libs/Release/libArduino.a(Print.o) (__udivmodsi4)
/usr/lib/gcc/avr/4.3.5/avr5/libgcc.a(_exit.o)
                              /usr/lib/gcc/avr/4.3.5/../../../avr/lib/avr5/crtm328p.o (exit)
/usr/lib/gcc/avr/4.3.5/avr5/libgcc.a(_copy_data.o)
                              ./LiquidCrystal.o (__do_copy_data)
/usr/lib/gcc/avr/4.3.5/avr5/libgcc.a(_clear_bss.o)
                              ./functions.o (__do_clear_bss)
/usr/lib/gcc/avr/4.3.5/avr5/libgcc.a(_ctors.o)
                              ./functions.o (__do_global_ctors)
/usr/lib/gcc/avr/4.3.5/avr5/libgcc.a(_fixunssfsi.o)
                              /home/r0oland/workspace/IVAT/Eclipse_IDE/Arduino_Libs/Release/libArduino.a(Print.o) (__fixunssfsi)
/usr/lib/gcc/avr/4.3.5/avr5/libgcc.a(_addsub_sf.o)
                              /home/r0oland/workspace/IVAT/Eclipse_IDE/Arduino_Libs/Release/libArduino.a(Print.o) (__subsf3)
/usr/lib/gcc/avr/4.3.5/avr5/libgcc.a(_mul_sf.o)
                              /home/r0oland/workspace/IVAT/Eclipse_IDE/Arduino_Libs/Release/libArduino.a(Print.o) (__mulsf3)
/usr/lib/gcc/avr/4.3.5/avr5/libgcc.a(_div_sf.o)
                              /home/r0oland/workspace/IVAT/Eclipse_IDE/Arduino_Libs/Release/libArduino.a(Print.o) (__divsf3)
/usr/lib/gcc/avr/4.3.5/avr5/libgcc.a(_ge_sf.o)
                              /usr/lib/gcc/avr/4.3.5/avr5/libgcc.a(_fixunssfsi.o) (__gesf2)
/usr/lib/gcc/avr/4.3.5/avr5/libgcc.a(_lt_sf.o)
                              /home/r0oland/workspace/IVAT/Eclipse_IDE/Arduino_Libs/Release/libArduino.a(Print.o) (__ltsf2)
/usr/lib/gcc/avr/4.3.5/avr5/libgcc.a(_si_to_sf.o)
                              /home/r0oland/workspace/IVAT/Eclipse_IDE/Arduino_Libs/Release/libArduino.a(Print.o) (__floatsisf)
/usr/lib/gcc/avr/4.3.5/avr5/libgcc.a(_sf_to_si.o)
                              /home/r0oland/workspace/IVAT/Eclipse_IDE/Arduino_Libs/Release/libArduino.a(Print.o) (__fixsfsi)
/usr/lib/gcc/avr/4.3.5/avr5/libgcc.a(_thenan_sf.o)
                              /usr/lib/gcc/avr/4.3.5/avr5/libgcc.a(_addsub_sf.o) (__thenan_sf)
/usr/lib/gcc/avr/4.3.5/avr5/libgcc.a(_usi_to_sf.o)
                              /home/r0oland/workspace/IVAT/Eclipse_IDE/Arduino_Libs/Release/libArduino.a(Print.o) (__floatunsisf)
/usr/lib/gcc/avr/4.3.5/avr5/libgcc.a(_prologue.o)
                              /usr/lib/gcc/avr/4.3.5/avr5/libgcc.a(_addsub_sf.o) (__prologue_saves__)
/usr/lib/gcc/avr/4.3.5/avr5/libgcc.a(_epilogue.o)
                              /usr/lib/gcc/avr/4.3.5/avr5/libgcc.a(_addsub_sf.o) (__epilogue_restores__)
/usr/lib/gcc/avr/4.3.5/avr5/libgcc.a(_tablejump.o)
                              /usr/lib/gcc/avr/4.3.5/avr5/libgcc.a(_ctors.o) (__tablejump__)
/usr/lib/gcc/avr/4.3.5/avr5/libgcc.a(_clzsi2.o)
                              /usr/lib/gcc/avr/4.3.5/avr5/libgcc.a(_si_to_sf.o) (__clzsi2)
/usr/lib/gcc/avr/4.3.5/avr5/libgcc.a(_pack_sf.o)
                              /usr/lib/gcc/avr/4.3.5/avr5/libgcc.a(_addsub_sf.o) (__pack_f)
/usr/lib/gcc/avr/4.3.5/avr5/libgcc.a(_unpack_sf.o)
                              /usr/lib/gcc/avr/4.3.5/avr5/libgcc.a(_addsub_sf.o) (__unpack_f)
/usr/lib/gcc/avr/4.3.5/avr5/libgcc.a(_fpcmp_parts_sf.o)
                              /usr/lib/gcc/avr/4.3.5/avr5/libgcc.a(_ge_sf.o) (__fpcmp_parts_f)
/usr/lib/gcc/avr/4.3.5/avr5/libgcc.a(_clz.o)
                              /usr/lib/gcc/avr/4.3.5/avr5/libgcc.a(_clzsi2.o) (__clz_tab)
/usr/lib/gcc/avr/4.3.5/../../../avr/lib/avr5/libc.a(malloc.o)
                              /home/r0oland/workspace/IVAT/Eclipse_IDE/Arduino_Libs/Release/libArduino.a(WString.o) (malloc)
/usr/lib/gcc/avr/4.3.5/../../../avr/lib/avr5/libc.a(isspace.o)
                              /home/r0oland/workspace/IVAT/Eclipse_IDE/Arduino_Libs/Release/libArduino.a(WString.o) (isspace)
/usr/lib/gcc/avr/4.3.5/../../../avr/lib/avr5/libc.a(tolower.o)
                              /home/r0oland/workspace/IVAT/Eclipse_IDE/Arduino_Libs/Release/libArduino.a(WString.o) (tolower)
/usr/lib/gcc/avr/4.3.5/../../../avr/lib/avr5/libc.a(toupper.o)
                              /home/r0oland/workspace/IVAT/Eclipse_IDE/Arduino_Libs/Release/libArduino.a(WString.o) (toupper)
/usr/lib/gcc/avr/4.3.5/../../../avr/lib/avr5/libc.a(strcat.o)
                              /home/r0oland/workspace/IVAT/Eclipse_IDE/Arduino_Libs/Release/libArduino.a(WString.o) (strcat)
/usr/lib/gcc/avr/4.3.5/../../../avr/lib/avr5/libc.a(strchr.o)
                              /home/r0oland/workspace/IVAT/Eclipse_IDE/Arduino_Libs/Release/libArduino.a(WString.o) (strchr)
/usr/lib/gcc/avr/4.3.5/../../../avr/lib/avr5/libc.a(strcmp.o)
                              /home/r0oland/workspace/IVAT/Eclipse_IDE/Arduino_Libs/Release/libArduino.a(WString.o) (strcmp)
/usr/lib/gcc/avr/4.3.5/../../../avr/lib/avr5/libc.a(strcpy.o)
                              /home/r0oland/workspace/IVAT/Eclipse_IDE/Arduino_Libs/Release/libArduino.a(WString.o) (strcpy)
/usr/lib/gcc/avr/4.3.5/../../../avr/lib/avr5/libc.a(strncmp.o)
                              /home/r0oland/workspace/IVAT/Eclipse_IDE/Arduino_Libs/Release/libArduino.a(WString.o) (strncmp)
/usr/lib/gcc/avr/4.3.5/../../../avr/lib/avr5/libc.a(strncpy.o)
                              /home/r0oland/workspace/IVAT/Eclipse_IDE/Arduino_Libs/Release/libArduino.a(WString.o) (strncpy)
/usr/lib/gcc/avr/4.3.5/../../../avr/lib/avr5/libc.a(strrchr.o)
                              /home/r0oland/workspace/IVAT/Eclipse_IDE/Arduino_Libs/Release/libArduino.a(WString.o) (strrchr)
/usr/lib/gcc/avr/4.3.5/../../../avr/lib/avr5/libc.a(strstr.o)
                              /home/r0oland/workspace/IVAT/Eclipse_IDE/Arduino_Libs/Release/libArduino.a(WString.o) (strstr)
/usr/lib/gcc/avr/4.3.5/../../../avr/lib/avr5/libc.a(itoa.o)
                              /home/r0oland/workspace/IVAT/Eclipse_IDE/Arduino_Libs/Release/libArduino.a(WString.o) (itoa)
/usr/lib/gcc/avr/4.3.5/../../../avr/lib/avr5/libc.a(ltoa.o)
                              /home/r0oland/workspace/IVAT/Eclipse_IDE/Arduino_Libs/Release/libArduino.a(WString.o) (ltoa)
/usr/lib/gcc/avr/4.3.5/../../../avr/lib/avr5/libc.a(ultoa.o)
                              /home/r0oland/workspace/IVAT/Eclipse_IDE/Arduino_Libs/Release/libArduino.a(WString.o) (ultoa)
/usr/lib/gcc/avr/4.3.5/../../../avr/lib/avr5/libc.a(cty_isfalse.o)
                              /usr/lib/gcc/avr/4.3.5/../../../avr/lib/avr5/libc.a(isspace.o) (__ctype_isfalse)
/usr/lib/gcc/avr/4.3.5/../../../avr/lib/avr5/libc.a(strrev.o)
                              /usr/lib/gcc/avr/4.3.5/../../../avr/lib/avr5/libc.a(itoa.o) (strrev)
/usr/lib/gcc/avr/4.3.5/avr5/libgcc.a(_udivmodhi4.o)
                              /usr/lib/gcc/avr/4.3.5/../../../avr/lib/avr5/libc.a(itoa.o) (__udivmodhi4)

Allocating common symbols
Common symbol       size              file

__brkval            0x2               /usr/lib/gcc/avr/4.3.5/../../../avr/lib/avr5/libc.a(malloc.o)
__flp               0x2               /usr/lib/gcc/avr/4.3.5/../../../avr/lib/avr5/libc.a(malloc.o)

Discarded input sections

 .data          0x0000000000000000        0x0 /usr/lib/gcc/avr/4.3.5/../../../avr/lib/avr5/crtm328p.o
 .bss           0x0000000000000000        0x0 /usr/lib/gcc/avr/4.3.5/../../../avr/lib/avr5/crtm328p.o
 .text          0x0000000000000000        0x0 ./LiquidCrystal.o
 .data          0x0000000000000000        0x0 ./LiquidCrystal.o
 .bss           0x0000000000000000        0x0 ./LiquidCrystal.o
 .text._ZN13LiquidCrystal10createCharEhPh
                0x0000000000000000       0x50 ./LiquidCrystal.o
 .text._ZN13LiquidCrystal12noAutoscrollEv
                0x0000000000000000       0x10 ./LiquidCrystal.o
 .text._ZN13LiquidCrystal10autoscrollEv
                0x0000000000000000       0x14 ./LiquidCrystal.o
 .text._ZN13LiquidCrystal11rightToLeftEv
                0x0000000000000000       0x10 ./LiquidCrystal.o
 .text._ZN13LiquidCrystal11leftToRightEv
                0x0000000000000000       0x14 ./LiquidCrystal.o
 .text._ZN13LiquidCrystal18scrollDisplayRightEv
                0x0000000000000000        0x8 ./LiquidCrystal.o
 .text._ZN13LiquidCrystal17scrollDisplayLeftEv
                0x0000000000000000        0x8 ./LiquidCrystal.o
 .text._ZN13LiquidCrystal5blinkEv
                0x0000000000000000       0x14 ./LiquidCrystal.o
 .text._ZN13LiquidCrystal7noBlinkEv
                0x0000000000000000       0x10 ./LiquidCrystal.o
 .text._ZN13LiquidCrystal6cursorEv
                0x0000000000000000       0x14 ./LiquidCrystal.o
 .text._ZN13LiquidCrystal8noCursorEv
                0x0000000000000000       0x10 ./LiquidCrystal.o
 .text._ZN13LiquidCrystal9noDisplayEv
                0x0000000000000000       0x10 ./LiquidCrystal.o
 .text._ZN13LiquidCrystal9setCursorEhh
                0x0000000000000000       0x5e ./LiquidCrystal.o
 .text._ZN13LiquidCrystal4homeEv
                0x0000000000000000       0x10 ./LiquidCrystal.o
 .text._ZN13LiquidCrystalC2Ehhhhhh
                0x0000000000000000       0x6a ./LiquidCrystal.o
 .text._ZN13LiquidCrystalC1Ehhhhhhh
                0x0000000000000000       0x76 ./LiquidCrystal.o
 .text._ZN13LiquidCrystalC2Ehhhhhhh
                0x0000000000000000       0x76 ./LiquidCrystal.o
 .text._ZN13LiquidCrystalC1Ehhhhhhhhhh
                0x0000000000000000       0x88 ./LiquidCrystal.o
 .text._ZN13LiquidCrystalC2Ehhhhhhhhhh
                0x0000000000000000       0x88 ./LiquidCrystal.o
 .text._ZN13LiquidCrystalC1Ehhhhhhhhhhh
                0x0000000000000000       0x90 ./LiquidCrystal.o
 .text._ZN13LiquidCrystalC2Ehhhhhhhhhhh
                0x0000000000000000       0x90 ./LiquidCrystal.o
 .rodata._ZZN13LiquidCrystal9setCursorEhhE3C.0
                0x0000000000000000        0x8 ./LiquidCrystal.o
 .text          0x0000000000000000        0x0 ./functions.o
 .data          0x0000000000000000        0x0 ./functions.o
 .bss           0x0000000000000000        0x0 ./functions.o
 .text          0x0000000000000000        0x0 ./main.o
 .data          0x0000000000000000        0x0 ./main.o
 .bss           0x0000000000000000        0x0 ./main.o
 .data.amount   0x0000000000000000        0x4 ./main.o
 .bss.currentAmount
                0x0000000000000000        0x4 ./main.o
 .text          0x0000000000000000        0x0 /home/r0oland/workspace/IVAT/Eclipse_IDE/Arduino_Libs/Release/libArduino.a(Print.o)
 .data          0x0000000000000000        0x2 /home/r0oland/workspace/IVAT/Eclipse_IDE/Arduino_Libs/Release/libArduino.a(Print.o)
 .bss           0x0000000000000000        0x0 /home/r0oland/workspace/IVAT/Eclipse_IDE/Arduino_Libs/Release/libArduino.a(Print.o)
 .text._ZN5Print5printEPKc
                0x0000000000000000       0x10 /home/r0oland/workspace/IVAT/Eclipse_IDE/Arduino_Libs/Release/libArduino.a(Print.o)
 .text._ZN5Print5printERK6String
                0x0000000000000000       0x54 /home/r0oland/workspace/IVAT/Eclipse_IDE/Arduino_Libs/Release/libArduino.a(Print.o)
 .text._ZN5Print11printNumberEmh
                0x0000000000000000      0x130 /home/r0oland/workspace/IVAT/Eclipse_IDE/Arduino_Libs/Release/libArduino.a(Print.o)
 .text._ZN5Print5printEmi
                0x0000000000000000       0x1e /home/r0oland/workspace/IVAT/Eclipse_IDE/Arduino_Libs/Release/libArduino.a(Print.o)
 .text._ZN5Print5printEji
                0x0000000000000000       0x22 /home/r0oland/workspace/IVAT/Eclipse_IDE/Arduino_Libs/Release/libArduino.a(Print.o)
 .text._ZN5Print5printEhi
                0x0000000000000000       0x24 /home/r0oland/workspace/IVAT/Eclipse_IDE/Arduino_Libs/Release/libArduino.a(Print.o)
 .text._ZN5Print5printEli
                0x0000000000000000       0x6c /home/r0oland/workspace/IVAT/Eclipse_IDE/Arduino_Libs/Release/libArduino.a(Print.o)
 .text._ZN5Print5printEii
                0x0000000000000000       0x26 /home/r0oland/workspace/IVAT/Eclipse_IDE/Arduino_Libs/Release/libArduino.a(Print.o)
 .text._ZN5Print5printEci
                0x0000000000000000       0x24 /home/r0oland/workspace/IVAT/Eclipse_IDE/Arduino_Libs/Release/libArduino.a(Print.o)
 .text._ZN5Print7printlnEv
                0x0000000000000000       0x2e /home/r0oland/workspace/IVAT/Eclipse_IDE/Arduino_Libs/Release/libArduino.a(Print.o)
 .text._ZN5Print7printlnEmi
                0x0000000000000000       0x16 /home/r0oland/workspace/IVAT/Eclipse_IDE/Arduino_Libs/Release/libArduino.a(Print.o)
 .text._ZN5Print7printlnEji
                0x0000000000000000       0x32 /home/r0oland/workspace/IVAT/Eclipse_IDE/Arduino_Libs/Release/libArduino.a(Print.o)
 .text._ZN5Print7printlnEhi
                0x0000000000000000       0x34 /home/r0oland/workspace/IVAT/Eclipse_IDE/Arduino_Libs/Release/libArduino.a(Print.o)
 .text._ZN5Print7printlnEPKc
                0x0000000000000000       0x16 /home/r0oland/workspace/IVAT/Eclipse_IDE/Arduino_Libs/Release/libArduino.a(Print.o)
 .text._ZN5Print7printlnERK6String
                0x0000000000000000       0x16 /home/r0oland/workspace/IVAT/Eclipse_IDE/Arduino_Libs/Release/libArduino.a(Print.o)
 .text._ZN5Print7printlnEli
                0x0000000000000000       0x16 /home/r0oland/workspace/IVAT/Eclipse_IDE/Arduino_Libs/Release/libArduino.a(Print.o)
 .text._ZN5Print7printlnEii
                0x0000000000000000       0x36 /home/r0oland/workspace/IVAT/Eclipse_IDE/Arduino_Libs/Release/libArduino.a(Print.o)
 .text._ZN5Print7printlnEci
                0x0000000000000000       0x34 /home/r0oland/workspace/IVAT/Eclipse_IDE/Arduino_Libs/Release/libArduino.a(Print.o)
 .text._ZN5Print10printFloatEdh
                0x0000000000000000      0x118 /home/r0oland/workspace/IVAT/Eclipse_IDE/Arduino_Libs/Release/libArduino.a(Print.o)
 .text._ZN5Print5printEdi
                0x0000000000000000        0x6 /home/r0oland/workspace/IVAT/Eclipse_IDE/Arduino_Libs/Release/libArduino.a(Print.o)
 .text._ZN5Print7printlnEdi
                0x0000000000000000       0x16 /home/r0oland/workspace/IVAT/Eclipse_IDE/Arduino_Libs/Release/libArduino.a(Print.o)
 .rodata._ZTV5Print
                0x0000000000000000        0xa /home/r0oland/workspace/IVAT/Eclipse_IDE/Arduino_Libs/Release/libArduino.a(Print.o)
 .text          0x0000000000000000        0x0 /home/r0oland/workspace/IVAT/Eclipse_IDE/Arduino_Libs/Release/libArduino.a(WString.o)
 .data          0x0000000000000000        0x1 /home/r0oland/workspace/IVAT/Eclipse_IDE/Arduino_Libs/Release/libArduino.a(WString.o)
 .bss           0x0000000000000000        0x0 /home/r0oland/workspace/IVAT/Eclipse_IDE/Arduino_Libs/Release/libArduino.a(WString.o)
 .text._ZNK6String6charAtEj
                0x0000000000000000       0x10 /home/r0oland/workspace/IVAT/Eclipse_IDE/Arduino_Libs/Release/libArduino.a(WString.o)
 .text._ZN6String9setCharAtEjc
                0x0000000000000000       0x22 /home/r0oland/workspace/IVAT/Eclipse_IDE/Arduino_Libs/Release/libArduino.a(WString.o)
 .text._ZN6StringixEj
                0x0000000000000000       0x2a /home/r0oland/workspace/IVAT/Eclipse_IDE/Arduino_Libs/Release/libArduino.a(WString.o)
 .text._ZNK6StringixEj
                0x0000000000000000       0x10 /home/r0oland/workspace/IVAT/Eclipse_IDE/Arduino_Libs/Release/libArduino.a(WString.o)
 .text._ZN6String11toCharArrayEPcj
                0x0000000000000000       0x44 /home/r0oland/workspace/IVAT/Eclipse_IDE/Arduino_Libs/Release/libArduino.a(WString.o)
 .text._ZN6String8getBytesEPhj
                0x0000000000000000       0x44 /home/r0oland/workspace/IVAT/Eclipse_IDE/Arduino_Libs/Release/libArduino.a(WString.o)
 .text._ZN6StringD1Ev
                0x0000000000000000       0x20 /home/r0oland/workspace/IVAT/Eclipse_IDE/Arduino_Libs/Release/libArduino.a(WString.o)
 .text._ZNK6String10startsWithERKS_j
                0x0000000000000000       0x3c /home/r0oland/workspace/IVAT/Eclipse_IDE/Arduino_Libs/Release/libArduino.a(WString.o)
 .text._ZNK6String10startsWithERKS_
                0x0000000000000000       0x26 /home/r0oland/workspace/IVAT/Eclipse_IDE/Arduino_Libs/Release/libArduino.a(WString.o)
 .text._ZNK6String11lastIndexOfEcj
                0x0000000000000000       0x6a /home/r0oland/workspace/IVAT/Eclipse_IDE/Arduino_Libs/Release/libArduino.a(WString.o)
 .text._ZNK6String11lastIndexOfEc
                0x0000000000000000       0x10 /home/r0oland/workspace/IVAT/Eclipse_IDE/Arduino_Libs/Release/libArduino.a(WString.o)
 .text._ZNK6String7indexOfERKS_j
                0x0000000000000000       0x3c /home/r0oland/workspace/IVAT/Eclipse_IDE/Arduino_Libs/Release/libArduino.a(WString.o)
 .text._ZNK6String7indexOfERKS_
                0x0000000000000000        0xa /home/r0oland/workspace/IVAT/Eclipse_IDE/Arduino_Libs/Release/libArduino.a(WString.o)
 .text._ZNK6String7indexOfEcj
                0x0000000000000000       0x38 /home/r0oland/workspace/IVAT/Eclipse_IDE/Arduino_Libs/Release/libArduino.a(WString.o)
 .text._ZNK6String7indexOfEc
                0x0000000000000000        0xa /home/r0oland/workspace/IVAT/Eclipse_IDE/Arduino_Libs/Release/libArduino.a(WString.o)
 .text._ZNK6String6equalsERKS_
                0x0000000000000000       0x32 /home/r0oland/workspace/IVAT/Eclipse_IDE/Arduino_Libs/Release/libArduino.a(WString.o)
 .text._ZNK6String8endsWithERKS_
                0x0000000000000000       0x3a /home/r0oland/workspace/IVAT/Eclipse_IDE/Arduino_Libs/Release/libArduino.a(WString.o)
 .text._ZNK6StringgeERKS_
                0x0000000000000000       0x28 /home/r0oland/workspace/IVAT/Eclipse_IDE/Arduino_Libs/Release/libArduino.a(WString.o)
 .text._ZNK6StringleERKS_
                0x0000000000000000       0x22 /home/r0oland/workspace/IVAT/Eclipse_IDE/Arduino_Libs/Release/libArduino.a(WString.o)
 .text._ZNK6StringgtERKS_
                0x0000000000000000       0x22 /home/r0oland/workspace/IVAT/Eclipse_IDE/Arduino_Libs/Release/libArduino.a(WString.o)
 .text._ZNK6StringltERKS_
                0x0000000000000000       0x24 /home/r0oland/workspace/IVAT/Eclipse_IDE/Arduino_Libs/Release/libArduino.a(WString.o)
 .text._ZNK6StringneERKS_
                0x0000000000000000       0x30 /home/r0oland/workspace/IVAT/Eclipse_IDE/Arduino_Libs/Release/libArduino.a(WString.o)
 .text._ZNK6StringeqERKS_
                0x0000000000000000       0x34 /home/r0oland/workspace/IVAT/Eclipse_IDE/Arduino_Libs/Release/libArduino.a(WString.o)
 .text._ZNK6String9compareToERKS_
                0x0000000000000000       0x12 /home/r0oland/workspace/IVAT/Eclipse_IDE/Arduino_Libs/Release/libArduino.a(WString.o)
 .text._ZN6String9getBufferEj
                0x0000000000000000       0x28 /home/r0oland/workspace/IVAT/Eclipse_IDE/Arduino_Libs/Release/libArduino.a(WString.o)
 .text._ZN6StringpLERKS_
                0x0000000000000000       0x6c /home/r0oland/workspace/IVAT/Eclipse_IDE/Arduino_Libs/Release/libArduino.a(WString.o)
 .text._ZN6String6concatERKS_
                0x0000000000000000        0x6 /home/r0oland/workspace/IVAT/Eclipse_IDE/Arduino_Libs/Release/libArduino.a(WString.o)
 .text._ZN6StringaSERKS_
                0x0000000000000000       0x60 /home/r0oland/workspace/IVAT/Eclipse_IDE/Arduino_Libs/Release/libArduino.a(WString.o)
 .text._ZN6StringC1Eh
                0x0000000000000000       0x34 /home/r0oland/workspace/IVAT/Eclipse_IDE/Arduino_Libs/Release/libArduino.a(WString.o)
 .text._ZN6StringC2Eh
                0x0000000000000000       0x34 /home/r0oland/workspace/IVAT/Eclipse_IDE/Arduino_Libs/Release/libArduino.a(WString.o)
 .text._ZN6StringC1Ec
                0x0000000000000000       0x34 /home/r0oland/workspace/IVAT/Eclipse_IDE/Arduino_Libs/Release/libArduino.a(WString.o)
 .text._ZN6StringC2Ec
                0x0000000000000000       0x34 /home/r0oland/workspace/IVAT/Eclipse_IDE/Arduino_Libs/Release/libArduino.a(WString.o)
 .text._ZN6StringC1ERKS_
                0x0000000000000000       0x36 /home/r0oland/workspace/IVAT/Eclipse_IDE/Arduino_Libs/Release/libArduino.a(WString.o)
 .text._ZN6StringC2ERKS_
                0x0000000000000000       0x36 /home/r0oland/workspace/IVAT/Eclipse_IDE/Arduino_Libs/Release/libArduino.a(WString.o)
 .text._ZN6StringC1Emi
                0x0000000000000000       0x7e /home/r0oland/workspace/IVAT/Eclipse_IDE/Arduino_Libs/Release/libArduino.a(WString.o)
 .text._ZN6StringC2Emi
                0x0000000000000000       0x7e /home/r0oland/workspace/IVAT/Eclipse_IDE/Arduino_Libs/Release/libArduino.a(WString.o)
 .text._ZN6StringC1Eji
                0x0000000000000000       0x7c /home/r0oland/workspace/IVAT/Eclipse_IDE/Arduino_Libs/Release/libArduino.a(WString.o)
 .text._ZN6StringC2Eji
                0x0000000000000000       0x7c /home/r0oland/workspace/IVAT/Eclipse_IDE/Arduino_Libs/Release/libArduino.a(WString.o)
 .text._ZN6StringC1EPKc
                0x0000000000000000       0x50 /home/r0oland/workspace/IVAT/Eclipse_IDE/Arduino_Libs/Release/libArduino.a(WString.o)
 .text._ZNK6String11toUpperCaseEv
                0x0000000000000000       0x72 /home/r0oland/workspace/IVAT/Eclipse_IDE/Arduino_Libs/Release/libArduino.a(WString.o)
 .text._ZNK6String11toLowerCaseEv
                0x0000000000000000       0x72 /home/r0oland/workspace/IVAT/Eclipse_IDE/Arduino_Libs/Release/libArduino.a(WString.o)
 .text._ZNK6String16equalsIgnoreCaseERKS_
                0x0000000000000000       0x98 /home/r0oland/workspace/IVAT/Eclipse_IDE/Arduino_Libs/Release/libArduino.a(WString.o)
 .text._ZNK6String9substringEjj
                0x0000000000000000       0x6e /home/r0oland/workspace/IVAT/Eclipse_IDE/Arduino_Libs/Release/libArduino.a(WString.o)
 .text._ZNK6String9substringEj
                0x0000000000000000       0x18 /home/r0oland/workspace/IVAT/Eclipse_IDE/Arduino_Libs/Release/libArduino.a(WString.o)
 .text._ZNK6String11lastIndexOfERKS_j
                0x0000000000000000       0xca /home/r0oland/workspace/IVAT/Eclipse_IDE/Arduino_Libs/Release/libArduino.a(WString.o)
 .text._ZNK6String11lastIndexOfERKS_
                0x0000000000000000       0x1c /home/r0oland/workspace/IVAT/Eclipse_IDE/Arduino_Libs/Release/libArduino.a(WString.o)
 .text._ZNK6String4trimEv
                0x0000000000000000       0xd6 /home/r0oland/workspace/IVAT/Eclipse_IDE/Arduino_Libs/Release/libArduino.a(WString.o)
 .text._ZN6String7replaceERKS_S1_
                0x0000000000000000      0x136 /home/r0oland/workspace/IVAT/Eclipse_IDE/Arduino_Libs/Release/libArduino.a(WString.o)
 .text._ZN6String7replaceEcc
                0x0000000000000000       0x7e /home/r0oland/workspace/IVAT/Eclipse_IDE/Arduino_Libs/Release/libArduino.a(WString.o)
 .text._ZN6StringC2EPKc
                0x0000000000000000       0x50 /home/r0oland/workspace/IVAT/Eclipse_IDE/Arduino_Libs/Release/libArduino.a(WString.o)
 .text._ZN6StringC1Eli
                0x0000000000000000       0x7a /home/r0oland/workspace/IVAT/Eclipse_IDE/Arduino_Libs/Release/libArduino.a(WString.o)
 .text._ZN6StringC2Eli
                0x0000000000000000       0x7a /home/r0oland/workspace/IVAT/Eclipse_IDE/Arduino_Libs/Release/libArduino.a(WString.o)
 .text._ZN6StringC1Eii
                0x0000000000000000       0x78 /home/r0oland/workspace/IVAT/Eclipse_IDE/Arduino_Libs/Release/libArduino.a(WString.o)
 .text._ZN6StringC2Eii
                0x0000000000000000       0x78 /home/r0oland/workspace/IVAT/Eclipse_IDE/Arduino_Libs/Release/libArduino.a(WString.o)
 .bss._ZZN6StringixEjE19dummy_writable_char
                0x0000000000000000        0x1 /home/r0oland/workspace/IVAT/Eclipse_IDE/Arduino_Libs/Release/libArduino.a(WString.o)
 .text          0x0000000000000000        0x0 /home/r0oland/workspace/IVAT/Eclipse_IDE/Arduino_Libs/Release/libArduino.a(missing.o)
 .data          0x0000000000000000        0x0 /home/r0oland/workspace/IVAT/Eclipse_IDE/Arduino_Libs/Release/libArduino.a(missing.o)
 .bss           0x0000000000000000        0x0 /home/r0oland/workspace/IVAT/Eclipse_IDE/Arduino_Libs/Release/libArduino.a(missing.o)
 .text.__cxa_pure_virtual
                0x0000000000000000        0x2 /home/r0oland/workspace/IVAT/Eclipse_IDE/Arduino_Libs/Release/libArduino.a(missing.o)
 .text          0x0000000000000000        0x0 /home/r0oland/workspace/IVAT/Eclipse_IDE/Arduino_Libs/Release/libArduino.a(wiring.o)
 .data          0x0000000000000000        0x0 /home/r0oland/workspace/IVAT/Eclipse_IDE/Arduino_Libs/Release/libArduino.a(wiring.o)
 .bss           0x0000000000000000        0x0 /home/r0oland/workspace/IVAT/Eclipse_IDE/Arduino_Libs/Release/libArduino.a(wiring.o)
 .text.micros   0x0000000000000000       0x4c /home/r0oland/workspace/IVAT/Eclipse_IDE/Arduino_Libs/Release/libArduino.a(wiring.o)
 .text.delay    0x0000000000000000       0x4c /home/r0oland/workspace/IVAT/Eclipse_IDE/Arduino_Libs/Release/libArduino.a(wiring.o)
 .text          0x0000000000000000        0x0 /home/r0oland/workspace/IVAT/Eclipse_IDE/Arduino_Libs/Release/libArduino.a(wiring_digital.o)
 .data          0x0000000000000000        0x0 /home/r0oland/workspace/IVAT/Eclipse_IDE/Arduino_Libs/Release/libArduino.a(wiring_digital.o)
 .bss           0x0000000000000000        0x0 /home/r0oland/workspace/IVAT/Eclipse_IDE/Arduino_Libs/Release/libArduino.a(wiring_digital.o)
 .text          0x0000000000000000        0x0 /home/r0oland/workspace/IVAT/Eclipse_IDE/Arduino_Libs/Release/libArduino.a(pins_arduino.o)
 .data          0x0000000000000000        0x0 /home/r0oland/workspace/IVAT/Eclipse_IDE/Arduino_Libs/Release/libArduino.a(pins_arduino.o)
 .bss           0x0000000000000000        0x0 /home/r0oland/workspace/IVAT/Eclipse_IDE/Arduino_Libs/Release/libArduino.a(pins_arduino.o)
 .text          0x0000000000000000        0x0 /usr/lib/gcc/avr/4.3.5/avr5/libgcc.a(_udivmodsi4.o)
 .data          0x0000000000000000        0x0 /usr/lib/gcc/avr/4.3.5/avr5/libgcc.a(_udivmodsi4.o)
 .bss           0x0000000000000000        0x0 /usr/lib/gcc/avr/4.3.5/avr5/libgcc.a(_udivmodsi4.o)
 .text.libgcc   0x0000000000000000       0x44 /usr/lib/gcc/avr/4.3.5/avr5/libgcc.a(_udivmodsi4.o)
 .text          0x0000000000000000        0x0 /usr/lib/gcc/avr/4.3.5/avr5/libgcc.a(_exit.o)
 .data          0x0000000000000000        0x0 /usr/lib/gcc/avr/4.3.5/avr5/libgcc.a(_exit.o)
 .bss           0x0000000000000000        0x0 /usr/lib/gcc/avr/4.3.5/avr5/libgcc.a(_exit.o)
 .text.libgcc   0x0000000000000000        0x0 /usr/lib/gcc/avr/4.3.5/avr5/libgcc.a(_exit.o)
 .text          0x0000000000000000        0x0 /usr/lib/gcc/avr/4.3.5/avr5/libgcc.a(_copy_data.o)
 .data          0x0000000000000000        0x0 /usr/lib/gcc/avr/4.3.5/avr5/libgcc.a(_copy_data.o)
 .bss           0x0000000000000000        0x0 /usr/lib/gcc/avr/4.3.5/avr5/libgcc.a(_copy_data.o)
 .text.libgcc   0x0000000000000000        0x0 /usr/lib/gcc/avr/4.3.5/avr5/libgcc.a(_copy_data.o)
 .text          0x0000000000000000        0x0 /usr/lib/gcc/avr/4.3.5/avr5/libgcc.a(_clear_bss.o)
 .data          0x0000000000000000        0x0 /usr/lib/gcc/avr/4.3.5/avr5/libgcc.a(_clear_bss.o)
 .bss           0x0000000000000000        0x0 /usr/lib/gcc/avr/4.3.5/avr5/libgcc.a(_clear_bss.o)
 .text.libgcc   0x0000000000000000        0x0 /usr/lib/gcc/avr/4.3.5/avr5/libgcc.a(_clear_bss.o)
 .text          0x0000000000000000        0x0 /usr/lib/gcc/avr/4.3.5/avr5/libgcc.a(_ctors.o)
 .data          0x0000000000000000        0x0 /usr/lib/gcc/avr/4.3.5/avr5/libgcc.a(_ctors.o)
 .bss           0x0000000000000000        0x0 /usr/lib/gcc/avr/4.3.5/avr5/libgcc.a(_ctors.o)
 .text.libgcc   0x0000000000000000        0x0 /usr/lib/gcc/avr/4.3.5/avr5/libgcc.a(_ctors.o)
 .text          0x0000000000000000       0x58 /usr/lib/gcc/avr/4.3.5/avr5/libgcc.a(_fixunssfsi.o)
 .data          0x0000000000000000        0x0 /usr/lib/gcc/avr/4.3.5/avr5/libgcc.a(_fixunssfsi.o)
 .bss           0x0000000000000000        0x0 /usr/lib/gcc/avr/4.3.5/avr5/libgcc.a(_fixunssfsi.o)
 .text          0x0000000000000000      0x354 /usr/lib/gcc/avr/4.3.5/avr5/libgcc.a(_addsub_sf.o)
 .data          0x0000000000000000        0x0 /usr/lib/gcc/avr/4.3.5/avr5/libgcc.a(_addsub_sf.o)
 .bss           0x0000000000000000        0x0 /usr/lib/gcc/avr/4.3.5/avr5/libgcc.a(_addsub_sf.o)
 .text          0x0000000000000000      0x1f4 /usr/lib/gcc/avr/4.3.5/avr5/libgcc.a(_mul_sf.o)
 .data          0x0000000000000000        0x0 /usr/lib/gcc/avr/4.3.5/avr5/libgcc.a(_mul_sf.o)
 .bss           0x0000000000000000        0x0 /usr/lib/gcc/avr/4.3.5/avr5/libgcc.a(_mul_sf.o)
 .text          0x0000000000000000      0x158 /usr/lib/gcc/avr/4.3.5/avr5/libgcc.a(_div_sf.o)
 .data          0x0000000000000000        0x0 /usr/lib/gcc/avr/4.3.5/avr5/libgcc.a(_div_sf.o)
 .bss           0x0000000000000000        0x0 /usr/lib/gcc/avr/4.3.5/avr5/libgcc.a(_div_sf.o)
 .text          0x0000000000000000       0x60 /usr/lib/gcc/avr/4.3.5/avr5/libgcc.a(_ge_sf.o)
 .data          0x0000000000000000        0x0 /usr/lib/gcc/avr/4.3.5/avr5/libgcc.a(_ge_sf.o)
 .bss           0x0000000000000000        0x0 /usr/lib/gcc/avr/4.3.5/avr5/libgcc.a(_ge_sf.o)
 .text          0x0000000000000000       0x60 /usr/lib/gcc/avr/4.3.5/avr5/libgcc.a(_lt_sf.o)
 .data          0x0000000000000000        0x0 /usr/lib/gcc/avr/4.3.5/avr5/libgcc.a(_lt_sf.o)
 .bss           0x0000000000000000        0x0 /usr/lib/gcc/avr/4.3.5/avr5/libgcc.a(_lt_sf.o)
 .text          0x0000000000000000       0xbc /usr/lib/gcc/avr/4.3.5/avr5/libgcc.a(_si_to_sf.o)
 .data          0x0000000000000000        0x0 /usr/lib/gcc/avr/4.3.5/avr5/libgcc.a(_si_to_sf.o)
 .bss           0x0000000000000000        0x0 /usr/lib/gcc/avr/4.3.5/avr5/libgcc.a(_si_to_sf.o)
 .text          0x0000000000000000       0xa8 /usr/lib/gcc/avr/4.3.5/avr5/libgcc.a(_sf_to_si.o)
 .data          0x0000000000000000        0x0 /usr/lib/gcc/avr/4.3.5/avr5/libgcc.a(_sf_to_si.o)
 .bss           0x0000000000000000        0x0 /usr/lib/gcc/avr/4.3.5/avr5/libgcc.a(_sf_to_si.o)
 .text          0x0000000000000000        0x0 /usr/lib/gcc/avr/4.3.5/avr5/libgcc.a(_thenan_sf.o)
 .data          0x0000000000000000        0x8 /usr/lib/gcc/avr/4.3.5/avr5/libgcc.a(_thenan_sf.o)
 .bss           0x0000000000000000        0x0 /usr/lib/gcc/avr/4.3.5/avr5/libgcc.a(_thenan_sf.o)
 .text          0x0000000000000000       0xf2 /usr/lib/gcc/avr/4.3.5/avr5/libgcc.a(_usi_to_sf.o)
 .data          0x0000000000000000        0x0 /usr/lib/gcc/avr/4.3.5/avr5/libgcc.a(_usi_to_sf.o)
 .bss           0x0000000000000000        0x0 /usr/lib/gcc/avr/4.3.5/avr5/libgcc.a(_usi_to_sf.o)
 .text          0x0000000000000000        0x0 /usr/lib/gcc/avr/4.3.5/avr5/libgcc.a(_prologue.o)
 .data          0x0000000000000000        0x0 /usr/lib/gcc/avr/4.3.5/avr5/libgcc.a(_prologue.o)
 .bss           0x0000000000000000        0x0 /usr/lib/gcc/avr/4.3.5/avr5/libgcc.a(_prologue.o)
 .text.libgcc   0x0000000000000000       0x38 /usr/lib/gcc/avr/4.3.5/avr5/libgcc.a(_prologue.o)
 .text          0x0000000000000000        0x0 /usr/lib/gcc/avr/4.3.5/avr5/libgcc.a(_epilogue.o)
 .data          0x0000000000000000        0x0 /usr/lib/gcc/avr/4.3.5/avr5/libgcc.a(_epilogue.o)
 .bss           0x0000000000000000        0x0 /usr/lib/gcc/avr/4.3.5/avr5/libgcc.a(_epilogue.o)
 .text.libgcc   0x0000000000000000       0x36 /usr/lib/gcc/avr/4.3.5/avr5/libgcc.a(_epilogue.o)
 .text          0x0000000000000000        0x0 /usr/lib/gcc/avr/4.3.5/avr5/libgcc.a(_tablejump.o)
 .data          0x0000000000000000        0x0 /usr/lib/gcc/avr/4.3.5/avr5/libgcc.a(_tablejump.o)
 .bss           0x0000000000000000        0x0 /usr/lib/gcc/avr/4.3.5/avr5/libgcc.a(_tablejump.o)
 .text          0x0000000000000000       0x9e /usr/lib/gcc/avr/4.3.5/avr5/libgcc.a(_clzsi2.o)
 .data          0x0000000000000000        0x0 /usr/lib/gcc/avr/4.3.5/avr5/libgcc.a(_clzsi2.o)
 .bss           0x0000000000000000        0x0 /usr/lib/gcc/avr/4.3.5/avr5/libgcc.a(_clzsi2.o)
 .text          0x0000000000000000      0x1ac /usr/lib/gcc/avr/4.3.5/avr5/libgcc.a(_pack_sf.o)
 .data          0x0000000000000000        0x0 /usr/lib/gcc/avr/4.3.5/avr5/libgcc.a(_pack_sf.o)
 .bss           0x0000000000000000        0x0 /usr/lib/gcc/avr/4.3.5/avr5/libgcc.a(_pack_sf.o)
 .text          0x0000000000000000       0xf0 /usr/lib/gcc/avr/4.3.5/avr5/libgcc.a(_unpack_sf.o)
 .data          0x0000000000000000        0x0 /usr/lib/gcc/avr/4.3.5/avr5/libgcc.a(_unpack_sf.o)
 .bss           0x0000000000000000        0x0 /usr/lib/gcc/avr/4.3.5/avr5/libgcc.a(_unpack_sf.o)
 .text          0x0000000000000000       0xb2 /usr/lib/gcc/avr/4.3.5/avr5/libgcc.a(_fpcmp_parts_sf.o)
 .data          0x0000000000000000        0x0 /usr/lib/gcc/avr/4.3.5/avr5/libgcc.a(_fpcmp_parts_sf.o)
 .bss           0x0000000000000000        0x0 /usr/lib/gcc/avr/4.3.5/avr5/libgcc.a(_fpcmp_parts_sf.o)
 .text          0x0000000000000000        0x0 /usr/lib/gcc/avr/4.3.5/avr5/libgcc.a(_clz.o)
 .data          0x0000000000000000      0x100 /usr/lib/gcc/avr/4.3.5/avr5/libgcc.a(_clz.o)
 .bss           0x0000000000000000        0x0 /usr/lib/gcc/avr/4.3.5/avr5/libgcc.a(_clz.o)
 .text          0x0000000000000000        0x0 /usr/lib/gcc/avr/4.3.5/../../../avr/lib/avr5/libc.a(malloc.o)
 .data          0x0000000000000000        0x6 /usr/lib/gcc/avr/4.3.5/../../../avr/lib/avr5/libc.a(malloc.o)
 .bss           0x0000000000000000        0x0 /usr/lib/gcc/avr/4.3.5/../../../avr/lib/avr5/libc.a(malloc.o)
 .text.avr-libc
                0x0000000000000000      0x20a /usr/lib/gcc/avr/4.3.5/../../../avr/lib/avr5/libc.a(malloc.o)
 COMMON         0x0000000000000000        0x4 /usr/lib/gcc/avr/4.3.5/../../../avr/lib/avr5/libc.a(malloc.o)
 .text          0x0000000000000000        0x0 /usr/lib/gcc/avr/4.3.5/../../../avr/lib/avr5/libc.a(isspace.o)
 .data          0x0000000000000000        0x0 /usr/lib/gcc/avr/4.3.5/../../../avr/lib/avr5/libc.a(isspace.o)
 .bss           0x0000000000000000        0x0 /usr/lib/gcc/avr/4.3.5/../../../avr/lib/avr5/libc.a(isspace.o)
 .text.avr-libc
                0x0000000000000000       0x10 /usr/lib/gcc/avr/4.3.5/../../../avr/lib/avr5/libc.a(isspace.o)
 .text          0x0000000000000000        0x0 /usr/lib/gcc/avr/4.3.5/../../../avr/lib/avr5/libc.a(tolower.o)
 .data          0x0000000000000000        0x0 /usr/lib/gcc/avr/4.3.5/../../../avr/lib/avr5/libc.a(tolower.o)
 .bss           0x0000000000000000        0x0 /usr/lib/gcc/avr/4.3.5/../../../avr/lib/avr5/libc.a(tolower.o)
 .text.avr-libc
                0x0000000000000000       0x10 /usr/lib/gcc/avr/4.3.5/../../../avr/lib/avr5/libc.a(tolower.o)
 .text          0x0000000000000000        0x0 /usr/lib/gcc/avr/4.3.5/../../../avr/lib/avr5/libc.a(toupper.o)
 .data          0x0000000000000000        0x0 /usr/lib/gcc/avr/4.3.5/../../../avr/lib/avr5/libc.a(toupper.o)
 .bss           0x0000000000000000        0x0 /usr/lib/gcc/avr/4.3.5/../../../avr/lib/avr5/libc.a(toupper.o)
 .text.avr-libc
                0x0000000000000000       0x10 /usr/lib/gcc/avr/4.3.5/../../../avr/lib/avr5/libc.a(toupper.o)
 .text          0x0000000000000000        0x0 /usr/lib/gcc/avr/4.3.5/../../../avr/lib/avr5/libc.a(strcat.o)
 .data          0x0000000000000000        0x0 /usr/lib/gcc/avr/4.3.5/../../../avr/lib/avr5/libc.a(strcat.o)
 .bss           0x0000000000000000        0x0 /usr/lib/gcc/avr/4.3.5/../../../avr/lib/avr5/libc.a(strcat.o)
 .text.avr-libc
                0x0000000000000000       0x16 /usr/lib/gcc/avr/4.3.5/../../../avr/lib/avr5/libc.a(strcat.o)
 .text          0x0000000000000000        0x0 /usr/lib/gcc/avr/4.3.5/../../../avr/lib/avr5/libc.a(strchr.o)
 .data          0x0000000000000000        0x0 /usr/lib/gcc/avr/4.3.5/../../../avr/lib/avr5/libc.a(strchr.o)
 .bss           0x0000000000000000        0x0 /usr/lib/gcc/avr/4.3.5/../../../avr/lib/avr5/libc.a(strchr.o)
 .text.avr-libc
                0x0000000000000000       0x16 /usr/lib/gcc/avr/4.3.5/../../../avr/lib/avr5/libc.a(strchr.o)
 .text          0x0000000000000000        0x0 /usr/lib/gcc/avr/4.3.5/../../../avr/lib/avr5/libc.a(strcmp.o)
 .data          0x0000000000000000        0x0 /usr/lib/gcc/avr/4.3.5/../../../avr/lib/avr5/libc.a(strcmp.o)
 .bss           0x0000000000000000        0x0 /usr/lib/gcc/avr/4.3.5/../../../avr/lib/avr5/libc.a(strcmp.o)
 .text.avr-libc
                0x0000000000000000       0x12 /usr/lib/gcc/avr/4.3.5/../../../avr/lib/avr5/libc.a(strcmp.o)
 .text          0x0000000000000000        0x0 /usr/lib/gcc/avr/4.3.5/../../../avr/lib/avr5/libc.a(strcpy.o)
 .data          0x0000000000000000        0x0 /usr/lib/gcc/avr/4.3.5/../../../avr/lib/avr5/libc.a(strcpy.o)
 .bss           0x0000000000000000        0x0 /usr/lib/gcc/avr/4.3.5/../../../avr/lib/avr5/libc.a(strcpy.o)
 .text.avr-libc
                0x0000000000000000        0xe /usr/lib/gcc/avr/4.3.5/../../../avr/lib/avr5/libc.a(strcpy.o)
 .text          0x0000000000000000        0x0 /usr/lib/gcc/avr/4.3.5/../../../avr/lib/avr5/libc.a(strncmp.o)
 .data          0x0000000000000000        0x0 /usr/lib/gcc/avr/4.3.5/../../../avr/lib/avr5/libc.a(strncmp.o)
 .bss           0x0000000000000000        0x0 /usr/lib/gcc/avr/4.3.5/../../../avr/lib/avr5/libc.a(strncmp.o)
 .text.avr-libc
                0x0000000000000000       0x1c /usr/lib/gcc/avr/4.3.5/../../../avr/lib/avr5/libc.a(strncmp.o)
 .text          0x0000000000000000        0x0 /usr/lib/gcc/avr/4.3.5/../../../avr/lib/avr5/libc.a(strncpy.o)
 .data          0x0000000000000000        0x0 /usr/lib/gcc/avr/4.3.5/../../../avr/lib/avr5/libc.a(strncpy.o)
 .bss           0x0000000000000000        0x0 /usr/lib/gcc/avr/4.3.5/../../../avr/lib/avr5/libc.a(strncpy.o)
 .text.avr-libc
                0x0000000000000000       0x1e /usr/lib/gcc/avr/4.3.5/../../../avr/lib/avr5/libc.a(strncpy.o)
 .text          0x0000000000000000        0x0 /usr/lib/gcc/avr/4.3.5/../../../avr/lib/avr5/libc.a(strrchr.o)
 .data          0x0000000000000000        0x0 /usr/lib/gcc/avr/4.3.5/../../../avr/lib/avr5/libc.a(strrchr.o)
 .bss           0x0000000000000000        0x0 /usr/lib/gcc/avr/4.3.5/../../../avr/lib/avr5/libc.a(strrchr.o)
 .text.avr-libc
                0x0000000000000000       0x16 /usr/lib/gcc/avr/4.3.5/../../../avr/lib/avr5/libc.a(strrchr.o)
 .text          0x0000000000000000        0x0 /usr/lib/gcc/avr/4.3.5/../../../avr/lib/avr5/libc.a(strstr.o)
 .data          0x0000000000000000        0x0 /usr/lib/gcc/avr/4.3.5/../../../avr/lib/avr5/libc.a(strstr.o)
 .bss           0x0000000000000000        0x0 /usr/lib/gcc/avr/4.3.5/../../../avr/lib/avr5/libc.a(strstr.o)
 .text.avr-libc
                0x0000000000000000       0x34 /usr/lib/gcc/avr/4.3.5/../../../avr/lib/avr5/libc.a(strstr.o)
 .text          0x0000000000000000        0x0 /usr/lib/gcc/avr/4.3.5/../../../avr/lib/avr5/libc.a(itoa.o)
 .data          0x0000000000000000        0x0 /usr/lib/gcc/avr/4.3.5/../../../avr/lib/avr5/libc.a(itoa.o)
 .bss           0x0000000000000000        0x0 /usr/lib/gcc/avr/4.3.5/../../../avr/lib/avr5/libc.a(itoa.o)
 .text.avr-libc
                0x0000000000000000       0x42 /usr/lib/gcc/avr/4.3.5/../../../avr/lib/avr5/libc.a(itoa.o)
 .text          0x0000000000000000        0x0 /usr/lib/gcc/avr/4.3.5/../../../avr/lib/avr5/libc.a(ltoa.o)
 .data          0x0000000000000000        0x0 /usr/lib/gcc/avr/4.3.5/../../../avr/lib/avr5/libc.a(ltoa.o)
 .bss           0x0000000000000000        0x0 /usr/lib/gcc/avr/4.3.5/../../../avr/lib/avr5/libc.a(ltoa.o)
 .text.avr-libc
                0x0000000000000000       0x68 /usr/lib/gcc/avr/4.3.5/../../../avr/lib/avr5/libc.a(ltoa.o)
 .text          0x0000000000000000        0x0 /usr/lib/gcc/avr/4.3.5/../../../avr/lib/avr5/libc.a(ultoa.o)
 .data          0x0000000000000000        0x0 /usr/lib/gcc/avr/4.3.5/../../../avr/lib/avr5/libc.a(ultoa.o)
 .bss           0x0000000000000000        0x0 /usr/lib/gcc/avr/4.3.5/../../../avr/lib/avr5/libc.a(ultoa.o)
 .text.avr-libc
                0x0000000000000000       0x4a /usr/lib/gcc/avr/4.3.5/../../../avr/lib/avr5/libc.a(ultoa.o)
 .text          0x0000000000000000        0x0 /usr/lib/gcc/avr/4.3.5/../../../avr/lib/avr5/libc.a(cty_isfalse.o)
 .data          0x0000000000000000        0x0 /usr/lib/gcc/avr/4.3.5/../../../avr/lib/avr5/libc.a(cty_isfalse.o)
 .bss           0x0000000000000000        0x0 /usr/lib/gcc/avr/4.3.5/../../../avr/lib/avr5/libc.a(cty_isfalse.o)
 .text.avr-libc
                0x0000000000000000        0x6 /usr/lib/gcc/avr/4.3.5/../../../avr/lib/avr5/libc.a(cty_isfalse.o)
 .text          0x0000000000000000        0x0 /usr/lib/gcc/avr/4.3.5/../../../avr/lib/avr5/libc.a(strrev.o)
 .data          0x0000000000000000        0x0 /usr/lib/gcc/avr/4.3.5/../../../avr/lib/avr5/libc.a(strrev.o)
 .bss           0x0000000000000000        0x0 /usr/lib/gcc/avr/4.3.5/../../../avr/lib/avr5/libc.a(strrev.o)
 .text.avr-libc
                0x0000000000000000       0x20 /usr/lib/gcc/avr/4.3.5/../../../avr/lib/avr5/libc.a(strrev.o)
 .text          0x0000000000000000        0x0 /usr/lib/gcc/avr/4.3.5/avr5/libgcc.a(_udivmodhi4.o)
 .data          0x0000000000000000        0x0 /usr/lib/gcc/avr/4.3.5/avr5/libgcc.a(_udivmodhi4.o)
 .bss           0x0000000000000000        0x0 /usr/lib/gcc/avr/4.3.5/avr5/libgcc.a(_udivmodhi4.o)
 .text.libgcc   0x0000000000000000       0x28 /usr/lib/gcc/avr/4.3.5/avr5/libgcc.a(_udivmodhi4.o)

Memory Configuration

Name             Origin             Length             Attributes
text             0x0000000000000000 0x0000000000020000 xr
data             0x0000000000800060 0x000000000000ffa0 rw !x
eeprom           0x0000000000810000 0x0000000000010000 rw !x
fuse             0x0000000000820000 0x0000000000000400 rw !x
lock             0x0000000000830000 0x0000000000000400 rw !x
signature        0x0000000000840000 0x0000000000000400 rw !x
*default*        0x0000000000000000 0xffffffffffffffff

Linker script and memory map

Address of section .data set to 0x800100
LOAD /usr/lib/gcc/avr/4.3.5/../../../avr/lib/avr5/crtm328p.o
LOAD ./LiquidCrystal.o
LOAD ./functions.o
LOAD ./main.o
LOAD /home/r0oland/workspace/IVAT/Eclipse_IDE/Arduino_Libs/Release/libArduino.a
LOAD /usr/lib/gcc/avr/4.3.5/avr5/libgcc.a
LOAD /usr/lib/gcc/avr/4.3.5/../../../avr/lib/avr5/libm.a
LOAD /usr/lib/gcc/avr/4.3.5/avr5/libgcc.a
LOAD /usr/lib/gcc/avr/4.3.5/../../../avr/lib/avr5/libc.a
LOAD /usr/lib/gcc/avr/4.3.5/avr5/libgcc.a

.hash
 *(.hash)

.dynsym
 *(.dynsym)

.dynstr
 *(.dynstr)

.gnu.version
 *(.gnu.version)

.gnu.version_d
 *(.gnu.version_d)

.gnu.version_r
 *(.gnu.version_r)

.rel.init
 *(.rel.init)

.rela.init
 *(.rela.init)

.rel.text
 *(.rel.text)
 *(.rel.text.*)
 *(.rel.gnu.linkonce.t*)

.rela.text
 *(.rela.text)
 *(.rela.text.*)
 *(.rela.gnu.linkonce.t*)

.rel.fini
 *(.rel.fini)

.rela.fini
 *(.rela.fini)

.rel.rodata
 *(.rel.rodata)
 *(.rel.rodata.*)
 *(.rel.gnu.linkonce.r*)

.rela.rodata
 *(.rela.rodata)
 *(.rela.rodata.*)
 *(.rela.gnu.linkonce.r*)

.rel.data
 *(.rel.data)
 *(.rel.data.*)
 *(.rel.gnu.linkonce.d*)

.rela.data
 *(.rela.data)
 *(.rela.data.*)
 *(.rela.gnu.linkonce.d*)

.rel.ctors
 *(.rel.ctors)

.rela.ctors
 *(.rela.ctors)

.rel.dtors
 *(.rel.dtors)

.rela.dtors
 *(.rela.dtors)

.rel.got
 *(.rel.got)

.rela.got
 *(.rela.got)

.rel.bss
 *(.rel.bss)

.rela.bss
 *(.rela.bss)

.rel.plt
 *(.rel.plt)

.rela.plt
 *(.rela.plt)

.text           0x0000000000000000      0xa42
 *(.vectors)
 .vectors       0x0000000000000000       0x68 /usr/lib/gcc/avr/4.3.5/../../../avr/lib/avr5/crtm328p.o
                0x0000000000000000                __vectors
                0x0000000000000000                __vector_default
 *(.vectors)
 *(.progmem.gcc*)
 *(.progmem*)
 .progmem.data  0x0000000000000068       0x5a /home/r0oland/workspace/IVAT/Eclipse_IDE/Arduino_Libs/Release/libArduino.a(pins_arduino.o)
                0x0000000000000068                port_to_mode_PGM
                0x0000000000000072                port_to_output_PGM
                0x000000000000007c                port_to_input_PGM
                0x0000000000000086                digital_pin_to_port_PGM
                0x000000000000009a                digital_pin_to_bit_mask_PGM
                0x00000000000000ae                digital_pin_to_timer_PGM
                0x00000000000000c2                . = ALIGN (0x2)
                0x00000000000000c2                __trampolines_start = .
 *(.trampolines)
 .trampolines   0x00000000000000c2        0x0 linker stubs
 *(.trampolines*)
                0x00000000000000c2                __trampolines_end = .
 *(.jumptables)
 *(.jumptables*)
 *(.lowtext)
 *(.lowtext*)
                0x00000000000000c2                __ctors_start = .
 *(.ctors)
 .ctors         0x00000000000000c2        0x2 ./functions.o
 .ctors         0x00000000000000c4        0x2 ./main.o
                0x00000000000000c6                __ctors_end = .
                0x00000000000000c6                __dtors_start = .
 *(.dtors)
                0x00000000000000c6                __dtors_end = .
 SORT(*)(.ctors)
 SORT(*)(.dtors)
 *(.init0)
 .init0         0x00000000000000c6        0x0 /usr/lib/gcc/avr/4.3.5/../../../avr/lib/avr5/crtm328p.o
                0x00000000000000c6                __init
 *(.init0)
 *(.init1)
 *(.init1)
 *(.init2)
 .init2         0x00000000000000c6        0xc /usr/lib/gcc/avr/4.3.5/../../../avr/lib/avr5/crtm328p.o
 *(.init2)
 *(.init3)
 *(.init3)
 *(.init4)
 .init4         0x00000000000000d2       0x16 /usr/lib/gcc/avr/4.3.5/avr5/libgcc.a(_copy_data.o)
                0x00000000000000d2                __do_copy_data
 .init4         0x00000000000000e8       0x10 /usr/lib/gcc/avr/4.3.5/avr5/libgcc.a(_clear_bss.o)
                0x00000000000000e8                __do_clear_bss
 *(.init4)
 *(.init5)
 *(.init5)
 *(.init6)
 .init6         0x00000000000000f8       0x16 /usr/lib/gcc/avr/4.3.5/avr5/libgcc.a(_ctors.o)
                0x00000000000000f8                __do_global_ctors
 *(.init6)
 *(.init7)
 *(.init7)
 *(.init8)
 *(.init8)
 *(.init9)
 .init9         0x000000000000010e        0x8 /usr/lib/gcc/avr/4.3.5/../../../avr/lib/avr5/crtm328p.o
 *(.init9)
 *(.text)
 .text          0x0000000000000116        0x4 /usr/lib/gcc/avr/4.3.5/../../../avr/lib/avr5/crtm328p.o
                0x0000000000000116                __vector_22
                0x0000000000000116                __vector_1
                0x0000000000000116                __vector_24
                0x0000000000000116                __vector_12
                0x0000000000000116                __bad_interrupt
                0x0000000000000116                __vector_6
                0x0000000000000116                __vector_3
                0x0000000000000116                __vector_23
                0x0000000000000116                __vector_25
                0x0000000000000116                __vector_11
                0x0000000000000116                __vector_13
                0x0000000000000116                __vector_17
                0x0000000000000116                __vector_19
                0x0000000000000116                __vector_7
                0x0000000000000116                __vector_5
                0x0000000000000116                __vector_4
                0x0000000000000116                __vector_9
                0x0000000000000116                __vector_2
                0x0000000000000116                __vector_21
                0x0000000000000116                __vector_15
                0x0000000000000116                __vector_8
                0x0000000000000116                __vector_14
                0x0000000000000116                __vector_10
                0x0000000000000116                __vector_18
                0x0000000000000116                __vector_20
                0x000000000000011a                . = ALIGN (0x2)
 *(.text.*)
 .text._ZN13LiquidCrystal11pulseEnableEv
                0x000000000000011a       0x42 ./LiquidCrystal.o
                0x000000000000011a                LiquidCrystal::pulseEnable()
 .text._ZN13LiquidCrystal10write8bitsEh
                0x000000000000015c       0x6c ./LiquidCrystal.o
                0x000000000000015c                LiquidCrystal::write8bits(unsigned char)
 .text._ZN13LiquidCrystal10write4bitsEh
                0x00000000000001c8       0x6c ./LiquidCrystal.o
                0x00000000000001c8                LiquidCrystal::write4bits(unsigned char)
 .text._ZN13LiquidCrystal4sendEhh
                0x0000000000000234       0x52 ./LiquidCrystal.o
                0x0000000000000234                LiquidCrystal::send(unsigned char, unsigned char)
 .text._ZN13LiquidCrystal5writeEh
                0x0000000000000286        0x8 ./LiquidCrystal.o
                0x0000000000000286                LiquidCrystal::write(unsigned char)
 .text._ZN13LiquidCrystal7commandEh
                0x000000000000028e        0x8 ./LiquidCrystal.o
                0x000000000000028e                LiquidCrystal::command(unsigned char)
 .text._ZN13LiquidCrystal7displayEv
                0x0000000000000296       0x14 ./LiquidCrystal.o
                0x0000000000000296                LiquidCrystal::display()
 .text._ZN13LiquidCrystal5clearEv
                0x00000000000002aa       0x10 ./LiquidCrystal.o
                0x00000000000002aa                LiquidCrystal::clear()
 .text._ZN13LiquidCrystal5beginEhhh
                0x00000000000002ba       0xde ./LiquidCrystal.o
                0x00000000000002ba                LiquidCrystal::begin(unsigned char, unsigned char, unsigned char)
 .text._ZN13LiquidCrystal4initEhhhhhhhhhhhh
                0x0000000000000398       0x8e ./LiquidCrystal.o
                0x0000000000000398                LiquidCrystal::init(unsigned char, unsigned char, unsigned char, unsigned char, unsigned char, unsigned char, unsigned char, unsigned char, unsigned char, unsigned char, unsigned char, unsigned char)
 .text._ZN13LiquidCrystalC1Ehhhhhh
                0x0000000000000426       0x6a ./LiquidCrystal.o
                0x0000000000000426                LiquidCrystal::LiquidCrystal(unsigned char, unsigned char, unsigned char, unsigned char, unsigned char, unsigned char)
 .text._Z17init_all_my_timesP9all_times
                0x0000000000000490       0x24 ./functions.o
                0x0000000000000490                init_all_my_times(all_times*)
 .text._GLOBAL__I_lcd
                0x00000000000004b4       0x26 ./functions.o
 .text._Z9print_lcdv
                0x00000000000004da        0xa ./functions.o
                0x00000000000004da                print_lcd()
 .text._Z19change_config_stateP5statehPm
                0x00000000000004e4       0xb4 ./functions.o
                0x00000000000004e4                change_config_state(state*, unsigned char, unsigned long*)
 .text._Z14control_configP5stateP9all_times
                0x0000000000000598       0x86 ./functions.o
                0x0000000000000598                control_config(state*, all_times*)
 .text._Z13control_stateP5stateP9all_times
                0x000000000000061e       0x1a ./functions.o
                0x000000000000061e                control_state(state*, all_times*)
 .text._GLOBAL__I_lcd
                0x0000000000000638       0x26 ./main.o
 .text.main     0x000000000000065e       0x9e ./main.o
                0x000000000000065e                main
 .text._ZN5Print5writeEPKc
                0x00000000000006fc       0x30 /home/r0oland/workspace/IVAT/Eclipse_IDE/Arduino_Libs/Release/libArduino.a(Print.o)
                0x00000000000006fc                Print::write(char const*)
 .text._ZN5Print5writeEPKhj
                0x000000000000072c       0x3e /home/r0oland/workspace/IVAT/Eclipse_IDE/Arduino_Libs/Release/libArduino.a(Print.o)
                0x000000000000072c                Print::write(unsigned char const*, unsigned int)
 .text.__vector_16
                0x000000000000076a       0x90 /home/r0oland/workspace/IVAT/Eclipse_IDE/Arduino_Libs/Release/libArduino.a(wiring.o)
                0x000000000000076a                __vector_16
 .text.millis   0x00000000000007fa       0x1c /home/r0oland/workspace/IVAT/Eclipse_IDE/Arduino_Libs/Release/libArduino.a(wiring.o)
                0x00000000000007fa                millis
 .text.delayMicroseconds
                0x0000000000000816       0x14 /home/r0oland/workspace/IVAT/Eclipse_IDE/Arduino_Libs/Release/libArduino.a(wiring.o)
                0x0000000000000816                delayMicroseconds
 .text.init     0x000000000000082a       0x76 /home/r0oland/workspace/IVAT/Eclipse_IDE/Arduino_Libs/Release/libArduino.a(wiring.o)
                0x000000000000082a                init
 .text.pinMode  0x00000000000008a0       0x4c /home/r0oland/workspace/IVAT/Eclipse_IDE/Arduino_Libs/Release/libArduino.a(wiring_digital.o)
                0x00000000000008a0                pinMode
 .text.digitalWrite
                0x00000000000008ec       0xa8 /home/r0oland/workspace/IVAT/Eclipse_IDE/Arduino_Libs/Release/libArduino.a(wiring_digital.o)
                0x00000000000008ec                digitalWrite
 .text.digitalRead
                0x0000000000000994       0x9e /home/r0oland/workspace/IVAT/Eclipse_IDE/Arduino_Libs/Release/libArduino.a(wiring_digital.o)
                0x0000000000000994                digitalRead
 .text.libgcc   0x0000000000000a32        0xc /usr/lib/gcc/avr/4.3.5/avr5/libgcc.a(_tablejump.o)
                0x0000000000000a32                __tablejump2__
                0x0000000000000a36                __tablejump__
                0x0000000000000a3e                . = ALIGN (0x2)
 *(.fini9)
 .fini9         0x0000000000000a3e        0x0 /usr/lib/gcc/avr/4.3.5/avr5/libgcc.a(_exit.o)
                0x0000000000000a3e                exit
                0x0000000000000a3e                _exit
 *(.fini9)
 *(.fini8)
 *(.fini8)
 *(.fini7)
 *(.fini7)
 *(.fini6)
 *(.fini6)
 *(.fini5)
 *(.fini5)
 *(.fini4)
 *(.fini4)
 *(.fini3)
 *(.fini3)
 *(.fini2)
 *(.fini2)
 *(.fini1)
 *(.fini1)
 *(.fini0)
 .fini0         0x0000000000000a3e        0x4 /usr/lib/gcc/avr/4.3.5/avr5/libgcc.a(_exit.o)
 *(.fini0)
                0x0000000000000a42                _etext = .

.data           0x0000000000800100       0x10 load address 0x0000000000000a42
                0x0000000000800100                PROVIDE (__data_start, .)
 *(.data)
 *(.data*)
 *(.rodata)
 *(.rodata*)
 .rodata._ZTV13LiquidCrystal
                0x0000000000800100        0xa ./LiquidCrystal.o
                0x0000000000800100                vtable for LiquidCrystal
 .rodata._ZZ4mainE3C.0
                0x000000000080010a        0x5 ./main.o
 *(.gnu.linkonce.d*)
                0x0000000000800110                . = ALIGN (0x2)
 *fill*         0x000000000080010f        0x1 00
                0x0000000000800110                _edata = .
                0x0000000000800110                PROVIDE (__data_end, .)

.bss            0x0000000000800110       0x2f
                0x0000000000800110                PROVIDE (__bss_start, .)
 *(.bss)
 *(.bss*)
 .bss.lcd       0x0000000000800110       0x13 ./functions.o
                0x0000000000800110                lcd
 .bss.lcd       0x0000000000800123       0x13 ./main.o
 .bss.timer0_overflow_count
                0x0000000000800136        0x4 /home/r0oland/workspace/IVAT/Eclipse_IDE/Arduino_Libs/Release/libArduino.a(wiring.o)
                0x0000000000800136                timer0_overflow_count
 .bss.timer0_millis
                0x000000000080013a        0x4 /home/r0oland/workspace/IVAT/Eclipse_IDE/Arduino_Libs/Release/libArduino.a(wiring.o)
                0x000000000080013a                timer0_millis
 .bss.timer0_fract
                0x000000000080013e        0x1 /home/r0oland/workspace/IVAT/Eclipse_IDE/Arduino_Libs/Release/libArduino.a(wiring.o)
 *(COMMON)
                0x000000000080013f                PROVIDE (__bss_end, .)
                0x0000000000000a42                __data_load_start = LOADADDR (.data)
                0x0000000000000a52                __data_load_end = (__data_load_start + SIZEOF (.data))

.noinit         0x000000000080013f        0x0
                0x000000000080013f                PROVIDE (__noinit_start, .)
 *(.noinit*)
                0x000000000080013f                PROVIDE (__noinit_end, .)
                0x000000000080013f                _end = .
                0x000000000080013f                PROVIDE (__heap_start, .)

.eeprom         0x0000000000810000        0x0
 *(.eeprom*)
                0x0000000000810000                __eeprom_end = .

.fuse
 *(.fuse)
 *(.lfuse)
 *(.hfuse)
 *(.efuse)

.lock
 *(.lock*)

.signature
 *(.signature*)

.stab           0x0000000000000000     0x1134
 *(.stab)
 .stab          0x0000000000000000      0x6b4 /usr/lib/gcc/avr/4.3.5/../../../avr/lib/avr5/crtm328p.o
 .stab          0x00000000000006b4      0x360 /usr/lib/gcc/avr/4.3.5/../../../avr/lib/avr5/libc.a(malloc.o)
                                        0x6fc (size before relaxing)
 .stab          0x0000000000000a14       0x18 /usr/lib/gcc/avr/4.3.5/../../../avr/lib/avr5/libc.a(isspace.o)
                                         0xa8 (size before relaxing)
 .stab          0x0000000000000a2c       0x18 /usr/lib/gcc/avr/4.3.5/../../../avr/lib/avr5/libc.a(tolower.o)
                                         0xa8 (size before relaxing)
 .stab          0x0000000000000a44       0x18 /usr/lib/gcc/avr/4.3.5/../../../avr/lib/avr5/libc.a(toupper.o)
                                         0xa8 (size before relaxing)
 .stab          0x0000000000000a5c       0x9c /usr/lib/gcc/avr/4.3.5/../../../avr/lib/avr5/libc.a(strcat.o)
                                         0xa8 (size before relaxing)
 .stab          0x0000000000000af8       0x9c /usr/lib/gcc/avr/4.3.5/../../../avr/lib/avr5/libc.a(strchr.o)
                                         0xa8 (size before relaxing)
 .stab          0x0000000000000b94       0x84 /usr/lib/gcc/avr/4.3.5/../../../avr/lib/avr5/libc.a(strcmp.o)
                                         0x90 (size before relaxing)
 .stab          0x0000000000000c18       0x6c /usr/lib/gcc/avr/4.3.5/../../../avr/lib/avr5/libc.a(strcpy.o)
                                         0x78 (size before relaxing)
 .stab          0x0000000000000c84       0xc0 /usr/lib/gcc/avr/4.3.5/../../../avr/lib/avr5/libc.a(strncmp.o)
                                         0xcc (size before relaxing)
 .stab          0x0000000000000d44       0xcc /usr/lib/gcc/avr/4.3.5/../../../avr/lib/avr5/libc.a(strncpy.o)
                                         0xd8 (size before relaxing)
 .stab          0x0000000000000e10       0x9c /usr/lib/gcc/avr/4.3.5/../../../avr/lib/avr5/libc.a(strrchr.o)
                                         0xa8 (size before relaxing)
 .stab          0x0000000000000eac      0x150 /usr/lib/gcc/avr/4.3.5/../../../avr/lib/avr5/libc.a(strstr.o)
                                        0x15c (size before relaxing)
 .stab          0x0000000000000ffc       0x18 /usr/lib/gcc/avr/4.3.5/../../../avr/lib/avr5/libc.a(itoa.o)
                                        0x1bc (size before relaxing)
 .stab          0x0000000000001014       0x18 /usr/lib/gcc/avr/4.3.5/../../../avr/lib/avr5/libc.a(ltoa.o)
                                        0x2a0 (size before relaxing)
 .stab          0x000000000000102c       0x18 /usr/lib/gcc/avr/4.3.5/../../../avr/lib/avr5/libc.a(ultoa.o)
                                        0x1ec (size before relaxing)
 .stab          0x0000000000001044       0x18 /usr/lib/gcc/avr/4.3.5/../../../avr/lib/avr5/libc.a(cty_isfalse.o)
                                         0x6c (size before relaxing)
 .stab          0x000000000000105c       0xd8 /usr/lib/gcc/avr/4.3.5/../../../avr/lib/avr5/libc.a(strrev.o)
                                         0xe4 (size before relaxing)

.stabstr        0x0000000000000000      0xb5b
 *(.stabstr)
 .stabstr       0x0000000000000000      0xb5b /usr/lib/gcc/avr/4.3.5/../../../avr/lib/avr5/crtm328p.o

.stab.excl
 *(.stab.excl)

.stab.exclstr
 *(.stab.exclstr)

.stab.index
 *(.stab.index)

.stab.indexstr
 *(.stab.indexstr)

.comment
 *(.comment)

.debug
 *(.debug)

.line
 *(.line)

.debug_srcinfo
 *(.debug_srcinfo)

.debug_sfnames
 *(.debug_sfnames)

.debug_aranges
 *(.debug_aranges)

.debug_pubnames
 *(.debug_pubnames)

.debug_info
 *(.debug_info)
 *(.gnu.linkonce.wi.*)

.debug_abbrev
 *(.debug_abbrev)

.debug_line
 *(.debug_line)

.debug_frame
 *(.debug_frame)

.debug_str
 *(.debug_str)

.debug_loc
 *(.debug_loc)

.debug_macinfo
 *(.debug_macinfo)
OUTPUT(Blink.elf elf32-avr)
LOAD linker stubs

Cross Reference Table

Symbol                                            File
LiquidCrystal::LiquidCrystal(unsigned char, unsigned char, unsigned char, unsigned char, unsigned char, unsigned char) ./LiquidCrystal.o
LiquidCrystal::LiquidCrystal(unsigned char, unsigned char, unsigned char, unsigned char, unsigned char, unsigned char) ./LiquidCrystal.o
                                                  ./main.o
                                                  ./functions.o
LiquidCrystal::LiquidCrystal(unsigned char, unsigned char, unsigned char, unsigned char, unsigned char, unsigned char, unsigned char) ./LiquidCrystal.o
LiquidCrystal::LiquidCrystal(unsigned char, unsigned char, unsigned char, unsigned char, unsigned char, unsigned char, unsigned char) ./LiquidCrystal.o
LiquidCrystal::LiquidCrystal(unsigned char, unsigned char, unsigned char, unsigned char, unsigned char, unsigned char, unsigned char, unsigned char, unsigned char, unsigned char) ./LiquidCrystal.o
LiquidCrystal::LiquidCrystal(unsigned char, unsigned char, unsigned char, unsigned char, unsigned char, unsigned char, unsigned char, unsigned char, unsigned char, unsigned char) ./LiquidCrystal.o
LiquidCrystal::LiquidCrystal(unsigned char, unsigned char, unsigned char, unsigned char, unsigned char, unsigned char, unsigned char, unsigned char, unsigned char, unsigned char, unsigned char) ./LiquidCrystal.o
LiquidCrystal::LiquidCrystal(unsigned char, unsigned char, unsigned char, unsigned char, unsigned char, unsigned char, unsigned char, unsigned char, unsigned char, unsigned char, unsigned char) ./LiquidCrystal.o
LiquidCrystal::autoscroll()                       ./LiquidCrystal.o
LiquidCrystal::begin(unsigned char, unsigned char, unsigned char) ./LiquidCrystal.o
                                                  ./main.o
LiquidCrystal::blink()                            ./LiquidCrystal.o
LiquidCrystal::clear()                            ./LiquidCrystal.o
                                                  ./functions.o
LiquidCrystal::command(unsigned char)             ./LiquidCrystal.o
LiquidCrystal::createChar(unsigned char, unsigned char*) ./LiquidCrystal.o
LiquidCrystal::cursor()                           ./LiquidCrystal.o
LiquidCrystal::display()                          ./LiquidCrystal.o
LiquidCrystal::home()                             ./LiquidCrystal.o
LiquidCrystal::init(unsigned char, unsigned char, unsigned char, unsigned char, unsigned char, unsigned char, unsigned char, unsigned char, unsigned char, unsigned char, unsigned char, unsigned char) ./LiquidCrystal.o
LiquidCrystal::leftToRight()                      ./LiquidCrystal.o
LiquidCrystal::noAutoscroll()                     ./LiquidCrystal.o
LiquidCrystal::noBlink()                          ./LiquidCrystal.o
LiquidCrystal::noCursor()                         ./LiquidCrystal.o
LiquidCrystal::noDisplay()                        ./LiquidCrystal.o
LiquidCrystal::pulseEnable()                      ./LiquidCrystal.o
LiquidCrystal::rightToLeft()                      ./LiquidCrystal.o
LiquidCrystal::scrollDisplayLeft()                ./LiquidCrystal.o
LiquidCrystal::scrollDisplayRight()               ./LiquidCrystal.o
LiquidCrystal::send(unsigned char, unsigned char) ./LiquidCrystal.o
LiquidCrystal::setCursor(unsigned char, unsigned char) ./LiquidCrystal.o
LiquidCrystal::write(unsigned char)               ./LiquidCrystal.o
LiquidCrystal::write4bits(unsigned char)          ./LiquidCrystal.o
LiquidCrystal::write8bits(unsigned char)          ./LiquidCrystal.o
Print::print(String const&)                       /home/r0oland/workspace/IVAT/Eclipse_IDE/Arduino_Libs/Release/libArduino.a(Print.o)
Print::print(char const*)                         /home/r0oland/workspace/IVAT/Eclipse_IDE/Arduino_Libs/Release/libArduino.a(Print.o)
Print::print(char, int)                           /home/r0oland/workspace/IVAT/Eclipse_IDE/Arduino_Libs/Release/libArduino.a(Print.o)
Print::print(double, int)                         /home/r0oland/workspace/IVAT/Eclipse_IDE/Arduino_Libs/Release/libArduino.a(Print.o)
Print::print(int, int)                            /home/r0oland/workspace/IVAT/Eclipse_IDE/Arduino_Libs/Release/libArduino.a(Print.o)
Print::print(long, int)                           /home/r0oland/workspace/IVAT/Eclipse_IDE/Arduino_Libs/Release/libArduino.a(Print.o)
Print::print(unsigned char, int)                  /home/r0oland/workspace/IVAT/Eclipse_IDE/Arduino_Libs/Release/libArduino.a(Print.o)
Print::print(unsigned int, int)                   /home/r0oland/workspace/IVAT/Eclipse_IDE/Arduino_Libs/Release/libArduino.a(Print.o)
Print::print(unsigned long, int)                  /home/r0oland/workspace/IVAT/Eclipse_IDE/Arduino_Libs/Release/libArduino.a(Print.o)
Print::printFloat(double, unsigned char)          /home/r0oland/workspace/IVAT/Eclipse_IDE/Arduino_Libs/Release/libArduino.a(Print.o)
Print::printNumber(unsigned long, unsigned char)  /home/r0oland/workspace/IVAT/Eclipse_IDE/Arduino_Libs/Release/libArduino.a(Print.o)
Print::println()                                  /home/r0oland/workspace/IVAT/Eclipse_IDE/Arduino_Libs/Release/libArduino.a(Print.o)
Print::println(String const&)                     /home/r0oland/workspace/IVAT/Eclipse_IDE/Arduino_Libs/Release/libArduino.a(Print.o)
Print::println(char const*)                       /home/r0oland/workspace/IVAT/Eclipse_IDE/Arduino_Libs/Release/libArduino.a(Print.o)
Print::println(char, int)                         /home/r0oland/workspace/IVAT/Eclipse_IDE/Arduino_Libs/Release/libArduino.a(Print.o)
Print::println(double, int)                       /home/r0oland/workspace/IVAT/Eclipse_IDE/Arduino_Libs/Release/libArduino.a(Print.o)
Print::println(int, int)                          /home/r0oland/workspace/IVAT/Eclipse_IDE/Arduino_Libs/Release/libArduino.a(Print.o)
Print::println(long, int)                         /home/r0oland/workspace/IVAT/Eclipse_IDE/Arduino_Libs/Release/libArduino.a(Print.o)
Print::println(unsigned char, int)                /home/r0oland/workspace/IVAT/Eclipse_IDE/Arduino_Libs/Release/libArduino.a(Print.o)
Print::println(unsigned int, int)                 /home/r0oland/workspace/IVAT/Eclipse_IDE/Arduino_Libs/Release/libArduino.a(Print.o)
Print::println(unsigned long, int)                /home/r0oland/workspace/IVAT/Eclipse_IDE/Arduino_Libs/Release/libArduino.a(Print.o)
Print::write(char const*)                         /home/r0oland/workspace/IVAT/Eclipse_IDE/Arduino_Libs/Release/libArduino.a(Print.o)
                                                  ./LiquidCrystal.o
Print::write(unsigned char const*, unsigned int)  /home/r0oland/workspace/IVAT/Eclipse_IDE/Arduino_Libs/Release/libArduino.a(Print.o)
                                                  ./LiquidCrystal.o
String::String(String const&)                     /home/r0oland/workspace/IVAT/Eclipse_IDE/Arduino_Libs/Release/libArduino.a(WString.o)
String::String(String const&)                     /home/r0oland/workspace/IVAT/Eclipse_IDE/Arduino_Libs/Release/libArduino.a(WString.o)
String::String(char const*)                       /home/r0oland/workspace/IVAT/Eclipse_IDE/Arduino_Libs/Release/libArduino.a(WString.o)
String::String(char const*)                       /home/r0oland/workspace/IVAT/Eclipse_IDE/Arduino_Libs/Release/libArduino.a(WString.o)
String::String(char)                              /home/r0oland/workspace/IVAT/Eclipse_IDE/Arduino_Libs/Release/libArduino.a(WString.o)
String::String(char)                              /home/r0oland/workspace/IVAT/Eclipse_IDE/Arduino_Libs/Release/libArduino.a(WString.o)
String::String(int, int)                          /home/r0oland/workspace/IVAT/Eclipse_IDE/Arduino_Libs/Release/libArduino.a(WString.o)
String::String(int, int)                          /home/r0oland/workspace/IVAT/Eclipse_IDE/Arduino_Libs/Release/libArduino.a(WString.o)
String::String(long, int)                         /home/r0oland/workspace/IVAT/Eclipse_IDE/Arduino_Libs/Release/libArduino.a(WString.o)
String::String(long, int)                         /home/r0oland/workspace/IVAT/Eclipse_IDE/Arduino_Libs/Release/libArduino.a(WString.o)
String::String(unsigned char)                     /home/r0oland/workspace/IVAT/Eclipse_IDE/Arduino_Libs/Release/libArduino.a(WString.o)
String::String(unsigned char)                     /home/r0oland/workspace/IVAT/Eclipse_IDE/Arduino_Libs/Release/libArduino.a(WString.o)
String::String(unsigned int, int)                 /home/r0oland/workspace/IVAT/Eclipse_IDE/Arduino_Libs/Release/libArduino.a(WString.o)
String::String(unsigned int, int)                 /home/r0oland/workspace/IVAT/Eclipse_IDE/Arduino_Libs/Release/libArduino.a(WString.o)
String::String(unsigned long, int)                /home/r0oland/workspace/IVAT/Eclipse_IDE/Arduino_Libs/Release/libArduino.a(WString.o)
String::String(unsigned long, int)                /home/r0oland/workspace/IVAT/Eclipse_IDE/Arduino_Libs/Release/libArduino.a(WString.o)
String::charAt(unsigned int) const                /home/r0oland/workspace/IVAT/Eclipse_IDE/Arduino_Libs/Release/libArduino.a(WString.o)
String::compareTo(String const&) const            /home/r0oland/workspace/IVAT/Eclipse_IDE/Arduino_Libs/Release/libArduino.a(WString.o)
String::concat(String const&)                     /home/r0oland/workspace/IVAT/Eclipse_IDE/Arduino_Libs/Release/libArduino.a(WString.o)
String::endsWith(String const&) const             /home/r0oland/workspace/IVAT/Eclipse_IDE/Arduino_Libs/Release/libArduino.a(WString.o)
String::equals(String const&) const               /home/r0oland/workspace/IVAT/Eclipse_IDE/Arduino_Libs/Release/libArduino.a(WString.o)
String::equalsIgnoreCase(String const&) const     /home/r0oland/workspace/IVAT/Eclipse_IDE/Arduino_Libs/Release/libArduino.a(WString.o)
String::getBuffer(unsigned int)                   /home/r0oland/workspace/IVAT/Eclipse_IDE/Arduino_Libs/Release/libArduino.a(WString.o)
String::getBytes(unsigned char*, unsigned int)    /home/r0oland/workspace/IVAT/Eclipse_IDE/Arduino_Libs/Release/libArduino.a(WString.o)
String::indexOf(String const&) const              /home/r0oland/workspace/IVAT/Eclipse_IDE/Arduino_Libs/Release/libArduino.a(WString.o)
String::indexOf(String const&, unsigned int) const /home/r0oland/workspace/IVAT/Eclipse_IDE/Arduino_Libs/Release/libArduino.a(WString.o)
String::indexOf(char) const                       /home/r0oland/workspace/IVAT/Eclipse_IDE/Arduino_Libs/Release/libArduino.a(WString.o)
String::indexOf(char, unsigned int) const         /home/r0oland/workspace/IVAT/Eclipse_IDE/Arduino_Libs/Release/libArduino.a(WString.o)
String::lastIndexOf(String const&) const          /home/r0oland/workspace/IVAT/Eclipse_IDE/Arduino_Libs/Release/libArduino.a(WString.o)
String::lastIndexOf(String const&, unsigned int) const /home/r0oland/workspace/IVAT/Eclipse_IDE/Arduino_Libs/Release/libArduino.a(WString.o)
String::lastIndexOf(char) const                   /home/r0oland/workspace/IVAT/Eclipse_IDE/Arduino_Libs/Release/libArduino.a(WString.o)
String::lastIndexOf(char, unsigned int) const     /home/r0oland/workspace/IVAT/Eclipse_IDE/Arduino_Libs/Release/libArduino.a(WString.o)
String::operator!=(String const&) const           /home/r0oland/workspace/IVAT/Eclipse_IDE/Arduino_Libs/Release/libArduino.a(WString.o)
String::operator+=(String const&)                 /home/r0oland/workspace/IVAT/Eclipse_IDE/Arduino_Libs/Release/libArduino.a(WString.o)
String::operator<(String const&) const            /home/r0oland/workspace/IVAT/Eclipse_IDE/Arduino_Libs/Release/libArduino.a(WString.o)
String::operator<=(String const&) const           /home/r0oland/workspace/IVAT/Eclipse_IDE/Arduino_Libs/Release/libArduino.a(WString.o)
String::operator=(String const&)                  /home/r0oland/workspace/IVAT/Eclipse_IDE/Arduino_Libs/Release/libArduino.a(WString.o)
String::operator==(String const&) const           /home/r0oland/workspace/IVAT/Eclipse_IDE/Arduino_Libs/Release/libArduino.a(WString.o)
String::operator>(String const&) const            /home/r0oland/workspace/IVAT/Eclipse_IDE/Arduino_Libs/Release/libArduino.a(WString.o)
String::operator>=(String const&) const           /home/r0oland/workspace/IVAT/Eclipse_IDE/Arduino_Libs/Release/libArduino.a(WString.o)
String::operator[](unsigned int)                  /home/r0oland/workspace/IVAT/Eclipse_IDE/Arduino_Libs/Release/libArduino.a(WString.o)
String::operator[](unsigned int) const            /home/r0oland/workspace/IVAT/Eclipse_IDE/Arduino_Libs/Release/libArduino.a(WString.o)
                                                  /home/r0oland/workspace/IVAT/Eclipse_IDE/Arduino_Libs/Release/libArduino.a(Print.o)
String::replace(String const&, String const&)     /home/r0oland/workspace/IVAT/Eclipse_IDE/Arduino_Libs/Release/libArduino.a(WString.o)
String::replace(char, char)                       /home/r0oland/workspace/IVAT/Eclipse_IDE/Arduino_Libs/Release/libArduino.a(WString.o)
String::setCharAt(unsigned int, char)             /home/r0oland/workspace/IVAT/Eclipse_IDE/Arduino_Libs/Release/libArduino.a(WString.o)
String::startsWith(String const&) const           /home/r0oland/workspace/IVAT/Eclipse_IDE/Arduino_Libs/Release/libArduino.a(WString.o)
String::startsWith(String const&, unsigned int) const /home/r0oland/workspace/IVAT/Eclipse_IDE/Arduino_Libs/Release/libArduino.a(WString.o)
String::substring(unsigned int) const             /home/r0oland/workspace/IVAT/Eclipse_IDE/Arduino_Libs/Release/libArduino.a(WString.o)
String::substring(unsigned int, unsigned int) const /home/r0oland/workspace/IVAT/Eclipse_IDE/Arduino_Libs/Release/libArduino.a(WString.o)
String::toCharArray(char*, unsigned int)          /home/r0oland/workspace/IVAT/Eclipse_IDE/Arduino_Libs/Release/libArduino.a(WString.o)
String::toLowerCase() const                       /home/r0oland/workspace/IVAT/Eclipse_IDE/Arduino_Libs/Release/libArduino.a(WString.o)
String::toUpperCase() const                       /home/r0oland/workspace/IVAT/Eclipse_IDE/Arduino_Libs/Release/libArduino.a(WString.o)
String::trim() const                              /home/r0oland/workspace/IVAT/Eclipse_IDE/Arduino_Libs/Release/libArduino.a(WString.o)
String::~String()                                 /home/r0oland/workspace/IVAT/Eclipse_IDE/Arduino_Libs/Release/libArduino.a(WString.o)
__addsf3                                          /usr/lib/gcc/avr/4.3.5/avr5/libgcc.a(_addsub_sf.o)
                                                  /home/r0oland/workspace/IVAT/Eclipse_IDE/Arduino_Libs/Release/libArduino.a(Print.o)
__bad_interrupt                                   /usr/lib/gcc/avr/4.3.5/../../../avr/lib/avr5/crtm328p.o
__brkval                                          /usr/lib/gcc/avr/4.3.5/../../../avr/lib/avr5/libc.a(malloc.o)
__bss_end                                         /usr/lib/gcc/avr/4.3.5/avr5/libgcc.a(_clear_bss.o)
__bss_start                                       /usr/lib/gcc/avr/4.3.5/avr5/libgcc.a(_clear_bss.o)
__clz_tab                                         /usr/lib/gcc/avr/4.3.5/avr5/libgcc.a(_clz.o)
                                                  /usr/lib/gcc/avr/4.3.5/avr5/libgcc.a(_clzsi2.o)
__clzsi2                                          /usr/lib/gcc/avr/4.3.5/avr5/libgcc.a(_clzsi2.o)
                                                  /usr/lib/gcc/avr/4.3.5/avr5/libgcc.a(_usi_to_sf.o)
                                                  /usr/lib/gcc/avr/4.3.5/avr5/libgcc.a(_si_to_sf.o)
__ctors_end                                       /usr/lib/gcc/avr/4.3.5/avr5/libgcc.a(_ctors.o)
__ctors_start                                     /usr/lib/gcc/avr/4.3.5/avr5/libgcc.a(_ctors.o)
__ctype_isfalse                                   /usr/lib/gcc/avr/4.3.5/../../../avr/lib/avr5/libc.a(cty_isfalse.o)
                                                  /usr/lib/gcc/avr/4.3.5/../../../avr/lib/avr5/libc.a(isspace.o)
__ctype_istrue                                    /usr/lib/gcc/avr/4.3.5/../../../avr/lib/avr5/libc.a(cty_isfalse.o)
__cxa_pure_virtual                                /home/r0oland/workspace/IVAT/Eclipse_IDE/Arduino_Libs/Release/libArduino.a(missing.o)
                                                  /home/r0oland/workspace/IVAT/Eclipse_IDE/Arduino_Libs/Release/libArduino.a(Print.o)
__data_end                                        /usr/lib/gcc/avr/4.3.5/avr5/libgcc.a(_copy_data.o)
__data_load_start                                 /usr/lib/gcc/avr/4.3.5/avr5/libgcc.a(_copy_data.o)
__data_start                                      /usr/lib/gcc/avr/4.3.5/avr5/libgcc.a(_copy_data.o)
__divsf3                                          /usr/lib/gcc/avr/4.3.5/avr5/libgcc.a(_div_sf.o)
                                                  /home/r0oland/workspace/IVAT/Eclipse_IDE/Arduino_Libs/Release/libArduino.a(Print.o)
__do_clear_bss                                    /usr/lib/gcc/avr/4.3.5/avr5/libgcc.a(_clear_bss.o)
                                                  /usr/lib/gcc/avr/4.3.5/../../../avr/lib/avr5/libc.a(malloc.o)
                                                  /home/r0oland/workspace/IVAT/Eclipse_IDE/Arduino_Libs/Release/libArduino.a(wiring.o)
                                                  /home/r0oland/workspace/IVAT/Eclipse_IDE/Arduino_Libs/Release/libArduino.a(WString.o)
                                                  ./main.o
                                                  ./functions.o
__do_copy_data                                    /usr/lib/gcc/avr/4.3.5/avr5/libgcc.a(_copy_data.o)
                                                  /usr/lib/gcc/avr/4.3.5/../../../avr/lib/avr5/libc.a(malloc.o)
                                                  /usr/lib/gcc/avr/4.3.5/avr5/libgcc.a(_clz.o)
                                                  /usr/lib/gcc/avr/4.3.5/avr5/libgcc.a(_thenan_sf.o)
                                                  /home/r0oland/workspace/IVAT/Eclipse_IDE/Arduino_Libs/Release/libArduino.a(WString.o)
                                                  /home/r0oland/workspace/IVAT/Eclipse_IDE/Arduino_Libs/Release/libArduino.a(Print.o)
                                                  ./main.o
                                                  ./LiquidCrystal.o
__do_global_ctors                                 /usr/lib/gcc/avr/4.3.5/avr5/libgcc.a(_ctors.o)
                                                  ./main.o
                                                  ./functions.o
__epilogue_restores__                             /usr/lib/gcc/avr/4.3.5/avr5/libgcc.a(_epilogue.o)
                                                  /usr/lib/gcc/avr/4.3.5/avr5/libgcc.a(_usi_to_sf.o)
                                                  /usr/lib/gcc/avr/4.3.5/avr5/libgcc.a(_sf_to_si.o)
                                                  /usr/lib/gcc/avr/4.3.5/avr5/libgcc.a(_si_to_sf.o)
                                                  /usr/lib/gcc/avr/4.3.5/avr5/libgcc.a(_lt_sf.o)
                                                  /usr/lib/gcc/avr/4.3.5/avr5/libgcc.a(_ge_sf.o)
                                                  /usr/lib/gcc/avr/4.3.5/avr5/libgcc.a(_div_sf.o)
                                                  /usr/lib/gcc/avr/4.3.5/avr5/libgcc.a(_mul_sf.o)
                                                  /usr/lib/gcc/avr/4.3.5/avr5/libgcc.a(_addsub_sf.o)
__fixsfsi                                         /usr/lib/gcc/avr/4.3.5/avr5/libgcc.a(_sf_to_si.o)
                                                  /usr/lib/gcc/avr/4.3.5/avr5/libgcc.a(_fixunssfsi.o)
                                                  /home/r0oland/workspace/IVAT/Eclipse_IDE/Arduino_Libs/Release/libArduino.a(Print.o)
__fixunssfsi                                      /usr/lib/gcc/avr/4.3.5/avr5/libgcc.a(_fixunssfsi.o)
                                                  /home/r0oland/workspace/IVAT/Eclipse_IDE/Arduino_Libs/Release/libArduino.a(Print.o)
__floatsisf                                       /usr/lib/gcc/avr/4.3.5/avr5/libgcc.a(_si_to_sf.o)
                                                  /home/r0oland/workspace/IVAT/Eclipse_IDE/Arduino_Libs/Release/libArduino.a(Print.o)
__floatunsisf                                     /usr/lib/gcc/avr/4.3.5/avr5/libgcc.a(_usi_to_sf.o)
                                                  /home/r0oland/workspace/IVAT/Eclipse_IDE/Arduino_Libs/Release/libArduino.a(Print.o)
__flp                                             /usr/lib/gcc/avr/4.3.5/../../../avr/lib/avr5/libc.a(malloc.o)
__fpcmp_parts_f                                   /usr/lib/gcc/avr/4.3.5/avr5/libgcc.a(_fpcmp_parts_sf.o)
                                                  /usr/lib/gcc/avr/4.3.5/avr5/libgcc.a(_lt_sf.o)
                                                  /usr/lib/gcc/avr/4.3.5/avr5/libgcc.a(_ge_sf.o)
__gesf2                                           /usr/lib/gcc/avr/4.3.5/avr5/libgcc.a(_ge_sf.o)
                                                  /usr/lib/gcc/avr/4.3.5/avr5/libgcc.a(_fixunssfsi.o)
__heap_end                                        /usr/lib/gcc/avr/4.3.5/../../../avr/lib/avr5/crtm328p.o
                                                  /usr/lib/gcc/avr/4.3.5/../../../avr/lib/avr5/libc.a(malloc.o)
__heap_start                                      /usr/lib/gcc/avr/4.3.5/../../../avr/lib/avr5/libc.a(malloc.o)
__init                                            /usr/lib/gcc/avr/4.3.5/../../../avr/lib/avr5/crtm328p.o
__ltsf2                                           /usr/lib/gcc/avr/4.3.5/avr5/libgcc.a(_lt_sf.o)
                                                  /home/r0oland/workspace/IVAT/Eclipse_IDE/Arduino_Libs/Release/libArduino.a(Print.o)
__malloc_heap_end                                 /usr/lib/gcc/avr/4.3.5/../../../avr/lib/avr5/libc.a(malloc.o)
__malloc_heap_start                               /usr/lib/gcc/avr/4.3.5/../../../avr/lib/avr5/libc.a(malloc.o)
__malloc_margin                                   /usr/lib/gcc/avr/4.3.5/../../../avr/lib/avr5/libc.a(malloc.o)
__mulsf3                                          /usr/lib/gcc/avr/4.3.5/avr5/libgcc.a(_mul_sf.o)
                                                  /home/r0oland/workspace/IVAT/Eclipse_IDE/Arduino_Libs/Release/libArduino.a(Print.o)
__pack_f                                          /usr/lib/gcc/avr/4.3.5/avr5/libgcc.a(_pack_sf.o)
                                                  /usr/lib/gcc/avr/4.3.5/avr5/libgcc.a(_usi_to_sf.o)
                                                  /usr/lib/gcc/avr/4.3.5/avr5/libgcc.a(_si_to_sf.o)
                                                  /usr/lib/gcc/avr/4.3.5/avr5/libgcc.a(_div_sf.o)
                                                  /usr/lib/gcc/avr/4.3.5/avr5/libgcc.a(_mul_sf.o)
                                                  /usr/lib/gcc/avr/4.3.5/avr5/libgcc.a(_addsub_sf.o)
__prologue_saves__                                /usr/lib/gcc/avr/4.3.5/avr5/libgcc.a(_prologue.o)
                                                  /usr/lib/gcc/avr/4.3.5/avr5/libgcc.a(_usi_to_sf.o)
                                                  /usr/lib/gcc/avr/4.3.5/avr5/libgcc.a(_sf_to_si.o)
                                                  /usr/lib/gcc/avr/4.3.5/avr5/libgcc.a(_si_to_sf.o)
                                                  /usr/lib/gcc/avr/4.3.5/avr5/libgcc.a(_lt_sf.o)
                                                  /usr/lib/gcc/avr/4.3.5/avr5/libgcc.a(_ge_sf.o)
                                                  /usr/lib/gcc/avr/4.3.5/avr5/libgcc.a(_div_sf.o)
                                                  /usr/lib/gcc/avr/4.3.5/avr5/libgcc.a(_mul_sf.o)
                                                  /usr/lib/gcc/avr/4.3.5/avr5/libgcc.a(_addsub_sf.o)
__stack                                           /usr/lib/gcc/avr/4.3.5/../../../avr/lib/avr5/crtm328p.o
__subsf3                                          /usr/lib/gcc/avr/4.3.5/avr5/libgcc.a(_addsub_sf.o)
                                                  /usr/lib/gcc/avr/4.3.5/avr5/libgcc.a(_fixunssfsi.o)
                                                  /home/r0oland/workspace/IVAT/Eclipse_IDE/Arduino_Libs/Release/libArduino.a(Print.o)
__tablejump2__                                    /usr/lib/gcc/avr/4.3.5/avr5/libgcc.a(_tablejump.o)
__tablejump__                                     /usr/lib/gcc/avr/4.3.5/avr5/libgcc.a(_tablejump.o)
                                                  /usr/lib/gcc/avr/4.3.5/avr5/libgcc.a(_ctors.o)
__thenan_sf                                       /usr/lib/gcc/avr/4.3.5/avr5/libgcc.a(_thenan_sf.o)
                                                  /usr/lib/gcc/avr/4.3.5/avr5/libgcc.a(_div_sf.o)
                                                  /usr/lib/gcc/avr/4.3.5/avr5/libgcc.a(_mul_sf.o)
                                                  /usr/lib/gcc/avr/4.3.5/avr5/libgcc.a(_addsub_sf.o)
__udivmodhi4                                      /usr/lib/gcc/avr/4.3.5/avr5/libgcc.a(_udivmodhi4.o)
                                                  /usr/lib/gcc/avr/4.3.5/../../../avr/lib/avr5/libc.a(itoa.o)
__udivmodsi4                                      /usr/lib/gcc/avr/4.3.5/avr5/libgcc.a(_udivmodsi4.o)
                                                  /usr/lib/gcc/avr/4.3.5/../../../avr/lib/avr5/libc.a(ultoa.o)
                                                  /usr/lib/gcc/avr/4.3.5/../../../avr/lib/avr5/libc.a(ltoa.o)
                                                  /home/r0oland/workspace/IVAT/Eclipse_IDE/Arduino_Libs/Release/libArduino.a(Print.o)
__unpack_f                                        /usr/lib/gcc/avr/4.3.5/avr5/libgcc.a(_unpack_sf.o)
                                                  /usr/lib/gcc/avr/4.3.5/avr5/libgcc.a(_sf_to_si.o)
                                                  /usr/lib/gcc/avr/4.3.5/avr5/libgcc.a(_lt_sf.o)
                                                  /usr/lib/gcc/avr/4.3.5/avr5/libgcc.a(_ge_sf.o)
                                                  /usr/lib/gcc/avr/4.3.5/avr5/libgcc.a(_div_sf.o)
                                                  /usr/lib/gcc/avr/4.3.5/avr5/libgcc.a(_mul_sf.o)
                                                  /usr/lib/gcc/avr/4.3.5/avr5/libgcc.a(_addsub_sf.o)
__vector_1                                        /usr/lib/gcc/avr/4.3.5/../../../avr/lib/avr5/crtm328p.o
__vector_10                                       /usr/lib/gcc/avr/4.3.5/../../../avr/lib/avr5/crtm328p.o
__vector_11                                       /usr/lib/gcc/avr/4.3.5/../../../avr/lib/avr5/crtm328p.o
__vector_12                                       /usr/lib/gcc/avr/4.3.5/../../../avr/lib/avr5/crtm328p.o
__vector_13                                       /usr/lib/gcc/avr/4.3.5/../../../avr/lib/avr5/crtm328p.o
__vector_14                                       /usr/lib/gcc/avr/4.3.5/../../../avr/lib/avr5/crtm328p.o
__vector_15                                       /usr/lib/gcc/avr/4.3.5/../../../avr/lib/avr5/crtm328p.o
__vector_16                                       /home/r0oland/workspace/IVAT/Eclipse_IDE/Arduino_Libs/Release/libArduino.a(wiring.o)
                                                  /usr/lib/gcc/avr/4.3.5/../../../avr/lib/avr5/crtm328p.o
__vector_17                                       /usr/lib/gcc/avr/4.3.5/../../../avr/lib/avr5/crtm328p.o
__vector_18                                       /usr/lib/gcc/avr/4.3.5/../../../avr/lib/avr5/crtm328p.o
__vector_19                                       /usr/lib/gcc/avr/4.3.5/../../../avr/lib/avr5/crtm328p.o
__vector_2                                        /usr/lib/gcc/avr/4.3.5/../../../avr/lib/avr5/crtm328p.o
__vector_20                                       /usr/lib/gcc/avr/4.3.5/../../../avr/lib/avr5/crtm328p.o
__vector_21                                       /usr/lib/gcc/avr/4.3.5/../../../avr/lib/avr5/crtm328p.o
__vector_22                                       /usr/lib/gcc/avr/4.3.5/../../../avr/lib/avr5/crtm328p.o
__vector_23                                       /usr/lib/gcc/avr/4.3.5/../../../avr/lib/avr5/crtm328p.o
__vector_24                                       /usr/lib/gcc/avr/4.3.5/../../../avr/lib/avr5/crtm328p.o
__vector_25                                       /usr/lib/gcc/avr/4.3.5/../../../avr/lib/avr5/crtm328p.o
__vector_3                                        /usr/lib/gcc/avr/4.3.5/../../../avr/lib/avr5/crtm328p.o
__vector_4                                        /usr/lib/gcc/avr/4.3.5/../../../avr/lib/avr5/crtm328p.o
__vector_5                                        /usr/lib/gcc/avr/4.3.5/../../../avr/lib/avr5/crtm328p.o
__vector_6                                        /usr/lib/gcc/avr/4.3.5/../../../avr/lib/avr5/crtm328p.o
__vector_7                                        /usr/lib/gcc/avr/4.3.5/../../../avr/lib/avr5/crtm328p.o
__vector_8                                        /usr/lib/gcc/avr/4.3.5/../../../avr/lib/avr5/crtm328p.o
__vector_9                                        /usr/lib/gcc/avr/4.3.5/../../../avr/lib/avr5/crtm328p.o
__vector_default                                  /usr/lib/gcc/avr/4.3.5/../../../avr/lib/avr5/crtm328p.o
__vectors                                         /usr/lib/gcc/avr/4.3.5/../../../avr/lib/avr5/crtm328p.o
_exit                                             /usr/lib/gcc/avr/4.3.5/avr5/libgcc.a(_exit.o)
amount                                            ./main.o
change_config_state(state*, unsigned char, unsigned long*) ./functions.o
control_config(state*, all_times*)                ./functions.o
control_state(state*, all_times*)                 ./functions.o
                                                  ./main.o
currentAmount                                     ./main.o
delay                                             /home/r0oland/workspace/IVAT/Eclipse_IDE/Arduino_Libs/Release/libArduino.a(wiring.o)
delayMicroseconds                                 /home/r0oland/workspace/IVAT/Eclipse_IDE/Arduino_Libs/Release/libArduino.a(wiring.o)
                                                  ./LiquidCrystal.o
digitalRead                                       /home/r0oland/workspace/IVAT/Eclipse_IDE/Arduino_Libs/Release/libArduino.a(wiring_digital.o)
                                                  ./functions.o
digitalWrite                                      /home/r0oland/workspace/IVAT/Eclipse_IDE/Arduino_Libs/Release/libArduino.a(wiring_digital.o)
                                                  ./LiquidCrystal.o
digital_pin_to_bit_mask_PGM                       /home/r0oland/workspace/IVAT/Eclipse_IDE/Arduino_Libs/Release/libArduino.a(pins_arduino.o)
                                                  /home/r0oland/workspace/IVAT/Eclipse_IDE/Arduino_Libs/Release/libArduino.a(wiring_digital.o)
digital_pin_to_port_PGM                           /home/r0oland/workspace/IVAT/Eclipse_IDE/Arduino_Libs/Release/libArduino.a(pins_arduino.o)
                                                  /home/r0oland/workspace/IVAT/Eclipse_IDE/Arduino_Libs/Release/libArduino.a(wiring_digital.o)
digital_pin_to_timer_PGM                          /home/r0oland/workspace/IVAT/Eclipse_IDE/Arduino_Libs/Release/libArduino.a(pins_arduino.o)
                                                  /home/r0oland/workspace/IVAT/Eclipse_IDE/Arduino_Libs/Release/libArduino.a(wiring_digital.o)
exit                                              /usr/lib/gcc/avr/4.3.5/avr5/libgcc.a(_exit.o)
                                                  /usr/lib/gcc/avr/4.3.5/../../../avr/lib/avr5/crtm328p.o
free                                              /usr/lib/gcc/avr/4.3.5/../../../avr/lib/avr5/libc.a(malloc.o)
                                                  /home/r0oland/workspace/IVAT/Eclipse_IDE/Arduino_Libs/Release/libArduino.a(WString.o)
init                                              /home/r0oland/workspace/IVAT/Eclipse_IDE/Arduino_Libs/Release/libArduino.a(wiring.o)
                                                  ./main.o
init_all_my_times(all_times*)                     ./functions.o
                                                  ./main.o
isspace                                           /usr/lib/gcc/avr/4.3.5/../../../avr/lib/avr5/libc.a(isspace.o)
                                                  /home/r0oland/workspace/IVAT/Eclipse_IDE/Arduino_Libs/Release/libArduino.a(WString.o)
itoa                                              /usr/lib/gcc/avr/4.3.5/../../../avr/lib/avr5/libc.a(itoa.o)
                                                  /home/r0oland/workspace/IVAT/Eclipse_IDE/Arduino_Libs/Release/libArduino.a(WString.o)
lcd                                               ./main.o
                                                  ./functions.o
ltoa                                              /usr/lib/gcc/avr/4.3.5/../../../avr/lib/avr5/libc.a(ltoa.o)
                                                  /home/r0oland/workspace/IVAT/Eclipse_IDE/Arduino_Libs/Release/libArduino.a(WString.o)
main                                              ./main.o
                                                  /usr/lib/gcc/avr/4.3.5/../../../avr/lib/avr5/crtm328p.o
malloc                                            /usr/lib/gcc/avr/4.3.5/../../../avr/lib/avr5/libc.a(malloc.o)
                                                  /home/r0oland/workspace/IVAT/Eclipse_IDE/Arduino_Libs/Release/libArduino.a(WString.o)
micros                                            /home/r0oland/workspace/IVAT/Eclipse_IDE/Arduino_Libs/Release/libArduino.a(wiring.o)
millis                                            /home/r0oland/workspace/IVAT/Eclipse_IDE/Arduino_Libs/Release/libArduino.a(wiring.o)
                                                  ./functions.o
pinMode                                           /home/r0oland/workspace/IVAT/Eclipse_IDE/Arduino_Libs/Release/libArduino.a(wiring_digital.o)
                                                  ./main.o
                                                  ./LiquidCrystal.o
port_to_input_PGM                                 /home/r0oland/workspace/IVAT/Eclipse_IDE/Arduino_Libs/Release/libArduino.a(pins_arduino.o)
                                                  /home/r0oland/workspace/IVAT/Eclipse_IDE/Arduino_Libs/Release/libArduino.a(wiring_digital.o)
port_to_mode_PGM                                  /home/r0oland/workspace/IVAT/Eclipse_IDE/Arduino_Libs/Release/libArduino.a(pins_arduino.o)
                                                  /home/r0oland/workspace/IVAT/Eclipse_IDE/Arduino_Libs/Release/libArduino.a(wiring_digital.o)
port_to_output_PGM                                /home/r0oland/workspace/IVAT/Eclipse_IDE/Arduino_Libs/Release/libArduino.a(pins_arduino.o)
                                                  /home/r0oland/workspace/IVAT/Eclipse_IDE/Arduino_Libs/Release/libArduino.a(wiring_digital.o)
print_lcd()                                       ./functions.o
                                                  ./main.o
strcat                                            /usr/lib/gcc/avr/4.3.5/../../../avr/lib/avr5/libc.a(strcat.o)
                                                  /home/r0oland/workspace/IVAT/Eclipse_IDE/Arduino_Libs/Release/libArduino.a(WString.o)
strchr                                            /usr/lib/gcc/avr/4.3.5/../../../avr/lib/avr5/libc.a(strchr.o)
                                                  /home/r0oland/workspace/IVAT/Eclipse_IDE/Arduino_Libs/Release/libArduino.a(WString.o)
strcmp                                            /usr/lib/gcc/avr/4.3.5/../../../avr/lib/avr5/libc.a(strcmp.o)
                                                  /home/r0oland/workspace/IVAT/Eclipse_IDE/Arduino_Libs/Release/libArduino.a(WString.o)
strcpy                                            /usr/lib/gcc/avr/4.3.5/../../../avr/lib/avr5/libc.a(strcpy.o)
                                                  /home/r0oland/workspace/IVAT/Eclipse_IDE/Arduino_Libs/Release/libArduino.a(WString.o)
strncmp                                           /usr/lib/gcc/avr/4.3.5/../../../avr/lib/avr5/libc.a(strncmp.o)
                                                  /home/r0oland/workspace/IVAT/Eclipse_IDE/Arduino_Libs/Release/libArduino.a(WString.o)
strncpy                                           /usr/lib/gcc/avr/4.3.5/../../../avr/lib/avr5/libc.a(strncpy.o)
                                                  /home/r0oland/workspace/IVAT/Eclipse_IDE/Arduino_Libs/Release/libArduino.a(WString.o)
strrchr                                           /usr/lib/gcc/avr/4.3.5/../../../avr/lib/avr5/libc.a(strrchr.o)
                                                  /home/r0oland/workspace/IVAT/Eclipse_IDE/Arduino_Libs/Release/libArduino.a(WString.o)
strrev                                            /usr/lib/gcc/avr/4.3.5/../../../avr/lib/avr5/libc.a(strrev.o)
                                                  /usr/lib/gcc/avr/4.3.5/../../../avr/lib/avr5/libc.a(ultoa.o)
                                                  /usr/lib/gcc/avr/4.3.5/../../../avr/lib/avr5/libc.a(ltoa.o)
                                                  /usr/lib/gcc/avr/4.3.5/../../../avr/lib/avr5/libc.a(itoa.o)
strstr                                            /usr/lib/gcc/avr/4.3.5/../../../avr/lib/avr5/libc.a(strstr.o)
                                                  /home/r0oland/workspace/IVAT/Eclipse_IDE/Arduino_Libs/Release/libArduino.a(WString.o)
timer0_millis                                     /home/r0oland/workspace/IVAT/Eclipse_IDE/Arduino_Libs/Release/libArduino.a(wiring.o)
timer0_overflow_count                             /home/r0oland/workspace/IVAT/Eclipse_IDE/Arduino_Libs/Release/libArduino.a(wiring.o)
tolower                                           /usr/lib/gcc/avr/4.3.5/../../../avr/lib/avr5/libc.a(tolower.o)
                                                  /home/r0oland/workspace/IVAT/Eclipse_IDE/Arduino_Libs/Release/libArduino.a(WString.o)
toupper                                           /usr/lib/gcc/avr/4.3.5/../../../avr/lib/avr5/libc.a(toupper.o)
                                                  /home/r0oland/workspace/IVAT/Eclipse_IDE/Arduino_Libs/Release/libArduino.a(WString.o)
ultoa                                             /usr/lib/gcc/avr/4.3.5/../../../avr/lib/avr5/libc.a(ultoa.o)
                                                  /home/r0oland/workspace/IVAT/Eclipse_IDE/Arduino_Libs/Release/libArduino.a(WString.o)
vtable for LiquidCrystal                          ./LiquidCrystal.o
vtable for Print                                  /home/r0oland/workspace/IVAT/Eclipse_IDE/Arduino_Libs/Release/libArduino.a(Print.o)
